Component: ARM Compiler 5.06 update 7 (build 960) Tool: armlink [4d3601]

==============================================================================

Section Cross References

    startup_stm32f407xx.o(RESET) refers to startup_stm32f407xx.o(STACK) for __initial_sp
    startup_stm32f407xx.o(RESET) refers to startup_stm32f407xx.o(.text) for Reset_Handler
    startup_stm32f407xx.o(RESET) refers to stm32f4xx_it.o(i.NMI_Handler) for NMI_Handler
    startup_stm32f407xx.o(RESET) refers to stm32f4xx_it.o(i.HardFault_Handler) for HardFault_Handler
    startup_stm32f407xx.o(RESET) refers to stm32f4xx_it.o(i.MemManage_Handler) for MemManage_Handler
    startup_stm32f407xx.o(RESET) refers to stm32f4xx_it.o(i.BusFault_Handler) for BusFault_Handler
    startup_stm32f407xx.o(RESET) refers to stm32f4xx_it.o(i.UsageFault_Handler) for UsageFault_Handler
    startup_stm32f407xx.o(RESET) refers to port.o(.emb_text) for SVC_Handler
    startup_stm32f407xx.o(RESET) refers to stm32f4xx_it.o(i.DebugMon_Handler) for DebugMon_Handler
    startup_stm32f407xx.o(RESET) refers to port.o(i.SysTick_Handler) for SysTick_Handler
    startup_stm32f407xx.o(RESET) refers to stm32f4xx_it.o(i.EXTI0_IRQHandler) for EXTI0_IRQHandler
    startup_stm32f407xx.o(RESET) refers to stm32f4xx_it.o(i.EXTI3_IRQHandler) for EXTI3_IRQHandler
    startup_stm32f407xx.o(RESET) refers to stm32f4xx_it.o(i.EXTI4_IRQHandler) for EXTI4_IRQHandler
    startup_stm32f407xx.o(RESET) refers to stm32f4xx_it.o(i.DMA1_Stream1_IRQHandler) for DMA1_Stream1_IRQHandler
    startup_stm32f407xx.o(RESET) refers to stm32f4xx_it.o(i.CAN1_RX0_IRQHandler) for CAN1_RX0_IRQHandler
    startup_stm32f407xx.o(RESET) refers to stm32f4xx_it.o(i.EXTI9_5_IRQHandler) for EXTI9_5_IRQHandler
    startup_stm32f407xx.o(RESET) refers to stm32f4xx_it.o(i.TIM2_IRQHandler) for TIM2_IRQHandler
    startup_stm32f407xx.o(RESET) refers to bsp_referee.o(i.USART1_IRQHandler) for USART1_IRQHandler
    startup_stm32f407xx.o(RESET) refers to remote_control.o(i.USART3_IRQHandler) for USART3_IRQHandler
    startup_stm32f407xx.o(RESET) refers to stm32f4xx_it.o(i.DMA2_Stream1_IRQHandler) for DMA2_Stream1_IRQHandler
    startup_stm32f407xx.o(RESET) refers to ins_task.o(i.DMA2_Stream2_IRQHandler) for DMA2_Stream2_IRQHandler
    startup_stm32f407xx.o(RESET) refers to stm32f4xx_it.o(i.DMA2_Stream3_IRQHandler) for DMA2_Stream3_IRQHandler
    startup_stm32f407xx.o(RESET) refers to stm32f4xx_it.o(i.CAN2_RX0_IRQHandler) for CAN2_RX0_IRQHandler
    startup_stm32f407xx.o(RESET) refers to stm32f4xx_it.o(i.OTG_FS_IRQHandler) for OTG_FS_IRQHandler
    startup_stm32f407xx.o(RESET) refers to stm32f4xx_it.o(i.DMA2_Stream5_IRQHandler) for DMA2_Stream5_IRQHandler
    startup_stm32f407xx.o(.text) refers to system_stm32f4xx.o(i.SystemInit) for SystemInit
    startup_stm32f407xx.o(.text) refers to entry.o(.ARM.Collect$$$$00000000) for __main
    main.o(i.HAL_TIM_PeriodElapsedCallback) refers to stm32f4xx_hal.o(i.HAL_IncTick) for HAL_IncTick
    main.o(i.SystemClock_Config) refers to memseta.o(.text) for __aeabi_memclr4
    main.o(i.SystemClock_Config) refers to stm32f4xx_hal_rcc.o(i.HAL_RCC_OscConfig) for HAL_RCC_OscConfig
    main.o(i.SystemClock_Config) refers to main.o(i.Error_Handler) for Error_Handler
    main.o(i.SystemClock_Config) refers to stm32f4xx_hal_rcc.o(i.HAL_RCC_ClockConfig) for HAL_RCC_ClockConfig
    main.o(i.main) refers to stm32f4xx_hal.o(i.HAL_Init) for HAL_Init
    main.o(i.main) refers to main.o(i.SystemClock_Config) for SystemClock_Config
    main.o(i.main) refers to gpio.o(i.MX_GPIO_Init) for MX_GPIO_Init
    main.o(i.main) refers to dma.o(i.MX_DMA_Init) for MX_DMA_Init
    main.o(i.main) refers to can.o(i.MX_CAN1_Init) for MX_CAN1_Init
    main.o(i.main) refers to can.o(i.MX_CAN2_Init) for MX_CAN2_Init
    main.o(i.main) refers to spi.o(i.MX_SPI1_Init) for MX_SPI1_Init
    main.o(i.main) refers to tim.o(i.MX_TIM4_Init) for MX_TIM4_Init
    main.o(i.main) refers to tim.o(i.MX_TIM5_Init) for MX_TIM5_Init
    main.o(i.main) refers to tim.o(i.MX_TIM8_Init) for MX_TIM8_Init
    main.o(i.main) refers to i2c.o(i.MX_I2C3_Init) for MX_I2C3_Init
    main.o(i.main) refers to rtc.o(i.MX_RTC_Init) for MX_RTC_Init
    main.o(i.main) refers to tim.o(i.MX_TIM3_Init) for MX_TIM3_Init
    main.o(i.main) refers to usart.o(i.MX_USART3_UART_Init) for MX_USART3_UART_Init
    main.o(i.main) refers to tim.o(i.MX_TIM1_Init) for MX_TIM1_Init
    main.o(i.main) refers to tim.o(i.MX_TIM10_Init) for MX_TIM10_Init
    main.o(i.main) refers to adc.o(i.MX_ADC1_Init) for MX_ADC1_Init
    main.o(i.main) refers to adc.o(i.MX_ADC3_Init) for MX_ADC3_Init
    main.o(i.main) refers to usart.o(i.MX_USART6_UART_Init) for MX_USART6_UART_Init
    main.o(i.main) refers to usart.o(i.MX_USART1_UART_Init) for MX_USART1_UART_Init
    main.o(i.main) refers to bsp_dwt.o(i.DWT_Init) for DWT_Init
    main.o(i.main) refers to usb_device.o(i.MX_USB_DEVICE_Init) for MX_USB_DEVICE_Init
[...]
    transmit_a                               0x200001dc   Data           4  transmit_task.o(.data)
    transmit_c                               0x200001e0   Data           4  transmit_task.o(.data)
    erro                                     0x200001e4   Data           4  transmit_task.o(.data)
    ttt                                      0x200001e8   Data           4  transmit_task.o(.data)
    sendStatus1                              0x200001ec   Data           4  transmit_task.o(.data)
    sendStatus2                              0x200001f0   Data           4  transmit_task.o(.data)
    sendStatus3                              0x200001f4   Data           4  transmit_task.o(.data)
    L_M_speed                                0x200001f8   Data           2  shoot_task.o(.data)
    R_M_speed                                0x200001fa   Data           2  shoot_task.o(.data)
    shoot_state                              0x200001fc   Data           1  shoot_task.o(.data)
    shoot_motor_speed_set                    0x20000200   Data           4  shoot_task.o(.data)
    reversal_time                            0x20000204   Data           4  shoot_task.o(.data)
    test_limit_power                         0x20000208   Data           4  shoot_task.o(.data)
    allowable_number                         0x2000020c   Data           4  shoot_task.o(.data)
    shoot_time                               0x20000210   Data           4  shoot_task.o(.data)
    current_shoot_heat                       0x20000214   Data           4  shoot_task.o(.data)
    detect_heat                              0x20000218   Data           4  shoot_task.o(.data)
    final_bullet                             0x2000021c   Data           4  shoot_task.o(.data)
    test_detla                               0x20000220   Data           2  shoot_task.o(.data)
    s_limit_k                                0x20000224   Data           4  shoot_task.o(.data)
    s_l_k                                    0x20000228   Data           8  shoot_task.o(.data)
    vision_robot_ID                          0x20000230   Data           1  vision.o(.data)
    BMI088_ACCEL_SEN                         0x20000234   Data           4  bmi088driver.o(.data)
    BMI088_GYRO_SEN                          0x20000238   Data           4  bmi088driver.o(.data)
    gNormDiff                                0x2000023c   Data           4  bmi088driver.o(.data)
    caliCount                                0x20000240   Data           2  bmi088driver.o(.data)
    sizeof_float                             0x2000026e   Data           2  kalman_filter.o(.data)
    sizeof_double                            0x20000270   Data           2  kalman_filter.o(.data)
    CRC_INIT                                 0x20000272   Data           2  crc_t.o(.data)
    IMU_QuaternionEKF_P                      0x20000274   Data         144  quaternionekf.o(.data)
    pxCurrentTCB                             0x20000348   Data           4  tasks.o(.data)
    USBD_CDC                                 0x2000041c   Data          56  usbd_cdc.o(.data)
    __microlib_freelist                      0x20000454   Data           4  mvars.o(.data)
    __microlib_freelist_initialised          0x20000458   Data           4  mvars.o(.data)
    hadc1                                    0x20000b08   Data          72  adc.o(.bss)
    hadc3                                    0x20000b50   Data          72  adc.o(.bss)
    hcan1                                    0x20000b98   Data          40  can.o(.bss)
    hcan2                                    0x20000bc0   Data          40  can.o(.bss)
    hi2c3                                    0x20000be8   Data          84  i2c.o(.bss)
    hiwdg                                    0x20000c3c   Data          12  iwdg.o(.bss)
    hrtc                                     0x20000c48   Data          32  rtc.o(.bss)
    hspi1                                    0x20000c68   Data          88  spi.o(.bss)
    hdma_spi1_rx                             0x20000cc0   Data          96  spi.o(.bss)
    hdma_spi1_tx                             0x20000d20   Data          96  spi.o(.bss)
    htim1                                    0x20000d80   Data          72  tim.o(.bss)
    htim3                                    0x20000dc8   Data          72  tim.o(.bss)
    htim4                                    0x20000e10   Data          72  tim.o(.bss)
    htim5                                    0x20000e58   Data          72  tim.o(.bss)
    htim8                                    0x20000ea0   Data          72  tim.o(.bss)
    htim10                                   0x20000ee8   Data          72  tim.o(.bss)
    huart1                                   0x20000f30   Data          72  usart.o(.bss)
    huart3                                   0x20000f78   Data          72  usart.o(.bss)
    huart6                                   0x20000fc0   Data          72  usart.o(.bss)
    hdma_usart1_rx                           0x20001008   Data          96  usart.o(.bss)
    hdma_usart3_rx                           0x20001068   Data          96  usart.o(.bss)
    hdma_usart6_rx                           0x200010c8   Data          96  usart.o(.bss)
    hUsbDeviceFS                             0x20001128   Data         732  usb_device.o(.bss)
    hpcd_USB_OTG_FS                          0x20001404   Data        1252  usbd_conf.o(.bss)
    USBD_StrDesc                             0x20001b08   Data         512  usbd_desc.o(.bss)
    User_RE_Buf                              0x20001d08   Data          14  usbd_cdc_if.o(.bss)
    UserRxBufferFS                           0x20001d16   Data        2048  usbd_cdc_if.o(.bss)
    UserTxBufferFS                           0x20002516   Data        2048  usbd_cdc_if.o(.bss)
    htim2                                    0x20002d18   Data          72  stm32f4xx_hal_timebase_tim.o(.bss)
    gimbal_motor_fdb                         0x20002d60   Data          20  bsp_can.o(.bss)
    shoot_FR_motor_fdb                       0x20002d74   Data          20  bsp_can.o(.bss)
    shoot_ST_motor_fdb                       0x20002d88   Data          10  bsp_can.o(.bss)
    Chassis_Can2_Referee                     0x20002d94   Data          20  bsp_can.o(.bss)
    motor_relative_angle_fdb                 0x20002da8   Data          12  bsp_can.o(.bss)
    gimbal_motor_time                        0x20002db4   Data          16  bsp_can.o(.bss)
    chassis_speed                            0x20002dc4   Data          12  bsp_can.o(.bss)
    NEW_rc_data                              0x20002dd0   Data          21  bsp_referee.o(.bss)
    REF                                      0x20002de6   Data         418  bsp_referee.o(.bss)
    Usart1_Buffer_Rx                         0x20002f88   Data         200  bsp_referee.o(.bss)
    gimbal                                   0x20003050   Data         512  gimbal_task.o(.bss)
    New_Rc_Data                              0x20003250   Data          21  gimbal_task.o(.bss)
    Gimbal_REF                               0x20003266   Data         418  gimbal_task.o(.bss)
    gimbal_shell_pid                         0x20003408   Data         136  gimbal_task.o(.bss)
    gimbal_core_pid                          0x20003490   Data         176  gimbal_task.o(.bss)
    vision_shell_pid                         0x20003540   Data         176  gimbal_task.o(.bss)
    vision_core_pid                          0x200035f0   Data         176  gimbal_task.o(.bss)
    follow_pid                               0x200036a0   Data          88  gimbal_task.o(.bss)
    PITCH_Ave                                0x200036f8   Data          16  gimbal_task.o(.bss)
    stab_Ave                                 0x20003708   Data          16  gimbal_task.o(.bss)
    vision_yaw_Ave                           0x20003718   Data          16  gimbal_task.o(.bss)
    shell_yaw_Ave                            0x20003728   Data          16  gimbal_task.o(.bss)
    M_Ave                                    0x20003738   Data          48  gimbal_task.o(.bss)
    M_pitch_stab_Ave                         0x20003768   Data          48  gimbal_task.o(.bss)
    absolte_angle_zero                       0x20003798   Data          12  gimbal_task.o(.bss)
    IMU_angle_fdb                            0x200037a4   Data          12  ins_task.o(.bss)
    IMU_gyro_fdb                             0x200037b0   Data          12  ins_task.o(.bss)
    IMU_accel_fdb                            0x200037bc   Data          12  ins_task.o(.bss)
    IMU_Param                                0x200037c8   Data          28  ins_task.o(.bss)
    INS                                      0x200037e4   Data         132  ins_task.o(.bss)
    bmi088_real_data                         0x20003868   Data          64  ins_task.o(.bss)
    accel_dma_rx_buf                         0x200038a8   Data           9  ins_task.o(.bss)
    rc_ctrl                                  0x2000390c   Data          22  remote_control.o(.bss)
    shoot                                    0x2000396c   Data         172  shoot_task.o(.bss)
    shoot_new_rc_data                        0x20003a18   Data          21  shoot_task.o(.bss)
    sh_vision_data                           0x20003a30   Data          36  shoot_task.o(.bss)
    sh_referee                               0x20003a54   Data         418  shoot_task.o(.bss)
    SHOOT_LIMIT                              0x20003bf8   Data          24  shoot_task.o(.bss)
    FR_motor_pid                             0x20003c10   Data         176  shoot_task.o(.bss)
    ST_motor_pid                             0x20003cc0   Data          88  shoot_task.o(.bss)
    fr_Var_Mean                              0x20003d18   Data          64  shoot_task.o(.bss)
    Vision_Data                              0x20003d58   Data          36  vision.o(.bss)
    vision_IMU_angle                         0x20003d7c   Data          12  vision.o(.bss)
    vision_Ave                               0x20003d88   Data          96  vision.o(.bss)
    gyroDiff                                 0x20003de8   Data          12  bmi088driver.o(.bss)
    QEKF_INS                                 0x20003df8   Data         480  quaternionekf.o(.bss)
    IMU_QuaternionEKF_K                      0x20003fd8   Data          72  quaternionekf.o(.bss)
    IMU_QuaternionEKF_H                      0x20004020   Data          72  quaternionekf.o(.bss)
    xQueueRegistry                           0x20004068   Data          64  queue.o(.bss)
    __heap_base                              0x2000a2a8   Data           0  startup_stm32f407xx.o(HEAP)
    __heap_limit                             0x2000c2a8   Data           0  startup_stm32f407xx.o(HEAP)
    __initial_sp                             0x2000e2a8   Data           0  startup_stm32f407xx.o(STACK)



==============================================================================

Memory Map of the image

  Image Entry point : 0x08000189

  Load Region LR_IROM1 (Base: 0x08000000, Size: 0x0001690c, Max: 0x00100000, ABSOLUTE, COMPRESSED[0x000165fc])

    Execution Region ER_IROM1 (Exec base: 0x08000000, Load base: 0x08000000, Size: 0x000164ac, Max: 0x00100000, ABSOLUTE)

    Exec Addr    Load Addr    Size         Type   Attr      Idx    E Section Name        Object

    0x08000000   0x08000000   0x00000188   Data   RO            3    RESET               startup_stm32f407xx.o
    0x08000188   0x08000188   0x00000000   Code   RO        11162  * .ARM.Collect$$$$00000000  mc_w.l(entry.o)
    0x08000188   0x08000188   0x00000004   Code   RO        11273    .ARM.Collect$$$$00000001  mc_w.l(entry2.o)
    0x0800018c   0x0800018c   0x00000004   Code   RO        11276    .ARM.Collect$$$$00000004  mc_w.l(entry5.o)
    0x08000190   0x08000190   0x00000000   Code   RO        11278    .ARM.Collect$$$$00000008  mc_w.l(entry7b.o)
    0x08000190   0x08000190   0x00000000   Code   RO        11280    .ARM.Collect$$$$0000000A  mc_w.l(entry8b.o)
    0x08000190   0x08000190   0x00000008   Code   RO        11281    .ARM.Collect$$$$0000000B  mc_w.l(entry9a.o)
    0x08000198   0x08000198   0x00000004   Code   RO        11288    .ARM.Collect$$$$0000000E  mc_w.l(entry12b.o)
    0x0800019c   0x0800019c   0x00000000   Code   RO        11283    .ARM.Collect$$$$0000000F  mc_w.l(entry10a.o)
    0x0800019c   0x0800019c   0x00000000   Code   RO        11285    .ARM.Collect$$$$00000011  mc_w.l(entry11a.o)
    0x0800019c   0x0800019c   0x00000004   Code   RO        11274    .ARM.Collect$$$$00002712  mc_w.l(entry2.o)
    0x080001a0   0x080001a0   0x000000be   Code   RO        10262    .emb_text           port.o
    0x0800025e   0x0800025e   0x00000002   PAD
    0x08000260   0x08000260   0x00000024   Code   RO            4    .text               startup_stm32f407xx.o
    0x08000284   0x08000284   0x00000078   Code   RO        10768    .text               arm_cortexM4lf_math.lib(arm_cos_f32.o)
    0x080002fc   0x080002fc   0x00000074   Code   RO        10821    .text               arm_cortexM4lf_math.lib(arm_sin_f32.o)
    0x08000370   0x08000370   0x00000108   Code   RO        10845    .text               arm_cortexM4lf_math.lib(arm_mat_add_f32.o)
    0x08000478   0x08000478   0x00000008   Code   RO        10869    .text               arm_cortexM4lf_math.lib(arm_mat_init_f32.o)
    0x08000480   0x08000480   0x00000530   Code   RO        10893    .text               arm_cortexM4lf_math.lib(arm_mat_inverse_f32.o)
    0x080009b0   0x080009b0   0x0000013c   Code   RO        10917    .text               arm_cortexM4lf_math.lib(arm_mat_mult_f32.o)
    0x08000aec   0x08000aec   0x00000108   Code   RO        10941    .text               arm_cortexM4lf_math.lib(arm_mat_sub_f32.o)
    0x08000bf4   0x08000bf4   0x00000114   Code   RO        10965    .text               arm_cortexM4lf_math.lib(arm_mat_trans_f32.o)
    0x08000d08   0x08000d08   0x00000062   Code   RO        11165    .text               mc_w.l(uldiv.o)
    0x08000d6a   0x08000d6a   0x00000024   Code   RO        11167    .text               mc_w.l(memcpya.o)
    0x08000d8e   0x08000d8e   0x00000024   Code   RO        11171    .text               mc_w.l(memseta.o)
    0x08000db2   0x08000db2   0x0000000e   Code   RO        11173    .text               mc_w.l(strlen.o)
    0x08000dc0   0x08000dc0   0x000000e4   Code   RO        11207    .text               mf_w.l(dmul.o)
    0x08000ea4   0x08000ea4   0x000000de   Code   RO        11209    .text               mf_w.l(ddiv.o)
    0x08000f82   0x08000f82   0x00000026   Code   RO        11215    .text               mf_w.l(f2d.o)
    0x08000fa8   0x08000fa8   0x00000030   Code   RO        11217    .text               mf_w.l(cdcmple.o)
    0x08000fd8   0x08000fd8   0x00000030   Code   RO        11219    .text               mf_w.l(cdrcmple.o)
    0x08001008   0x08001008   0x00000038   Code   RO        11221    .text               mf_w.l(d2f.o)
    0x08001040   0x08001040   0x0000001e   Code   RO        11289    .text               mc_w.l(llshl.o)
    0x0800105e   0x0800105e   0x00000020   Code   RO        11291    .text               mc_w.l(llushr.o)
    0x0800107e   0x0800107e   0x00000000   Code   RO        11304    .text               mc_w.l(iusefp.o)
    0x0800107e   0x0800107e   0x0000006e   Code   RO        11305    .text               mf_w.l(fepilogue.o)
    0x080010ec   0x080010ec   0x000000ba   Code   RO        11307    .text               mf_w.l(depilogue.o)
    0x080011a6   0x080011a6   0x00000002   PAD
    0x080011a8   0x080011a8   0x00000024   Code   RO        11315    .text               mc_w.l(init.o)
    0x080011cc   0x080011cc   0x00000056   Code   RO        11327    .text               mc_w.l(__dczerorl2.o)
    0x08001222   0x08001222   0x00000002   PAD
    0x08001224   0x08001224   0x00000160   Code   RO         3231    i.ADC_Init          stm32f4xx_hal_adc.o
    0x08001384   0x08001384   0x00000892   Code   RO         7058    i.AGV_speed_set     gimbal_task.o
    0x08001c16   0x08001c16   0x00000030   Code   RO         8347    i.AHRS_invSqrt      ahrs_middleware.o
    0x08001c46   0x08001c46   0x00000002   PAD
    0x08001c48   0x08001c48   0x00000014   Code   RO         8004    i.BMI088_ACCEL_NS_H  bmi088middleware.o
    0x08001c5c   0x08001c5c   0x00000014   Code   RO         8005    i.BMI088_ACCEL_NS_L  bmi088middleware.o
    0x08001c70   0x08001c70   0x00000014   Code   RO         8006    i.BMI088_GYRO_NS_H  bmi088middleware.o
    0x08001c84   0x08001c84   0x00000014   Code   RO         8007    i.BMI088_GYRO_NS_L  bmi088middleware.o
    0x08001c98   0x08001c98   0x00000090   Code   RO         7863    i.BMI088_accel_read_over  bmi088driver.o
    0x08001d28   0x08001d28   0x0000000c   Code   RO         8008    i.BMI088_delay_ms   bmi088middleware.o
    0x08001d34   0x08001d34   0x0000000c   Code   RO         8009    i.BMI088_delay_us   bmi088middleware.o
    0x08001d40   0x08001d40   0x00000068   Code   RO         7864    i.BMI088_gyro_read_over  bmi088driver.o
    0x08001da8   0x08001da8   0x00000014   Code   RO         7865    i.BMI088_init       bmi088driver.o
    0x08001dbc   0x08001dbc   0x00000026   Code   RO         7869    i.BMI088_read_muli_reg  bmi088driver.o
    0x08001de2   0x08001de2   0x00000018   Code   RO         7870    i.BMI088_read_single_reg  bmi088driver.o
    0x08001dfa   0x08001dfa   0x00000002   PAD
    0x08001dfc   0x08001dfc   0x00000020   Code   RO         8010    i.BMI088_read_write_byte  bmi088middleware.o
    0x08001e1c   0x08001e1c   0x00000034   Code   RO         7871    i.BMI088_temperature_read_over  bmi088driver.o
    0x08001e50   0x08001e50   0x00000014   Code   RO         7872    i.BMI088_write_single_reg  bmi088driver.o
    0x08001e64   0x08001e64   0x0000015a   Code   RO         7246    i.BodyFrameToEarthFrame  ins_task.o
    0x08001fbe   0x08001fbe   0x00000004   Code   RO         1239    i.BusFault_Handler  stm32f4xx_it.o
    0x08001fc2   0x08001fc2   0x00000002   PAD
    0x08001fc4   0x08001fc4   0x00000068   Code   RO         7645    i.CAN1Transmit      transmit_task.o
    0x0800202c   0x0800202c   0x00000010   Code   RO         1240    i.CAN1_RX0_IRQHandler  stm32f4xx_it.o
    0x0800203c   0x0800203c   0x00000068   Code   RO         7646    i.CAN2Transmit      transmit_task.o
    0x080020a4   0x080020a4   0x00000010   Code   RO         1241    i.CAN2_RX0_IRQHandler  stm32f4xx_it.o
    0x080020b4   0x080020b4   0x000000a0   Code   RO         1182    i.CDC_Control_FS    usbd_cdc_if.o
    0x08002154   0x08002154   0x00000004   Code   RO         1183    i.CDC_DeInit_FS     usbd_cdc_if.o
    0x08002158   0x08002158   0x00000024   Code   RO         1184    i.CDC_Init_FS       usbd_cdc_if.o
    0x0800217c   0x0800217c   0x00000024   Code   RO         1185    i.CDC_Receive_FS    usbd_cdc_if.o
    0x080021a0   0x080021a0   0x0000000c   Code   RO         1186    i.CDC_TransmitCplt_FS  usbd_cdc_if.o
    0x080021ac   0x080021ac   0x00000038   Code   RO         1187    i.CDC_Transmit_FS   usbd_cdc_if.o
    0x080021e4   0x080021e4   0x0000001c   Code   RO         7059    i.Cali_buzzer       gimbal_task.o
    0x08002200   0x08002200   0x0000057c   Code   RO         7873    i.Calibrate_MPU_Offset  bmi088driver.o
    0x0800277c   0x0800277c   0x0000004c   Code   RO         8282    i.ConstrainLoop     constrain_calc.o
    0x080027c8   0x080027c8   0x00000010   Code   RO         1242    i.DMA1_Stream1_IRQHandler  stm32f4xx_it.o
    0x080027d8   0x080027d8   0x00000010   Code   RO         1243    i.DMA2_Stream1_IRQHandler  stm32f4xx_it.o
    0x080027e8   0x080027e8   0x00000898   Code   RO         7247    i.DMA2_Stream2_IRQHandler  ins_task.o
    0x08003080   0x08003080   0x00000010   Code   RO         1244    i.DMA2_Stream3_IRQHandler  stm32f4xx_it.o
    0x08003090   0x08003090   0x00000010   Code   RO         1245    i.DMA2_Stream5_IRQHandler  stm32f4xx_it.o
    0x080030a0   0x080030a0   0x00000034   Code   RO         2532    i.DMA_CalcBaseAndBitshift  stm32f4xx_hal_dma.o
    0x080030d4   0x080030d4   0x000000aa   Code   RO         2533    i.DMA_CheckFifoParam  stm32f4xx_hal_dma.o
    0x0800317e   0x0800317e   0x0000002c   Code   RO         2534    i.DMA_SetConfig     stm32f4xx_hal_dma.o
    0x080031aa   0x080031aa   0x00000002   PAD
    0x080031ac   0x080031ac   0x00000030   Code   RO         6911    i.DWT_CNT_Update    bsp_dwt.o
    0x080031dc   0x080031dc   0x0000003c   Code   RO         6912    i.DWT_Delay         bsp_dwt.o
    0x08003218   0x08003218   0x0000004c   Code   RO         6913    i.DWT_GetDeltaT     bsp_dwt.o
    0x08003264   0x08003264   0x00000054   Code   RO         6916    i.DWT_GetTimeline_s  bsp_dwt.o
    0x080032b8   0x080032b8   0x00000068   Code   RO         6918    i.DWT_Init          bsp_dwt.o
    0x08003320   0x08003320   0x000000d0   Code   RO         6919    i.DWT_SysTimeUpdate  bsp_dwt.o
    0x080033f0   0x080033f0   0x00000002   Code   RO         1246    i.DebugMon_Handler  stm32f4xx_it.o
    0x080033f2   0x080033f2   0x0000000a   Code   RO         1247    i.EXTI0_IRQHandler  stm32f4xx_it.o
    0x080033fc   0x080033fc   0x0000000a   Code   RO         1248    i.EXTI3_IRQHandler  stm32f4xx_it.o
    0x08003406   0x08003406   0x0000000a   Code   RO         1249    i.EXTI4_IRQHandler  stm32f4xx_it.o
    0x08003410   0x08003410   0x0000000a   Code   RO         1250    i.EXTI9_5_IRQHandler  stm32f4xx_it.o
    0x0800341a   0x0800341a   0x0000015a   Code   RO         7248    i.EarthFrameToBodyFrame  ins_task.o
    0x08003574   0x08003574   0x00000002   Code   RO           13    i.Error_Handler     main.o
    0x08003576   0x08003576   0x00000046   Code   RO         8404    i.FLOAT_TO_INT16    data_transform.o
    0x080035bc   0x080035bc   0x0000001e   Code   RO         7758    i.Float_to_Byte     vision.o
    0x080035da   0x080035da   0x00000002   PAD
    0x080035dc   0x080035dc   0x000000f8   Code   RO         8703    i.GIMBAL_PID_Calc   pid.o
    0x080036d4   0x080036d4   0x000000f0   Code   RO         7060    i.GetDataFdb        gimbal_task.o
    0x080037c4   0x080037c4   0x00000020   Code   RO         6416    i.GetFR1Motor       bsp_can.o
    0x080037e4   0x080037e4   0x00000020   Code   RO         6417    i.GetFR2Motor       bsp_can.o
    0x08003804   0x08003804   0x00000054   Code   RO         7686    i.GetFRMotorData    shoot_task.o
    0x08003858   0x08003858   0x0000001c   Code   RO         7249    i.GetIMUPitchAccelFdb  ins_task.o
    0x08003874   0x08003874   0x0000001c   Code   RO         7250    i.GetIMUPitchAngleFdb  ins_task.o
    0x08003890   0x08003890   0x0000001c   Code   RO         7251    i.GetIMUPitchGyroFdb  ins_task.o
    0x080038ac   0x080038ac   0x0000001c   Code   RO         7252    i.GetIMUYawAccelFdb  ins_task.o
    0x080038c8   0x080038c8   0x0000001c   Code   RO         7253    i.GetIMUYawAngleFdb  ins_task.o
    0x080038e4   0x080038e4   0x0000001c   Code   RO         7254    i.GetIMUYawGyroFdb  ins_task.o
    0x08003900   0x08003900   0x0000001c   Code   RO         6418    i.GetMotorPitchRelativeAngle  bsp_can.o
    0x0800391c   0x0800391c   0x0000001c   Code   RO         6419    i.GetMotorYawRelativeAngle  bsp_can.o
    0x08003938   0x08003938   0x00000020   Code   RO         6420    i.GetPitchMotorFdb  bsp_can.o
    0x08003958   0x08003958   0x0000001c   Code   RO         7459    i.GetRCData         remote_control.o
    0x08003974   0x08003974   0x00000020   Code   RO         6421    i.GetSTMotor        bsp_can.o
    0x08003994   0x08003994   0x00000020   Code   RO         6422    i.GetYawMotorFdb    bsp_can.o
    0x080039b4   0x080039b4   0x00000034   Code   RO         8579    i.Get_CRC16_Check_Sum  crc_t.o
    0x080039e8   0x080039e8   0x00000024   Code   RO         8580    i.Get_CRC8_Check_Sum  crc_t.o
    0x08003a0c   0x08003a0c   0x00000010   Code   RO         7255    i.Get_Calibrate_flag  ins_task.o
    0x08003a1c   0x08003a1c   0x00000010   Code   RO         7061    i.Get_FR_State      gimbal_task.o
    0x08003a2c   0x08003a2c   0x00000020   Code   RO         7759    i.Get_IMU_Angle_Data  vision.o
    0x08003a4c   0x08003a4c   0x00000014   Code   RO         6988    i.Get_New_Rc_data   bsp_referee.o
    0x08003a60   0x08003a60   0x00000010   Code   RO         7062    i.Get_New_rc_FR_State  gimbal_task.o
    0x08003a70   0x08003a70   0x00000018   Code   RO         6989    i.Get_Referee_Data  bsp_referee.o
    0x08003a88   0x08003a88   0x00000034   Code   RO         1092    i.Get_SerialNum     usbd_desc.o
    0x08003abc   0x08003abc   0x00000010   Code   RO         6423    i.Get_one_head_angle  bsp_can.o
    0x08003acc   0x08003acc   0x0000000c   Code   RO         6424    i.Get_robot_ID      bsp_can.o
    0x08003ad8   0x08003ad8   0x00000014   Code   RO         7760    i.Get_vision_Data   vision.o
    0x08003aec   0x08003aec   0x0000023c   Code   RO         7063    i.GimbalInit        gimbal_task.o
    0x08003d28   0x08003d28   0x000000e8   Code   RO         7064    i.GimbalModeChangeControlTransit  gimbal_task.o
    0x08003e10   0x08003e10   0x0000011c   Code   RO         7065    i.GimbalModeSet     gimbal_task.o
    0x08003f2c   0x08003f2c   0x0000018c   Code   RO         3233    i.HAL_ADC_ConfigChannel  stm32f4xx_hal_adc.o
    0x080040b8   0x080040b8   0x00000068   Code   RO         3242    i.HAL_ADC_Init      stm32f4xx_hal_adc.o
    0x08004120   0x08004120   0x000000ac   Code   RO          453    i.HAL_ADC_MspInit   adc.o
    0x080041cc   0x080041cc   0x0000002a   Code   RO         3507    i.HAL_CAN_ActivateNotification  stm32f4xx_hal_can.o
    0x080041f6   0x080041f6   0x0000014a   Code   RO         3508    i.HAL_CAN_AddTxMessage  stm32f4xx_hal_can.o
    0x08004340   0x08004340   0x00000124   Code   RO         3509    i.HAL_CAN_ConfigFilter  stm32f4xx_hal_can.o
    0x08004464   0x08004464   0x00000002   Code   RO         3512    i.HAL_CAN_ErrorCallback  stm32f4xx_hal_can.o
    0x08004466   0x08004466   0x00000194   Code   RO         3515    i.HAL_CAN_GetRxMessage  stm32f4xx_hal_can.o
    0x080045fa   0x080045fa   0x0000024e   Code   RO         3519    i.HAL_CAN_IRQHandler  stm32f4xx_hal_can.o
    0x08004848   0x08004848   0x00000174   Code   RO         3520    i.HAL_CAN_Init      stm32f4xx_hal_can.o
    0x080049bc   0x080049bc   0x00000160   Code   RO          501    i.HAL_CAN_MspInit   can.o
    0x08004b1c   0x08004b1c   0x00000002   Code   RO         3527    i.HAL_CAN_RxFifo0FullCallback  stm32f4xx_hal_can.o
    0x08004b1e   0x08004b1e   0x00000002   PAD
    0x08004b20   0x08004b20   0x00000330   Code   RO         6425    i.HAL_CAN_RxFifo0MsgPendingCallback  bsp_can.o
    0x08004e50   0x08004e50   0x00000002   Code   RO         3529    i.HAL_CAN_RxFifo1FullCallback  stm32f4xx_hal_can.o
    0x08004e52   0x08004e52   0x00000002   Code   RO         3530    i.HAL_CAN_RxFifo1MsgPendingCallback  stm32f4xx_hal_can.o
    0x08004e54   0x08004e54   0x00000002   Code   RO         3531    i.HAL_CAN_SleepCallback  stm32f4xx_hal_can.o
    0x08004e56   0x08004e56   0x0000005e   Code   RO         3532    i.HAL_CAN_Start     stm32f4xx_hal_can.o
    0x08004eb4   0x08004eb4   0x00000002   Code   RO         3534    i.HAL_CAN_TxMailbox0AbortCallback  stm32f4xx_hal_can.o
    0x08004eb6   0x08004eb6   0x00000002   Code   RO         3535    i.HAL_CAN_TxMailbox0CompleteCallback  stm32f4xx_hal_can.o
    0x08004eb8   0x08004eb8   0x00000002   Code   RO         3536    i.HAL_CAN_TxMailbox1AbortCallback  stm32f4xx_hal_can.o
    0x08004eba   0x08004eba   0x00000002   Code   RO         3537    i.HAL_CAN_TxMailbox1CompleteCallback  stm32f4xx_hal_can.o
    0x08004ebc   0x08004ebc   0x00000002   Code   RO         3538    i.HAL_CAN_TxMailbox2AbortCallback  stm32f4xx_hal_can.o
    0x08004ebe   0x08004ebe   0x00000002   Code   RO         3539    i.HAL_CAN_TxMailbox2CompleteCallback  stm32f4xx_hal_can.o
    0x08004ec0   0x08004ec0   0x00000002   Code   RO         3541    i.HAL_CAN_WakeUpFromRxMsgCallback  stm32f4xx_hal_can.o
    0x08004ec2   0x08004ec2   0x00000002   PAD
    0x08004ec4   0x08004ec4   0x00000240   Code   RO         2540    i.HAL_DMA_IRQHandler  stm32f4xx_hal_dma.o
    0x08005104   0x08005104   0x000000ec   Code   RO         2541    i.HAL_DMA_Init      stm32f4xx_hal_dma.o
    0x080051f0   0x080051f0   0x00000092   Code   RO         2545    i.HAL_DMA_Start_IT  stm32f4xx_hal_dma.o
    0x08005282   0x08005282   0x00000002   PAD
    0x08005284   0x08005284   0x00000028   Code   RO         2977    i.HAL_Delay         stm32f4xx_hal.o
    0x080052ac   0x080052ac   0x000000a8   Code   RO         7256    i.HAL_GPIO_EXTI_Callback  ins_task.o
    0x08005354   0x08005354   0x0000001c   Code   RO         2427    i.HAL_GPIO_EXTI_IRQHandler  stm32f4xx_hal_gpio.o
    0x08005370   0x08005370   0x000001f4   Code   RO         2428    i.HAL_GPIO_Init     stm32f4xx_hal_gpio.o
    0x08005564   0x08005564   0x0000000c   Code   RO         2432    i.HAL_GPIO_WritePin  stm32f4xx_hal_gpio.o
    0x08005570   0x08005570   0x0000000c   Code   RO         2983    i.HAL_GetTick       stm32f4xx_hal.o
    0x0800557c   0x0800557c   0x000001d0   Code   RO         3751    i.HAL_I2C_Init      stm32f4xx_hal_i2c.o
    0x0800574c   0x0800574c   0x000000c8   Code   RO          550    i.HAL_I2C_MspInit   i2c.o
    0x08005814   0x08005814   0x0000000e   Code   RO         4236    i.HAL_IWDG_Refresh  stm32f4xx_hal_iwdg.o
    0x08005822   0x08005822   0x00000002   PAD
    0x08005824   0x08005824   0x00000018   Code   RO         2989    i.HAL_IncTick       stm32f4xx_hal.o
    0x0800583c   0x0800583c   0x0000003c   Code   RO         2990    i.HAL_Init          stm32f4xx_hal.o
    0x08005878   0x08005878   0x000000b4   Code   RO         1393    i.HAL_InitTick      stm32f4xx_hal_timebase_tim.o
    0x0800592c   0x0800592c   0x00000054   Code   RO         1369    i.HAL_MspInit       stm32f4xx_hal_msp.o
    0x08005980   0x08005980   0x00000028   Code   RO         2820    i.HAL_NVIC_EnableIRQ  stm32f4xx_hal_cortex.o
    0x080059a8   0x080059a8   0x0000007c   Code   RO         2826    i.HAL_NVIC_SetPriority  stm32f4xx_hal_cortex.o
    0x08005a24   0x08005a24   0x00000028   Code   RO         2827    i.HAL_NVIC_SetPriorityGrouping  stm32f4xx_hal_cortex.o
    0x08005a4c   0x08005a4c   0x00000002   Code   RO         1676    i.HAL_PCDEx_LPM_Callback  stm32f4xx_hal_pcd_ex.o
    0x08005a4e   0x08005a4e   0x0000000a   Code   RO         1677    i.HAL_PCDEx_SetRxFiFo  stm32f4xx_hal_pcd_ex.o
    0x08005a58   0x08005a58   0x0000004e   Code   RO         1678    i.HAL_PCDEx_SetTxFiFo  stm32f4xx_hal_pcd_ex.o
    0x08005aa6   0x08005aa6   0x0000000e   Code   RO          885    i.HAL_PCD_ConnectCallback  usbd_conf.o
    0x08005ab4   0x08005ab4   0x00000020   Code   RO          886    i.HAL_PCD_DataInStageCallback  usbd_conf.o
    0x08005ad4   0x08005ad4   0x00000020   Code   RO          887    i.HAL_PCD_DataOutStageCallback  usbd_conf.o
    0x08005af4   0x08005af4   0x0000000e   Code   RO          888    i.HAL_PCD_DisconnectCallback  usbd_conf.o
    0x08005b02   0x08005b02   0x00000042   Code   RO         1441    i.HAL_PCD_EP_Abort  stm32f4xx_hal_pcd.o
    0x08005b44   0x08005b44   0x0000006a   Code   RO         1442    i.HAL_PCD_EP_Close  stm32f4xx_hal_pcd.o
    0x08005bae   0x08005bae   0x0000007c   Code   RO         1443    i.HAL_PCD_EP_ClrStall  stm32f4xx_hal_pcd.o
    0x08005c2a   0x08005c2a   0x00000016   Code   RO         1445    i.HAL_PCD_EP_GetRxCount  stm32f4xx_hal_pcd.o
    0x08005c40   0x08005c40   0x0000008e   Code   RO         1446    i.HAL_PCD_EP_Open   stm32f4xx_hal_pcd.o
    0x08005cce   0x08005cce   0x00000046   Code   RO         1447    i.HAL_PCD_EP_Receive  stm32f4xx_hal_pcd.o
    0x08005d14   0x08005d14   0x0000008a   Code   RO         1448    i.HAL_PCD_EP_SetStall  stm32f4xx_hal_pcd.o
    0x08005d9e   0x08005d9e   0x00000048   Code   RO         1449    i.HAL_PCD_EP_Transmit  stm32f4xx_hal_pcd.o
    0x08005de6   0x08005de6   0x000006ca   Code   RO         1451    i.HAL_PCD_IRQHandler  stm32f4xx_hal_pcd.o
    0x080064b0   0x080064b0   0x00000012   Code   RO          889    i.HAL_PCD_ISOINIncompleteCallback  usbd_conf.o
    0x080064c2   0x080064c2   0x00000012   Code   RO          890    i.HAL_PCD_ISOOUTIncompleteCallback  usbd_conf.o
    0x080064d4   0x080064d4   0x0000015e   Code   RO         1454    i.HAL_PCD_Init      stm32f4xx_hal_pcd.o
    0x08006632   0x08006632   0x00000002   PAD
    0x08006634   0x08006634   0x000000a8   Code   RO          892    i.HAL_PCD_MspInit   usbd_conf.o
    0x080066dc   0x080066dc   0x00000030   Code   RO          893    i.HAL_PCD_ResetCallback  usbd_conf.o
    0x0800670c   0x0800670c   0x0000000e   Code   RO          894    i.HAL_PCD_ResumeCallback  usbd_conf.o
    0x0800671a   0x0800671a   0x0000000e   Code   RO          895    i.HAL_PCD_SOFCallback  usbd_conf.o
    0x08006728   0x08006728   0x00000034   Code   RO         1460    i.HAL_PCD_SetAddress  stm32f4xx_hal_pcd.o
    0x0800675c   0x0800675c   0x00000012   Code   RO          896    i.HAL_PCD_SetupStageCallback  usbd_conf.o
    0x0800676e   0x0800676e   0x0000004c   Code   RO         1463    i.HAL_PCD_Start     stm32f4xx_hal_pcd.o
    0x080067ba   0x080067ba   0x00000002   PAD
    0x080067bc   0x080067bc   0x00000034   Code   RO          897    i.HAL_PCD_SuspendCallback  usbd_conf.o
    0x080067f0   0x080067f0   0x000001a0   Code   RO         2134    i.HAL_RCCEx_PeriphCLKConfig  stm32f4xx_hal_rcc_ex.o
    0x08006990   0x08006990   0x00000184   Code   RO         2029    i.HAL_RCC_ClockConfig  stm32f4xx_hal_rcc.o
    0x08006b14   0x08006b14   0x00000044   Code   RO         2033    i.HAL_RCC_GetClockConfig  stm32f4xx_hal_rcc.o
    0x08006b58   0x08006b58   0x0000000c   Code   RO         2034    i.HAL_RCC_GetHCLKFreq  stm32f4xx_hal_rcc.o
    0x08006b64   0x08006b64   0x00000020   Code   RO         2036    i.HAL_RCC_GetPCLK1Freq  stm32f4xx_hal_rcc.o
    0x08006b84   0x08006b84   0x00000020   Code   RO         2037    i.HAL_RCC_GetPCLK2Freq  stm32f4xx_hal_rcc.o
    0x08006ba4   0x08006ba4   0x000000b0   Code   RO         2038    i.HAL_RCC_GetSysClockFreq  stm32f4xx_hal_rcc.o
    0x08006c54   0x08006c54   0x0000049c   Code   RO         2041    i.HAL_RCC_OscConfig  stm32f4xx_hal_rcc.o
    0x080070f0   0x080070f0   0x000000b4   Code   RO         4278    i.HAL_RTC_Init      stm32f4xx_hal_rtc.o
    0x080071a4   0x080071a4   0x00000040   Code   RO          622    i.HAL_RTC_MspInit   rtc.o
    0x080071e4   0x080071e4   0x00000038   Code   RO         4286    i.HAL_RTC_WaitForSynchro  stm32f4xx_hal_rtc.o
    0x0800721c   0x0800721c   0x000000c8   Code   RO         4678    i.HAL_SPI_Init      stm32f4xx_hal_spi.o
    0x080072e4   0x080072e4   0x00000158   Code   RO          664    i.HAL_SPI_MspInit   spi.o
    0x0800743c   0x0800743c   0x00000248   Code   RO         4687    i.HAL_SPI_TransmitReceive  stm32f4xx_hal_spi.o
    0x08007684   0x08007684   0x00000002   Code   RO         5706    i.HAL_TIMEx_BreakCallback  stm32f4xx_hal_tim_ex.o
    0x08007686   0x08007686   0x00000002   Code   RO         5707    i.HAL_TIMEx_CommutCallback  stm32f4xx_hal_tim_ex.o
    0x08007688   0x08007688   0x00000074   Code   RO         5709    i.HAL_TIMEx_ConfigBreakDeadTime  stm32f4xx_hal_tim_ex.o
    0x080076fc   0x080076fc   0x000000b4   Code   RO         5725    i.HAL_TIMEx_MasterConfigSynchronization  stm32f4xx_hal_tim_ex.o
    0x080077b0   0x080077b0   0x00000066   Code   RO         4991    i.HAL_TIM_Base_Init  stm32f4xx_hal_tim.o
    0x08007816   0x08007816   0x00000002   PAD
    0x08007818   0x08007818   0x0000011c   Code   RO          706    i.HAL_TIM_Base_MspInit  tim.o
    0x08007934   0x08007934   0x0000009c   Code   RO         4994    i.HAL_TIM_Base_Start  stm32f4xx_hal_tim.o
    0x080079d0   0x080079d0   0x000000a8   Code   RO         4996    i.HAL_TIM_Base_Start_IT  stm32f4xx_hal_tim.o
    0x08007a78   0x08007a78   0x0000010c   Code   RO         5000    i.HAL_TIM_ConfigClockSource  stm32f4xx_hal_tim.o
    0x08007b84   0x08007b84   0x00000002   Code   RO         5025    i.HAL_TIM_IC_CaptureCallback  stm32f4xx_hal_tim.o
    0x08007b86   0x08007b86   0x0000016c   Code   RO         5039    i.HAL_TIM_IRQHandler  stm32f4xx_hal_tim.o
    0x08007cf2   0x08007cf2   0x00000002   PAD
    0x08007cf4   0x08007cf4   0x000002c0   Code   RO          707    i.HAL_TIM_MspPostInit  tim.o
    0x08007fb4   0x08007fb4   0x00000002   Code   RO         5042    i.HAL_TIM_OC_DelayElapsedCallback  stm32f4xx_hal_tim.o
    0x08007fb6   0x08007fb6   0x00000104   Code   RO         5063    i.HAL_TIM_PWM_ConfigChannel  stm32f4xx_hal_tim.o
    0x080080ba   0x080080ba   0x00000066   Code   RO         5066    i.HAL_TIM_PWM_Init  stm32f4xx_hal_tim.o
    0x08008120   0x08008120   0x00000002   Code   RO         5068    i.HAL_TIM_PWM_MspInit  stm32f4xx_hal_tim.o
    0x08008122   0x08008122   0x00000002   Code   RO         5069    i.HAL_TIM_PWM_PulseFinishedCallback  stm32f4xx_hal_tim.o
    0x08008124   0x08008124   0x0000010c   Code   RO         5071    i.HAL_TIM_PWM_Start  stm32f4xx_hal_tim.o
    0x08008230   0x08008230   0x00000012   Code   RO           14    i.HAL_TIM_PeriodElapsedCallback  main.o
    0x08008242   0x08008242   0x00000002   Code   RO         5082    i.HAL_TIM_TriggerCallback  stm32f4xx_hal_tim.o
    0x08008244   0x08008244   0x00000002   Code   RO         5985    i.HAL_UARTEx_RxEventCallback  stm32f4xx_hal_uart.o
    0x08008246   0x08008246   0x00000002   Code   RO         5999    i.HAL_UART_ErrorCallback  stm32f4xx_hal_uart.o
    0x08008248   0x08008248   0x00000014   Code   RO         6001    i.HAL_UART_GetState  stm32f4xx_hal_uart.o
    0x0800825c   0x0800825c   0x00000076   Code   RO         6003    i.HAL_UART_Init     stm32f4xx_hal_uart.o
    0x080082d2   0x080082d2   0x00000002   PAD
    0x080082d4   0x080082d4   0x000002a4   Code   RO          784    i.HAL_UART_MspInit  usart.o
    0x08008578   0x08008578   0x0000002c   Code   RO         6007    i.HAL_UART_Receive_DMA  stm32f4xx_hal_uart.o
    0x080085a4   0x080085a4   0x00000002   Code   RO         6009    i.HAL_UART_RxCpltCallback  stm32f4xx_hal_uart.o
    0x080085a6   0x080085a6   0x00000002   Code   RO         6010    i.HAL_UART_RxHalfCpltCallback  stm32f4xx_hal_uart.o
    0x080085a8   0x080085a8   0x00000130   Code   RO         8494    i.H_K_R_Adjustment  kalman_filter.o
    0x080086d8   0x080086d8   0x00000004   Code   RO         1251    i.HardFault_Handler  stm32f4xx_it.o
    0x080086dc   0x080086dc   0x00000238   Code   RO         8629    i.IMU_QuaternionEKF_F_Linearization_P_Fading  quaternionekf.o
    0x08008914   0x08008914   0x00000130   Code   RO         8630    i.IMU_QuaternionEKF_Init  quaternionekf.o
    0x08008a44   0x08008a44   0x00000034   Code   RO         8631    i.IMU_QuaternionEKF_Observe  quaternionekf.o
    0x08008a78   0x08008a78   0x00000128   Code   RO         8632    i.IMU_QuaternionEKF_SetH  quaternionekf.o
    0x08008ba0   0x08008ba0   0x00000634   Code   RO         8633    i.IMU_QuaternionEKF_Update  quaternionekf.o
    0x080091d4   0x080091d4   0x00000508   Code   RO         8634    i.IMU_QuaternionEKF_xhatUpdate  quaternionekf.o
    0x080096dc   0x080096dc   0x00000078   Code   RO         7257    i.INS_Init          ins_task.o
    0x08009754   0x08009754   0x000001d8   Code   RO         7258    i.INS_task          ins_task.o
    0x0800992c   0x0800992c   0x00000022   Code   RO         8405    i.Int16ToFloat      data_transform.o
    0x0800994e   0x0800994e   0x0000003e   Code   RO         1093    i.IntToUnicode      usbd_desc.o
    0x0800998c   0x0800998c   0x0000070c   Code   RO         8495    i.Kalman_Filter_Init  kalman_filter.o
    0x0800a098   0x0800a098   0x00000050   Code   RO         8496    i.Kalman_Filter_Measure  kalman_filter.o
    0x0800a0e8   0x0800a0e8   0x00000068   Code   RO         8497    i.Kalman_Filter_P_Update  kalman_filter.o
    0x0800a150   0x0800a150   0x00000068   Code   RO         8498    i.Kalman_Filter_PminusUpdate  kalman_filter.o
    0x0800a1b8   0x0800a1b8   0x000000d2   Code   RO         8499    i.Kalman_Filter_SetK  kalman_filter.o
    0x0800a28a   0x0800a28a   0x00000002   PAD
    0x0800a28c   0x0800a28c   0x00000128   Code   RO         8500    i.Kalman_Filter_Update  kalman_filter.o
    0x0800a3b4   0x0800a3b4   0x0000007c   Code   RO         8501    i.Kalman_Filter_xhatMinusUpdate  kalman_filter.o
    0x0800a430   0x0800a430   0x00000086   Code   RO         8502    i.Kalman_Filter_xhatUpdate  kalman_filter.o
    0x0800a4b6   0x0800a4b6   0x00000002   PAD
    0x0800a4b8   0x0800a4b8   0x00000060   Code   RO         7066    i.Key_Press         gimbal_task.o
    0x0800a518   0x0800a518   0x00000070   Code   RO          454    i.MX_ADC1_Init      adc.o
    0x0800a588   0x0800a588   0x00000070   Code   RO          455    i.MX_ADC3_Init      adc.o
    0x0800a5f8   0x0800a5f8   0x00000044   Code   RO          502    i.MX_CAN1_Init      can.o
    0x0800a63c   0x0800a63c   0x00000044   Code   RO          503    i.MX_CAN2_Init      can.o
    0x0800a680   0x0800a680   0x00000098   Code   RO          428    i.MX_DMA_Init       dma.o
    0x0800a718   0x0800a718   0x00000104   Code   RO          321    i.MX_FREERTOS_Init  freertos.o
    0x0800a81c   0x0800a81c   0x00000200   Code   RO          297    i.MX_GPIO_Init      gpio.o
    0x0800aa1c   0x0800aa1c   0x0000003c   Code   RO          551    i.MX_I2C3_Init      i2c.o
    0x0800aa58   0x0800aa58   0x00000034   Code   RO          623    i.MX_RTC_Init       rtc.o
    0x0800aa8c   0x0800aa8c   0x00000048   Code   RO          665    i.MX_SPI1_Init      spi.o
    0x0800aad4   0x0800aad4   0x0000006c   Code   RO          708    i.MX_TIM10_Init     tim.o
    0x0800ab40   0x0800ab40   0x0000010c   Code   RO          709    i.MX_TIM1_Init      tim.o
    0x0800ac4c   0x0800ac4c   0x000000a4   Code   RO          710    i.MX_TIM3_Init      tim.o
    0x0800acf0   0x0800acf0   0x000000a8   Code   RO          711    i.MX_TIM4_Init      tim.o
    0x0800ad98   0x0800ad98   0x000000c4   Code   RO          712    i.MX_TIM5_Init      tim.o
    0x0800ae5c   0x0800ae5c   0x000000ec   Code   RO          713    i.MX_TIM8_Init      tim.o
    0x0800af48   0x0800af48   0x00000048   Code   RO          785    i.MX_USART1_UART_Init  usart.o
    0x0800af90   0x0800af90   0x0000003c   Code   RO          786    i.MX_USART3_UART_Init  usart.o
    0x0800afcc   0x0800afcc   0x00000038   Code   RO          787    i.MX_USART6_UART_Init  usart.o
    0x0800b004   0x0800b004   0x0000004c   Code   RO          837    i.MX_USB_DEVICE_Init  usb_device.o
    0x0800b050   0x0800b050   0x000000fc   Code   RO         8426    i.M_Ave_filter      average_filter.o
    0x0800b14c   0x0800b14c   0x00000004   Code   RO         1252    i.MemManage_Handler  stm32f4xx_it.o
    0x0800b150   0x0800b150   0x00000028   Code   RO         8283    i.MinMaxConstrain   constrain_calc.o
    0x0800b178   0x0800b178   0x00000002   Code   RO         1253    i.NMI_Handler       stm32f4xx_it.o
    0x0800b17a   0x0800b17a   0x00000002   PAD
    0x0800b17c   0x0800b17c   0x00000010   Code   RO         1254    i.OTG_FS_IRQHandler  stm32f4xx_it.o
    0x0800b18c   0x0800b18c   0x00000064   Code   RO         1467    i.PCD_EP_OutSetupPacket_int  stm32f4xx_hal_pcd.o
    0x0800b1f0   0x0800b1f0   0x00000144   Code   RO         1468    i.PCD_EP_OutXfrComplete_int  stm32f4xx_hal_pcd.o
    0x0800b334   0x0800b334   0x000000b6   Code   RO         1469    i.PCD_WriteEmptyTxFifo  stm32f4xx_hal_pcd.o
    0x0800b3ea   0x0800b3ea   0x00000002   PAD
    0x0800b3ec   0x0800b3ec   0x00000218   Code   RO         8705    i.PID_calc          pid.o
    0x0800b604   0x0800b604   0x000002f0   Code   RO         8707    i.PID_dead_zone_calc  pid.o
    0x0800b8f4   0x0800b8f4   0x00000060   Code   RO         8708    i.PID_init          pid.o
    0x0800b954   0x0800b954   0x00000108   Code   RO         7067    i.PitchAngleRefSet  gimbal_task.o
    0x0800ba5c   0x0800ba5c   0x00000046   Code   RO         7068    i.PitchPidCalc      gimbal_task.o
    0x0800baa2   0x0800baa2   0x00000002   PAD
    0x0800baa4   0x0800baa4   0x00000050   Code   RO         8284    i.PreventFullCircleConstrain  constrain_calc.o
    0x0800baf4   0x0800baf4   0x0000009c   Code   RO         6781    i.RC_Init           bsp_rc.o
    0x0800bb90   0x0800bb90   0x00000010   Code   RO         7460    i.RC_abs            remote_control.o
    0x0800bba0   0x0800bba0   0x00000088   Code   RO         7461    i.RC_data_is_error  remote_control.o
    0x0800bc28   0x0800bc28   0x0000004a   Code   RO         4289    i.RTC_EnterInitMode  stm32f4xx_hal_rtc.o
    0x0800bc72   0x0800bc72   0x0000002e   Code   RO         4290    i.RTC_ExitInitMode  stm32f4xx_hal_rtc.o
    0x0800bca0   0x0800bca0   0x00000090   Code   RO         6990    i.Referee_Read_Data  bsp_referee.o
    0x0800bd30   0x0800bd30   0x0000273c   Code   RO         6820    i.SPI1_DMA_enable   bsp_spi.o
    0x0800e46c   0x0800e46c   0x00000180   Code   RO         6821    i.SPI1_DMA_init     bsp_spi.o
    0x0800e5ec   0x0800e5ec   0x00000088   Code   RO         4716    i.SPI_EndRxTxTransaction  stm32f4xx_hal_spi.o
    0x0800e674   0x0800e674   0x000000d8   Code   RO         4721    i.SPI_WaitFlagStateUntilTimeout  stm32f4xx_hal_spi.o
    0x0800e74c   0x0800e74c   0x000000a8   Code   RO         8286    i.SectionTransform  constrain_calc.o
    0x0800e7f4   0x0800e7f4   0x00000060   Code   RO         6426    i.Sent_Shoot        bsp_can.o
    0x0800e854   0x0800e854   0x00000018   Code   RO         7687    i.ShootFRModeSet    shoot_task.o
    0x0800e86c   0x0800e86c   0x00000120   Code   RO         7688    i.Shoot_Heat_limit  shoot_task.o
    0x0800e98c   0x0800e98c   0x000000a8   Code   RO         7689    i.Shoot_Pid_Calc    shoot_task.o
    0x0800ea34   0x0800ea34   0x00000124   Code   RO         7690    i.Shoot_Speed_Set   shoot_task.o
    0x0800eb58   0x0800eb58   0x0000002c   Code   RO        10263    i.SysTick_Handler   port.o
    0x0800eb84   0x0800eb84   0x000000b8   Code   RO           15    i.SystemClock_Config  main.o
    0x0800ec3c   0x0800ec3c   0x00000064   Code   RO         6347    i.SystemInit        system_stm32f4xx.o
    0x0800eca0   0x0800eca0   0x00000010   Code   RO         1255    i.TIM2_IRQHandler   stm32f4xx_it.o
    0x0800ecb0   0x0800ecb0   0x000000e8   Code   RO         5084    i.TIM_Base_SetConfig  stm32f4xx_hal_tim.o
    0x0800ed98   0x0800ed98   0x00000022   Code   RO         5085    i.TIM_CCxChannelCmd  stm32f4xx_hal_tim.o
    0x0800edba   0x0800edba   0x00000016   Code   RO         5095    i.TIM_ETR_SetConfig  stm32f4xx_hal_tim.o
    0x0800edd0   0x0800edd0   0x00000012   Code   RO         5096    i.TIM_ITRx_SetConfig  stm32f4xx_hal_tim.o
    0x0800ede2   0x0800ede2   0x00000002   PAD
    0x0800ede4   0x0800ede4   0x00000070   Code   RO         5097    i.TIM_OC1_SetConfig  stm32f4xx_hal_tim.o
    0x0800ee54   0x0800ee54   0x0000007c   Code   RO         5098    i.TIM_OC2_SetConfig  stm32f4xx_hal_tim.o
    0x0800eed0   0x0800eed0   0x00000078   Code   RO         5099    i.TIM_OC3_SetConfig  stm32f4xx_hal_tim.o
    0x0800ef48   0x0800ef48   0x00000054   Code   RO         5100    i.TIM_OC4_SetConfig  stm32f4xx_hal_tim.o
    0x0800ef9c   0x0800ef9c   0x00000026   Code   RO         5102    i.TIM_TI1_ConfigInputStage  stm32f4xx_hal_tim.o
    0x0800efc2   0x0800efc2   0x00000028   Code   RO         5104    i.TIM_TI2_ConfigInputStage  stm32f4xx_hal_tim.o
    0x0800efea   0x0800efea   0x00000050   Code   RO         6017    i.UART_DMAError     stm32f4xx_hal_uart.o
    0x0800f03a   0x0800f03a   0x000000b4   Code   RO         6018    i.UART_DMAReceiveCplt  stm32f4xx_hal_uart.o
    0x0800f0ee   0x0800f0ee   0x00000024   Code   RO         6020    i.UART_DMARxHalfCplt  stm32f4xx_hal_uart.o
    0x0800f112   0x0800f112   0x0000006c   Code   RO         6026    i.UART_EndRxTransfer  stm32f4xx_hal_uart.o
    0x0800f17e   0x0800f17e   0x00000026   Code   RO         6028    i.UART_EndTxTransfer  stm32f4xx_hal_uart.o
    0x0800f1a4   0x0800f1a4   0x0000022c   Code   RO         6030    i.UART_SetConfig    stm32f4xx_hal_uart.o
    0x0800f3d0   0x0800f3d0   0x000000c8   Code   RO         6031    i.UART_Start_Receive_DMA  stm32f4xx_hal_uart.o
    0x0800f498   0x0800f498   0x000000d4   Code   RO         6991    i.USART1_IRQHandler  bsp_referee.o
    0x0800f56c   0x0800f56c   0x00000160   Code   RO         7462    i.USART3_IRQHandler  remote_control.o
    0x0800f6cc   0x0800f6cc   0x00000078   Code   RO        10662    i.USBD_CDC_DataIn   usbd_cdc.o
    0x0800f744   0x0800f744   0x0000003e   Code   RO        10663    i.USBD_CDC_DataOut  usbd_cdc.o
    0x0800f782   0x0800f782   0x00000002   PAD
    0x0800f784   0x0800f784   0x00000094   Code   RO        10664    i.USBD_CDC_DeInit   usbd_cdc.o
    0x0800f818   0x0800f818   0x00000038   Code   RO        10665    i.USBD_CDC_EP0_RxReady  usbd_cdc.o
    0x0800f850   0x0800f850   0x0000000c   Code   RO        10666    i.USBD_CDC_GetDeviceQualifierDescriptor  usbd_cdc.o
    0x0800f85c   0x0800f85c   0x0000003c   Code   RO        10667    i.USBD_CDC_GetFSCfgDesc  usbd_cdc.o
    0x0800f898   0x0800f898   0x00000040   Code   RO        10668    i.USBD_CDC_GetHSCfgDesc  usbd_cdc.o
    0x0800f8d8   0x0800f8d8   0x0000003c   Code   RO        10669    i.USBD_CDC_GetOtherSpeedCfgDesc  usbd_cdc.o
    0x0800f914   0x0800f914   0x00000160   Code   RO        10670    i.USBD_CDC_Init     usbd_cdc.o
    0x0800fa74   0x0800fa74   0x00000048   Code   RO        10671    i.USBD_CDC_ReceivePacket  usbd_cdc.o
    0x0800fabc   0x0800fabc   0x00000018   Code   RO        10672    i.USBD_CDC_RegisterInterface  usbd_cdc.o
    0x0800fad4   0x0800fad4   0x0000001c   Code   RO        10673    i.USBD_CDC_SetRxBuffer  usbd_cdc.o
    0x0800faf0   0x0800faf0   0x00000020   Code   RO        10674    i.USBD_CDC_SetTxBuffer  usbd_cdc.o
    0x0800fb10   0x0800fb10   0x00000110   Code   RO        10675    i.USBD_CDC_Setup    usbd_cdc.o
    0x0800fc20   0x0800fc20   0x00000054   Code   RO        10676    i.USBD_CDC_TransmitPacket  usbd_cdc.o
    0x0800fc74   0x0800fc74   0x00000014   Code   RO        10342    i.USBD_ClrClassConfig  usbd_core.o
    0x0800fc88   0x0800fc88   0x00000026   Code   RO        10504    i.USBD_ClrFeature   usbd_ctlreq.o
    0x0800fcae   0x0800fcae   0x00000004   Code   RO        10343    i.USBD_CoreFindEP   usbd_core.o
    0x0800fcb2   0x0800fcb2   0x00000004   Code   RO        10344    i.USBD_CoreFindIF   usbd_core.o
    0x0800fcb6   0x0800fcb6   0x00000010   Code   RO        10602    i.USBD_CtlContinueRx  usbd_ioreq.o
    0x0800fcc6   0x0800fcc6   0x00000010   Code   RO        10603    i.USBD_CtlContinueSendData  usbd_ioreq.o
    0x0800fcd6   0x0800fcd6   0x00000018   Code   RO        10505    i.USBD_CtlError     usbd_ctlreq.o
    0x0800fcee   0x0800fcee   0x0000001e   Code   RO        10604    i.USBD_CtlPrepareRx  usbd_ioreq.o
    0x0800fd0c   0x0800fd0c   0x00000016   Code   RO        10605    i.USBD_CtlReceiveStatus  usbd_ioreq.o
    0x0800fd22   0x0800fd22   0x0000001a   Code   RO        10606    i.USBD_CtlSendData  usbd_ioreq.o
    0x0800fd3c   0x0800fd3c   0x00000016   Code   RO        10607    i.USBD_CtlSendStatus  usbd_ioreq.o
    0x0800fd52   0x0800fd52   0x00000002   PAD
    0x0800fd54   0x0800fd54   0x00000034   Code   RO         1094    i.USBD_FS_ConfigStrDescriptor  usbd_desc.o
    0x0800fd88   0x0800fd88   0x00000010   Code   RO         1095    i.USBD_FS_DeviceDescriptor  usbd_desc.o
    0x0800fd98   0x0800fd98   0x00000038   Code   RO         1096    i.USBD_FS_InterfaceStrDescriptor  usbd_desc.o
    0x0800fdd0   0x0800fdd0   0x00000010   Code   RO         1097    i.USBD_FS_LangIDStrDescriptor  usbd_desc.o
    0x0800fde0   0x0800fde0   0x0000002c   Code   RO         1098    i.USBD_FS_ManufacturerStrDescriptor  usbd_desc.o
    0x0800fe0c   0x0800fe0c   0x00000040   Code   RO         1099    i.USBD_FS_ProductStrDescriptor  usbd_desc.o
    0x0800fe4c   0x0800fe4c   0x00000018   Code   RO         1100    i.USBD_FS_SerialStrDescriptor  usbd_desc.o
    0x0800fe64   0x0800fe64   0x00000034   Code   RO        10506    i.USBD_GetConfig    usbd_ctlreq.o
    0x0800fe98   0x0800fe98   0x000001b4   Code   RO        10507    i.USBD_GetDescriptor  usbd_ctlreq.o
    0x0801004c   0x0801004c   0x0000003c   Code   RO        10346    i.USBD_GetEpDesc    usbd_core.o
    0x08010088   0x08010088   0x00000018   Code   RO        10508    i.USBD_GetLen       usbd_ctlreq.o
    0x080100a0   0x080100a0   0x0000000e   Code   RO        10347    i.USBD_GetNextDesc  usbd_core.o
    0x080100ae   0x080100ae   0x00000036   Code   RO        10509    i.USBD_GetStatus    usbd_ctlreq.o
    0x080100e4   0x080100e4   0x00000058   Code   RO        10510    i.USBD_GetString    usbd_ctlreq.o
    0x0801013c   0x0801013c   0x0000002c   Code   RO          898    i.USBD_Get_USB_Status  usbd_conf.o
    0x08010168   0x08010168   0x00000028   Code   RO        10348    i.USBD_Init         usbd_core.o
    0x08010190   0x08010190   0x00000026   Code   RO          899    i.USBD_LL_ClearStallEP  usbd_conf.o
    0x080101b6   0x080101b6   0x00000026   Code   RO          900    i.USBD_LL_CloseEP   usbd_conf.o
    0x080101dc   0x080101dc   0x000000dc   Code   RO        10349    i.USBD_LL_DataInStage  usbd_core.o
    0x080102b8   0x080102b8   0x000000d0   Code   RO        10350    i.USBD_LL_DataOutStage  usbd_core.o
    0x08010388   0x08010388   0x00000004   Code   RO        10351    i.USBD_LL_DevConnected  usbd_core.o
    0x0801038c   0x0801038c   0x00000020   Code   RO        10352    i.USBD_LL_DevDisconnected  usbd_core.o
    0x080103ac   0x080103ac   0x00000012   Code   RO          904    i.USBD_LL_GetRxDataSize  usbd_conf.o
    0x080103be   0x080103be   0x00000002   PAD
    0x080103c0   0x080103c0   0x00000068   Code   RO          905    i.USBD_LL_Init      usbd_conf.o
    0x08010428   0x08010428   0x00000038   Code   RO          906    i.USBD_LL_IsStallEP  usbd_conf.o
    0x08010460   0x08010460   0x0000002a   Code   RO        10353    i.USBD_LL_IsoINIncomplete  usbd_core.o
    0x0801048a   0x0801048a   0x0000002a   Code   RO        10354    i.USBD_LL_IsoOUTIncomplete  usbd_core.o
    0x080104b4   0x080104b4   0x00000030   Code   RO          907    i.USBD_LL_OpenEP    usbd_conf.o
    0x080104e4   0x080104e4   0x00000030   Code   RO          908    i.USBD_LL_PrepareReceive  usbd_conf.o
    0x08010514   0x08010514   0x00000060   Code   RO        10355    i.USBD_LL_Reset     usbd_core.o
    0x08010574   0x08010574   0x00000014   Code   RO        10356    i.USBD_LL_Resume    usbd_core.o
    0x08010588   0x08010588   0x0000001a   Code   RO        10357    i.USBD_LL_SOF       usbd_core.o
    0x080105a2   0x080105a2   0x00000006   Code   RO        10358    i.USBD_LL_SetSpeed  usbd_core.o
    0x080105a8   0x080105a8   0x00000026   Code   RO          909    i.USBD_LL_SetUSBAddress  usbd_conf.o
    0x080105ce   0x080105ce   0x00000064   Code   RO        10359    i.USBD_LL_SetupStage  usbd_core.o
    0x08010632   0x08010632   0x00000026   Code   RO          910    i.USBD_LL_StallEP   usbd_conf.o
    0x08010658   0x08010658   0x0000001e   Code   RO          911    i.USBD_LL_Start     usbd_conf.o
    0x08010676   0x08010676   0x0000001a   Code   RO        10360    i.USBD_LL_Suspend   usbd_core.o
    0x08010690   0x08010690   0x00000030   Code   RO          913    i.USBD_LL_Transmit  usbd_conf.o
    0x080106c0   0x080106c0   0x00000032   Code   RO        10511    i.USBD_ParseSetupRequest  usbd_ctlreq.o
    0x080106f2   0x080106f2   0x0000003a   Code   RO        10361    i.USBD_RegisterClass  usbd_core.o
    0x0801072c   0x0801072c   0x00000004   Code   RO        10362    i.USBD_RunTestMode  usbd_core.o
    0x08010730   0x08010730   0x00000058   Code   RO        10512    i.USBD_SetAddress   usbd_ctlreq.o
    0x08010788   0x08010788   0x00000014   Code   RO        10363    i.USBD_SetClassConfig  usbd_core.o
    0x0801079c   0x0801079c   0x000000dc   Code   RO        10513    i.USBD_SetConfig    usbd_ctlreq.o
    0x08010878   0x08010878   0x00000024   Code   RO        10514    i.USBD_SetFeature   usbd_ctlreq.o
    0x0801089c   0x0801089c   0x00000004   Code   RO        10364    i.USBD_Start        usbd_core.o
    0x080108a0   0x080108a0   0x00000076   Code   RO        10515    i.USBD_StdDevReq    usbd_ctlreq.o
    0x08010916   0x08010916   0x0000022e   Code   RO        10516    i.USBD_StdEPReq     usbd_ctlreq.o
    0x08010b44   0x08010b44   0x0000008e   Code   RO        10517    i.USBD_StdItfReq    usbd_ctlreq.o
    0x08010bd2   0x08010bd2   0x00000002   Code   RO          914    i.USBD_static_free  usbd_conf.o
    0x08010bd4   0x08010bd4   0x0000000c   Code   RO          915    i.USBD_static_malloc  usbd_conf.o
    0x08010be0   0x08010be0   0x000000d0   Code   RO         1718    i.USB_ActivateEndpoint  stm32f4xx_ll_usb.o
    0x08010cb0   0x08010cb0   0x00000028   Code   RO         1720    i.USB_ActivateSetup  stm32f4xx_ll_usb.o
    0x08010cd8   0x08010cd8   0x0000008c   Code   RO         1722    i.USB_CoreInit      stm32f4xx_ll_usb.o
    0x08010d64   0x08010d64   0x00000054   Code   RO         1723    i.USB_CoreReset     stm32f4xx_ll_usb.o
    0x08010db8   0x08010db8   0x0000014c   Code   RO         1726    i.USB_DeactivateEndpoint  stm32f4xx_ll_usb.o
    0x08010f04   0x08010f04   0x00000024   Code   RO         1727    i.USB_DevConnect    stm32f4xx_ll_usb.o
    0x08010f28   0x08010f28   0x00000024   Code   RO         1728    i.USB_DevDisconnect  stm32f4xx_ll_usb.o
    0x08010f4c   0x08010f4c   0x000001e8   Code   RO         1729    i.USB_DevInit       stm32f4xx_ll_usb.o
    0x08011134   0x08011134   0x0000000e   Code   RO         1730    i.USB_DisableGlobalInt  stm32f4xx_ll_usb.o
    0x08011142   0x08011142   0x00000002   PAD
    0x08011144   0x08011144   0x00000070   Code   RO         1733    i.USB_EP0_OutStart  stm32f4xx_ll_usb.o
    0x080111b4   0x080111b4   0x0000008e   Code   RO         1734    i.USB_EPClearStall  stm32f4xx_ll_usb.o
    0x08011242   0x08011242   0x0000009a   Code   RO         1735    i.USB_EPSetStall    stm32f4xx_ll_usb.o
    0x080112dc   0x080112dc   0x000003c0   Code   RO         1736    i.USB_EPStartXfer   stm32f4xx_ll_usb.o
    0x0801169c   0x0801169c   0x000000ec   Code   RO         1737    i.USB_EPStopXfer    stm32f4xx_ll_usb.o
    0x08011788   0x08011788   0x0000000e   Code   RO         1738    i.USB_EnableGlobalInt  stm32f4xx_ll_usb.o
    0x08011796   0x08011796   0x00000050   Code   RO         1739    i.USB_FlushRxFifo   stm32f4xx_ll_usb.o
    0x080117e6   0x080117e6   0x00000054   Code   RO         1740    i.USB_FlushTxFifo   stm32f4xx_ll_usb.o
    0x0801183a   0x0801183a   0x00000026   Code   RO         1742    i.USB_GetDevSpeed   stm32f4xx_ll_usb.o
    0x08011860   0x08011860   0x0000000a   Code   RO         1744    i.USB_GetMode       stm32f4xx_ll_usb.o
    0x0801186a   0x0801186a   0x00000014   Code   RO         1752    i.USB_ReadDevAllInEpInterrupt  stm32f4xx_ll_usb.o
    0x0801187e   0x0801187e   0x00000014   Code   RO         1753    i.USB_ReadDevAllOutEpInterrupt  stm32f4xx_ll_usb.o
    0x08011892   0x08011892   0x00000032   Code   RO         1754    i.USB_ReadDevInEPInterrupt  stm32f4xx_ll_usb.o
    0x080118c4   0x080118c4   0x0000001a   Code   RO         1755    i.USB_ReadDevOutEPInterrupt  stm32f4xx_ll_usb.o
    0x080118de   0x080118de   0x0000000a   Code   RO         1756    i.USB_ReadInterrupts  stm32f4xx_ll_usb.o
    0x080118e8   0x080118e8   0x00000060   Code   RO         1757    i.USB_ReadPacket    stm32f4xx_ll_usb.o
    0x08011948   0x08011948   0x00000068   Code   RO         1759    i.USB_SetCurrentMode  stm32f4xx_ll_usb.o
    0x080119b0   0x080119b0   0x0000002a   Code   RO         1760    i.USB_SetDevAddress  stm32f4xx_ll_usb.o
    0x080119da   0x080119da   0x00000012   Code   RO         1761    i.USB_SetDevSpeed   stm32f4xx_ll_usb.o
    0x080119ec   0x080119ec   0x000000e8   Code   RO         1762    i.USB_SetTurnaroundTime  stm32f4xx_ll_usb.o
    0x08011ad4   0x08011ad4   0x00000044   Code   RO         1765    i.USB_WritePacket   stm32f4xx_ll_usb.o
    0x08011b18   0x08011b18   0x00000004   Code   RO         1256    i.UsageFault_Handler  stm32f4xx_it.o
    0x08011b1c   0x08011b1c   0x00000040   Code   RO         8581    i.Verify_CRC16_Check_Sum  crc_t.o
    0x08011b5c   0x08011b5c   0x0000002e   Code   RO         8582    i.Verify_CRC8_Check_Sum  crc_t.o
    0x08011b8a   0x08011b8a   0x00000002   PAD
    0x08011b8c   0x08011b8c   0x000001ec   Code   RO         7259    i.WHX_INS_Task      ins_task.o
    0x08011d78   0x08011d78   0x000000d0   Code   RO         7069    i.YawAngleRefSet    gimbal_task.o
    0x08011e48   0x08011e48   0x00000046   Code   RO         7070    i.YawPidCalc        gimbal_task.o
    0x08011e8e   0x08011e8e   0x00000026   Code   RO        11239    i.__ARM_fpclassifyf  m_wm.l(fpclassifyf.o)
    0x08011eb4   0x08011eb4   0x00000010   Code   RO         2833    i.__NVIC_GetPriorityGrouping  stm32f4xx_hal_cortex.o
    0x08011ec4   0x08011ec4   0x00000028   Code   RO         2834    i.__NVIC_SetPriority  stm32f4xx_hal_cortex.o
    0x08011eec   0x08011eec   0x00000118   Code   RO        11068    i.__hardfp_acosf    m_wm.l(acosf.o)
    0x08012004   0x08012004   0x0000012c   Code   RO        11080    i.__hardfp_asinf    m_wm.l(asinf.o)
    0x08012130   0x08012130   0x000002ac   Code   RO        11092    i.__hardfp_atan2f   m_wm.l(atan2f.o)
    0x080123dc   0x080123dc   0x00000014   Code   RO        11118    i.__hardfp_fabs     m_wm.l(fabs.o)
    0x080123f0   0x080123f0   0x00000006   Code   RO        11242    i.__mathlib_flt_infnan  m_wm.l(funder.o)
    0x080123f6   0x080123f6   0x00000006   Code   RO        11243    i.__mathlib_flt_infnan2  m_wm.l(funder.o)
    0x080123fc   0x080123fc   0x00000010   Code   RO        11244    i.__mathlib_flt_invalid  m_wm.l(funder.o)
    0x0801240c   0x0801240c   0x00000010   Code   RO        11247    i.__mathlib_flt_underflow  m_wm.l(funder.o)
    0x0801241c   0x0801241c   0x0000000e   Code   RO        11321    i.__scatterload_copy  mc_w.l(handlers.o)
    0x0801242a   0x0801242a   0x00000002   Code   RO        11322    i.__scatterload_null  mc_w.l(handlers.o)
    0x0801242c   0x0801242c   0x0000000e   Code   RO        11323    i.__scatterload_zeroinit  mc_w.l(handlers.o)
    0x0801243a   0x0801243a   0x00000002   PAD
    0x0801243c   0x0801243c   0x0000000c   Code   RO        11299    i.__set_errno       mc_w.l(errno.o)
    0x08012448   0x08012448   0x00000068   Code   RO         6753    i.aRGB_led_show     bsp_led.o
    0x080124b0   0x080124b0   0x00000030   Code   RO         8194    i.abs_limit         user_lib.o
    0x080124e0   0x080124e0   0x0000013c   Code   RO         7071    i.addPitchAngle     gimbal_task.o
    0x0801261c   0x0801261c   0x000000a0   Code   RO         7072    i.addYawAngle       gimbal_task.o
    0x080126bc   0x080126bc   0x00000134   Code   RO         7874    i.bmi088_accel_init  bmi088driver.o
    0x080127f0   0x080127f0   0x000000f4   Code   RO         7876    i.bmi088_gyro_init  bmi088driver.o
    0x080128e4   0x080128e4   0x00000010   Code   RO         6383    i.buzzer_off        bsp_buzzer.o
    0x080128f4   0x080128f4   0x00000014   Code   RO         6384    i.buzzer_on         bsp_buzzer.o
    0x08012908   0x08012908   0x0000005c   Code   RO         6427    i.can_filter_init   bsp_can.o
    0x08012964   0x08012964   0x00000030   Code   RO         6528    i.delay_init        bsp_delay.o
    0x08012994   0x08012994   0x00000050   Code   RO         6530    i.delay_us          bsp_delay.o
    0x080129e4   0x080129e4   0x00000094   Code   RO         7073    i.gimbal_task       gimbal_task.o
    0x08012a78   0x08012a78   0x00000178   Code   RO         7260    i.imu_cmd_spi_dma   ins_task.o
    0x08012bf0   0x08012bf0   0x0000000c   Code   RO         6722    i.imu_pwm_set       bsp_imu_pwm.o
    0x08012bfc   0x08012bfc   0x000000a4   Code   RO         7261    i.imu_temp_control  ins_task.o
    0x08012ca0   0x08012ca0   0x0000003c   Code   RO         8635    i.invSqrt           quaternionekf.o
    0x08012cdc   0x08012cdc   0x0000004c   Code   RO         7074    i.key_mode_press    gimbal_task.o
    0x08012d28   0x08012d28   0x000001b0   Code   RO         7401    i.led_RGB_flow_task  led_flow_task.o
    0x08012ed8   0x08012ed8   0x00000060   Code   RO         8202    i.loop_fp32_constrain  user_lib.o
    0x08012f38   0x08012f38   0x0000006e   Code   RO           16    i.main              main.o
    0x08012fa6   0x08012fa6   0x0000000c   Code   RO         9828    i.makeFreeRtosPriority  cmsis_os.o
    0x08012fb2   0x08012fb2   0x00000002   PAD
    0x08012fb4   0x08012fb4   0x0000006c   Code   RO        11178    i.malloc            mc_w.l(malloc.o)
    0x08013020   0x08013020   0x0000002c   Code   RO         6992    i.new_rc_read_data  bsp_referee.o
    0x0801304c   0x0801304c   0x00000010   Code   RO         9830    i.osDelay           cmsis_os.o
    0x0801305c   0x0801305c   0x0000000a   Code   RO         9833    i.osKernelStart     cmsis_os.o
    0x08013066   0x08013066   0x0000005c   Code   RO         9867    i.osThreadCreate    cmsis_os.o
    0x080130c2   0x080130c2   0x00000002   PAD
    0x080130c4   0x080130c4   0x00000024   Code   RO         9295    i.pcTaskGetName     tasks.o
    0x080130e8   0x080130e8   0x000003d0   Code   RO         7076    i.pidCalc           gimbal_task.o
    0x080134b8   0x080134b8   0x00000080   Code   RO         9296    i.prvAddCurrentTaskToDelayedList  tasks.o
    0x08013538   0x08013538   0x00000088   Code   RO         9297    i.prvAddNewTaskToReadyList  tasks.o
    0x080135c0   0x080135c0   0x0000005c   Code   RO         9660    i.prvCheckForValidListAndQueue  timers.o
    0x0801361c   0x0801361c   0x00000040   Code   RO         9298    i.prvCheckTasksWaitingTermination  tasks.o
    0x0801365c   0x0801365c   0x00000024   Code   RO         8952    i.prvCopyDataFromQueue  queue.o
    0x08013680   0x08013680   0x0000006e   Code   RO         8953    i.prvCopyDataToQueue  queue.o
    0x080136ee   0x080136ee   0x00000040   Code   RO         9299    i.prvDeleteTCB      tasks.o
    0x0801372e   0x0801372e   0x00000002   PAD
    0x08013730   0x08013730   0x00000024   Code   RO         9661    i.prvGetNextExpireTime  timers.o
    0x08013754   0x08013754   0x00000050   Code   RO        10207    i.prvHeapInit       heap_4.o
    0x080137a4   0x080137a4   0x00000028   Code   RO         9300    i.prvIdleTask       tasks.o
    0x080137cc   0x080137cc   0x00000018   Code   RO         8956    i.prvInitialiseNewQueue  queue.o
    0x080137e4   0x080137e4   0x00000098   Code   RO         9301    i.prvInitialiseNewTask  tasks.o
    0x0801387c   0x0801387c   0x00000060   Code   RO         9302    i.prvInitialiseTaskLists  tasks.o
    0x080138dc   0x080138dc   0x0000005c   Code   RO        10208    i.prvInsertBlockIntoFreeList  heap_4.o
    0x08013938   0x08013938   0x00000048   Code   RO         9663    i.prvInsertTimerInActiveList  timers.o
    0x08013980   0x08013980   0x0000001a   Code   RO         8957    i.prvIsQueueEmpty   queue.o
    0x0801399a   0x0801399a   0x0000001e   Code   RO         8958    i.prvIsQueueFull    queue.o
    0x080139b8   0x080139b8   0x00000068   Code   RO         9664    i.prvProcessExpiredTimer  timers.o
    0x08013a20   0x08013a20   0x00000110   Code   RO         9665    i.prvProcessReceivedCommands  timers.o
    0x08013b30   0x08013b30   0x0000006c   Code   RO         9666    i.prvProcessTimerOrBlockTask  timers.o
    0x08013b9c   0x08013b9c   0x00000024   Code   RO         9303    i.prvResetNextTaskUnblockTime  tasks.o
    0x08013bc0   0x08013bc0   0x0000002c   Code   RO         9667    i.prvSampleTimeNow  timers.o
    0x08013bec   0x08013bec   0x0000006e   Code   RO         9304    i.prvSearchForNameWithinSingleList  tasks.o
    0x08013c5a   0x08013c5a   0x00000002   PAD
    0x08013c5c   0x08013c5c   0x00000078   Code   RO         9668    i.prvSwitchTimerLists  timers.o
    0x08013cd4   0x08013cd4   0x00000030   Code   RO        10264    i.prvTaskExitError  port.o
    0x08013d04   0x08013d04   0x00000014   Code   RO         9669    i.prvTimerTask      timers.o
    0x08013d18   0x08013d18   0x00000068   Code   RO         8959    i.prvUnlockQueue    queue.o
    0x08013d80   0x08013d80   0x000000e8   Code   RO        10209    i.pvPortMalloc      heap_4.o
    0x08013e68   0x08013e68   0x0000002c   Code   RO        10265    i.pxPortInitialiseStack  port.o
    0x08013e94   0x08013e94   0x00000014   Code   RO         7464    i.remote_control_init  remote_control.o
    0x08013ea8   0x08013ea8   0x00000104   Code   RO         7465    i.sbus_to_rc        remote_control.o
    0x08013fac   0x08013fac   0x00000054   Code   RO         6428    i.sentAGVspeed      bsp_can.o
    0x08014000   0x08014000   0x000001e8   Code   RO         7078    i.sentChassis       gimbal_task.o
    0x080141e8   0x080141e8   0x00000050   Code   RO         6429    i.sentGimbal        bsp_can.o
    0x08014238   0x08014238   0x00000010   Code   RO         7691    i.shootModeSet      shoot_task.o
    0x08014248   0x08014248   0x00000098   Code   RO         7692    i.shoot_init        shoot_task.o
    0x080142e0   0x080142e0   0x00000048   Code   RO         7693    i.shoot_task        shoot_task.o
    0x08014328   0x08014328   0x0000003e   Code   RO        11152    i.sqrtf             m_wm.l(sqrtf_full.o)
    0x08014366   0x08014366   0x0000000a   Code   RO         7627    i.test_task         test_task.o
    0x08014370   0x08014370   0x000000c0   Code   RO         7647    i.transmit_Task     transmit_task.o
    0x08014430   0x08014430   0x0000015c   Code   RO         7761    i.transmit_vision_data  vision.o
    0x0801458c   0x0801458c   0x00000068   Code   RO         9308    i.ulTaskNotifyTake  tasks.o
    0x080145f4   0x080145f4   0x00000104   Code   RO         7762    i.user_USB_Receive  vision.o
    0x080146f8   0x080146f8   0x00000026   Code   RO         8912    i.uxListRemove      list.o
    0x0801471e   0x0801471e   0x00000002   PAD
    0x08014720   0x08014720   0x00000018   Code   RO          323    i.vApplicationGetIdleTaskMemory  freertos.o
    0x08014738   0x08014738   0x00000018   Code   RO          324    i.vApplicationGetTimerTaskMemory  freertos.o
    0x08014750   0x08014750   0x00000016   Code   RO         8913    i.vListInitialise   list.o
    0x08014766   0x08014766   0x00000006   Code   RO         8914    i.vListInitialiseItem  list.o
    0x0801476c   0x0801476c   0x00000036   Code   RO         8915    i.vListInsert       list.o
    0x080147a2   0x080147a2   0x00000018   Code   RO         8916    i.vListInsertEnd    list.o
    0x080147ba   0x080147ba   0x00000002   PAD
    0x080147bc   0x080147bc   0x00000040   Code   RO        10267    i.vPortEnterCritical  port.o
    0x080147fc   0x080147fc   0x0000002c   Code   RO        10268    i.vPortExitCritical  port.o
    0x08014828   0x08014828   0x00000064   Code   RO        10210    i.vPortFree         heap_4.o
    0x0801488c   0x0801488c   0x00000024   Code   RO        10269    i.vPortSetupTimerInterrupt  port.o
    0x080148b0   0x080148b0   0x00000054   Code   RO        10270    i.vPortValidateInterruptPriority  port.o
    0x08014904   0x08014904   0x00000028   Code   RO         8963    i.vQueueAddToRegistry  queue.o
    0x0801492c   0x0801492c   0x0000004a   Code   RO         8966    i.vQueueWaitForMessageRestricted  queue.o
    0x08014976   0x08014976   0x00000002   PAD
    0x08014978   0x08014978   0x00000050   Code   RO         9315    i.vTaskDelay        tasks.o
    0x080149c8   0x080149c8   0x00000010   Code   RO         9319    i.vTaskInternalSetTimeOutState  tasks.o
    0x080149d8   0x080149d8   0x0000000c   Code   RO         9320    i.vTaskMissedYield  tasks.o
    0x080149e4   0x080149e4   0x000000bc   Code   RO         9321    i.vTaskNotifyGiveFromISR  tasks.o
    0x08014aa0   0x08014aa0   0x00000034   Code   RO         9322    i.vTaskPlaceOnEventList  tasks.o
    0x08014ad4   0x08014ad4   0x0000003c   Code   RO         9323    i.vTaskPlaceOnEventListRestricted  tasks.o
    0x08014b10   0x08014b10   0x00000090   Code   RO         9330    i.vTaskStartScheduler  tasks.o
    0x08014ba0   0x08014ba0   0x00000010   Code   RO         9332    i.vTaskSuspendAll   tasks.o
    0x08014bb0   0x08014bb0   0x00000060   Code   RO         9333    i.vTaskSwitchContext  tasks.o
    0x08014c10   0x08014c10   0x00000012   Code   RO         7763    i.vision_task       vision.o
    0x08014c22   0x08014c22   0x00000002   PAD
    0x08014c24   0x08014c24   0x00000104   Code   RO        10271    i.xPortStartScheduler  port.o
    0x08014d28   0x08014d28   0x00000044   Code   RO         8969    i.xQueueGenericCreate  queue.o
    0x08014d6c   0x08014d6c   0x00000070   Code   RO         8970    i.xQueueGenericCreateStatic  queue.o
    0x08014ddc   0x08014ddc   0x00000090   Code   RO         8971    i.xQueueGenericReset  queue.o
    0x08014e6c   0x08014e6c   0x00000170   Code   RO         8972    i.xQueueGenericSend  queue.o
    0x08014fdc   0x08014fdc   0x000000be   Code   RO         8973    i.xQueueGenericSendFromISR  queue.o
    0x0801509a   0x0801509a   0x00000002   PAD
    0x0801509c   0x0801509c   0x00000148   Code   RO         8981    i.xQueueReceive     queue.o
    0x080151e4   0x080151e4   0x00000098   Code   RO         9336    i.xTaskCheckForTimeOut  tasks.o
    0x0801527c   0x0801527c   0x0000006c   Code   RO         9337    i.xTaskCreate       tasks.o
    0x080152e8   0x080152e8   0x00000060   Code   RO         9338    i.xTaskCreateStatic  tasks.o
    0x08015348   0x08015348   0x0000008c   Code   RO         9342    i.xTaskGetHandle    tasks.o
    0x080153d4   0x080153d4   0x0000001c   Code   RO         9343    i.xTaskGetSchedulerState  tasks.o
    0x080153f0   0x080153f0   0x0000000c   Code   RO         9344    i.xTaskGetTickCount  tasks.o
    0x080153fc   0x080153fc   0x000000d4   Code   RO         9346    i.xTaskIncrementTick  tasks.o
    0x080154d0   0x080154d0   0x0000009c   Code   RO         9349    i.xTaskPriorityDisinherit  tasks.o
    0x0801556c   0x0801556c   0x00000078   Code   RO         9351    i.xTaskRemoveFromEventList  tasks.o
    0x080155e4   0x080155e4   0x000000cc   Code   RO         9352    i.xTaskResumeAll    tasks.o
    0x080156b0   0x080156b0   0x00000068   Code   RO         9676    i.xTimerCreateTimerTask  timers.o
    0x08015718   0x08015718   0x00000074   Code   RO         9677    i.xTimerGenericCommand  timers.o
    0x0801578c   0x0801578c   0x000000c4   Data   RO          326    .constdata          freertos.o
    0x08015850   0x08015850   0x00000008   Data   RO         2547    .constdata          stm32f4xx_hal_dma.o
    0x08015858   0x08015858   0x00000018   Data   RO         6348    .constdata          system_stm32f4xx.o
    0x08015870   0x08015870   0x0000003c   Data   RO         7263    .constdata          ins_task.o
    0x080158ac   0x080158ac   0x00000302   Data   RO         8583    .constdata          crc_t.o
    0x08015bae   0x08015bae   0x00000002   PAD
    0x08015bb0   0x08015bb0   0x00000090   Data   RO         8637    .constdata          quaternionekf.o
    0x08015c40   0x08015c40   0x00000804   Data   RO        11045    .constdata          arm_cortexM4lf_math.lib(arm_common_tables.o)
    0x08016444   0x08016444   0x00000045   Data   RO          327    .conststring        freertos.o
    0x08016489   0x08016489   0x00000003   PAD
    0x0801648c   0x0801648c   0x00000020   Data   RO        11319    Region$$Table       anon$$obj.o


    Execution Region RW_IRAM1 (Exec base: 0x20000000, Load base: 0x080164ac, Size: 0x0000e2a8, Max: 0x00020000, ABSOLUTE, COMPRESSED[0x00000150])

    Exec Addr    Load Addr    Size         Type   Attr      Idx    E Section Name        Object

    0x20000000   COMPRESSED   0x00000028   Data   RW          328    .data               freertos.o
    0x20000028   COMPRESSED   0x00000004   Data   RW          505    .data               can.o
    0x2000002c   COMPRESSED   0x0000004e   Data   RW         1102    .data               usbd_desc.o
    0x2000007a   COMPRESSED   0x00000002   PAD
    0x2000007c   COMPRESSED   0x0000001c   Data   RW         1189    .data               usbd_cdc_if.o
    0x20000098   COMPRESSED   0x00000009   Data   RW         2997    .data               stm32f4xx_hal.o
    0x200000a1   COMPRESSED   0x00000003   PAD
    0x200000a4   COMPRESSED   0x00000004   Data   RW         6349    .data               system_stm32f4xx.o
    0x200000a8   COMPRESSED   0x00000025   Data   RW         6431    .data               bsp_can.o
    0x200000cd   COMPRESSED   0x00000003   PAD
    0x200000d0   COMPRESSED   0x00000008   Data   RW         6531    .data               bsp_delay.o
    0x200000d8   COMPRESSED   0x00000008   Data   RW         6754    .data               bsp_led.o
    0x200000e0   COMPRESSED   0x00000040   Data   RW         6920    .data               bsp_dwt.o
    0x20000120   COMPRESSED   0x00000008   Data   RW         6994    .data               bsp_referee.o
    0x20000128   COMPRESSED   0x0000002c   Data   RW         7080    .data               gimbal_task.o
    0x20000154   COMPRESSED   0x00000050   Data   RW         7264    .data               ins_task.o
    0x200001a4   COMPRESSED   0x0000001c   Data   RW         7402    .data               led_flow_task.o
    0x200001c0   COMPRESSED   0x00000016   Data   RW         7469    .data               remote_control.o
    0x200001d6   COMPRESSED   0x00000002   PAD
    0x200001d8   COMPRESSED   0x00000020   Data   RW         7648    .data               transmit_task.o
    0x200001f8   COMPRESSED   0x00000038   Data   RW         7695    .data               shoot_task.o
    0x20000230   COMPRESSED   0x00000001   Data   RW         7765    .data               vision.o
    0x20000231   COMPRESSED   0x00000003   PAD
    0x20000234   COMPRESSED   0x0000003a   Data   RW         7884    .data               bmi088driver.o
    0x2000026e   COMPRESSED   0x00000004   Data   RW         8503    .data               kalman_filter.o
    0x20000272   COMPRESSED   0x00000002   Data   RW         8584    .data               crc_t.o
    0x20000274   COMPRESSED   0x000000d4   Data   RW         8638    .data               quaternionekf.o
    0x20000348   COMPRESSED   0x0000003c   Data   RW         9355    .data               tasks.o
    0x20000384   COMPRESSED   0x00000014   Data   RW         9685    .data               timers.o
    0x20000398   COMPRESSED   0x00000020   Data   RW        10216    .data               heap_4.o
    0x200003b8   COMPRESSED   0x0000000c   Data   RW        10272    .data               port.o
    0x200003c4   COMPRESSED   0x00000001   Data   RW        10518    .data               usbd_ctlreq.o
    0x200003c5   COMPRESSED   0x00000003   PAD
    0x200003c8   COMPRESSED   0x00000053   Data   RW        10677    .data               usbd_cdc.o
    0x2000041b   COMPRESSED   0x00000001   PAD
    0x2000041c   COMPRESSED   0x00000038   Data   RW        10678    .data               usbd_cdc.o
    0x20000454   COMPRESSED   0x00000004   Data   RW        11295    .data               mc_w.l(mvars.o)
    0x20000458   COMPRESSED   0x00000004   Data   RW        11296    .data               mc_w.l(mvars.o)
    0x2000045c   COMPRESSED   0x00000004   Data   RW        11300    .data               mc_w.l(errno.o)
    0x20000460        -       0x000006a8   Zero   RW          325    .bss                freertos.o
    0x20000b08        -       0x00000090   Zero   RW          456    .bss                adc.o
    0x20000b98        -       0x00000050   Zero   RW          504    .bss                can.o
    0x20000be8        -       0x00000054   Zero   RW          552    .bss                i2c.o
    0x20000c3c        -       0x0000000c   Zero   RW          592    .bss                iwdg.o
    0x20000c48        -       0x00000020   Zero   RW          624    .bss                rtc.o
    0x20000c68        -       0x00000118   Zero   RW          666    .bss                spi.o
    0x20000d80        -       0x000001b0   Zero   RW          714    .bss                tim.o
    0x20000f30        -       0x000001f8   Zero   RW          788    .bss                usart.o
    0x20001128        -       0x000002dc   Zero   RW          838    .bss                usb_device.o
    0x20001404        -       0x00000704   Zero   RW          916    .bss                usbd_conf.o
    0x20001b08        -       0x00000200   Zero   RW         1101    .bss                usbd_desc.o
    0x20001d08        -       0x0000100e   Zero   RW         1188    .bss                usbd_cdc_if.o
    0x20002d16   COMPRESSED   0x00000002   PAD
    0x20002d18        -       0x00000048   Zero   RW         1396    .bss                stm32f4xx_hal_timebase_tim.o
    0x20002d60        -       0x00000070   Zero   RW         6430    .bss                bsp_can.o
    0x20002dd0        -       0x00000280   Zero   RW         6993    .bss                bsp_referee.o
    0x20003050        -       0x00000754   Zero   RW         7079    .bss                gimbal_task.o
    0x200037a4        -       0x00000168   Zero   RW         7262    .bss                ins_task.o
    0x2000390c        -       0x0000005e   Zero   RW         7468    .bss                remote_control.o
    0x2000396a   COMPRESSED   0x00000002   PAD
    0x2000396c        -       0x000003ec   Zero   RW         7694    .bss                shoot_task.o
    0x20003d58        -       0x00000090   Zero   RW         7764    .bss                vision.o
    0x20003de8        -       0x0000000c   Zero   RW         7882    .bss                bmi088driver.o
    0x20003df4   COMPRESSED   0x00000004   PAD
    0x20003df8        -       0x00000270   Zero   RW         8636    .bss                quaternionekf.o
    0x20004068        -       0x00000040   Zero   RW         8984    .bss                queue.o
    0x200040a8        -       0x000000f0   Zero   RW         9354    .bss                tasks.o
    0x20004198        -       0x00000110   Zero   RW         9684    .bss                timers.o
    0x200042a8        -       0x00006000   Zero   RW        10215    .bss                heap_4.o
    0x2000a2a8        -       0x00002000   Zero   RW            2    HEAP                startup_stm32f407xx.o
    0x2000c2a8        -       0x00002000   Zero   RW            1    STACK               startup_stm32f407xx.o


==============================================================================

Image component sizes


      Code (inc. data)   RO Data    RW Data    ZI Data      Debug   Object Name

       396         42          0          0        144       2438   adc.o
        48          0          0          0          0        671   ahrs_middleware.o
       252          4          0          0          0       2123   average_filter.o
      2358        128          0         58         12      11908   bmi088driver.o
       136         28          0          0          0       4003   bmi088middleware.o
        36         12          0          0          0       1033   bsp_buzzer.o
      1412        186          0         37        112      12079   bsp_can.o
       128         20          0          8          0       1396   bsp_delay.o
       580        112          0         64          0       4702   bsp_dwt.o
         0          0          0          0          0        588   bsp_flash.o
        12          4          0          0          0        522   bsp_imu_pwm.o
       104         22          0          8          0        612   bsp_led.o
       156         14          0          0          0        974   bsp_rc.o
       444         54          0          8        640      14804   bsp_referee.o
     10428        170          0          0          0       5702   bsp_spi.o
       488         44          0          4         80       2506   can.o
       130          0          0          0          0      23143   cmsis_os.o
       364         18          0          0          0       3106   constrain_calc.o
       198         16        770          2          0       3833   crc_t.o
       104          0          0          0          0       1288   data_transform.o
       152          6          0          0          0        862   dma.o
         0          0          0          0          0      18340   event_groups.o
       308         62        265         40       1704      21595   freertos.o
      6454        504          0         44       1876      34740   gimbal_task.o
       512         22          0          0          0       1295   gpio.o
       504         32          0         32      24576       5175   heap_4.o
       260         30          0          0         84       1781   i2c.o
      4868        392         60         80        360      17594   ins_task.o
         0          0          0          0         12        220   iwdg.o
      3160         26          0          4          0      23083   kalman_filter.o
       432         10          0         28          0       2293   led_flow_task.o
       144          0          0          0          0       3738   list.o
       314          8          0          0          0     790636   main.o
      1632         26          0          0          0       6457   pid.o
       814         92          0         12          0      12281   port.o
      4156        234        144        212        624      10615   quaternionekf.o
      1654         24          0          0         64      19126   queue.o
       812         62          0         22         94       6744   remote_control.o
       116         22          0          0         32       1595   rtc.o
      1096        134          0         56       1004       8339   shoot_task.o
       416         38          0          0        280       1991   spi.o
        36          8        392          0      16384        860   startup_stm32f407xx.o
       136         24          0          9          0       8878   stm32f4xx_hal.o
       852         28          0          0          0       2839   stm32f4xx_hal_adc.o
      2148          6          0          0          0      14847   stm32f4xx_hal_can.o
       260         22          0          0          0      33730   stm32f4xx_hal_cortex.o
      1224         16          8          0          0       5715   stm32f4xx_hal_dma.o
       540         50          0          0          0       2839   stm32f4xx_hal_gpio.o
       464         18          0          0          0       2191   stm32f4xx_hal_i2c.o
        14          0          0          0          0       1175   stm32f4xx_hal_iwdg.o
        84          6          0          0          0        882   stm32f4xx_hal_msp.o
      3562         16          0          0          0      14156   stm32f4xx_hal_pcd.o
        90          0          0          0          0       2529   stm32f4xx_hal_pcd_ex.o
      1888         94          0          0          0       6453   stm32f4xx_hal_rcc.o
       416         20          0          0          0       1456   stm32f4xx_hal_rcc_ex.o
       356          8          0          0          0       3407   stm32f4xx_hal_rtc.o
      1136         14          0          0          0       4769   stm32f4xx_hal_spi.o
      2522        172          0          0          0      17873   stm32f4xx_hal_tim.o
       300         30          0          0          0       3469   stm32f4xx_hal_tim_ex.o
       180         18          0          0         72       1515   stm32f4xx_hal_timebase_tim.o
      1388         24          0          0          0      10426   stm32f4xx_hal_uart.o
       188         48          0          0          0       9041   stm32f4xx_it.o
      3894         84          0          0          0      23560   stm32f4xx_ll_usb.o
       100         18         24          4          0       1227   system_stm32f4xx.o
      2858        238          0         60        240      33719   tasks.o
        10          0          0          0          0        540   test_task.o
      2128        164          0          0        432       7011   tim.o
      1088         94          0         20        272      31299   timers.o
       400         54          0         32          0       3196   transmit_task.o
       864         86          0          0        504       3473   usart.o
        76         16          0          0        732       2627   usb_device.o
      1446         40          0        139          0      15113   usbd_cdc.o
       304         30          0         28       4110       4492   usbd_cdc_if.o
      1004         24          0          0       1796      17488   usbd_conf.o
      1050          0          0          0          0      16937   usbd_core.o
      1928         28          0          1          0      18364   usbd_ctlreq.o
       386        122          0         78        512       6877   usbd_desc.o
       132          0          0          0          0       4688   usbd_ioreq.o
       144          0          0          0          0       2542   user_lib.o
       708         38          0          1        144       5057   vision.o

    ----------------------------------------------------------------------
     81952       4256       1700       1108      56904    1433191   Object Totals
         0          0         32          0          0          0   (incl. Generated)
        70          0          5         17          8          0   (incl. Padding)

    ----------------------------------------------------------------------

      Code (inc. data)   RO Data    RW Data    ZI Data      Debug   Library Member Name

         0          0       2052          0          0       4636   arm_common_tables.o
       120         12          0          0          0      16970   arm_cos_f32.o
       264          0          0          0          0       1482   arm_mat_add_f32.o
         8          0          0          0          0        843   arm_mat_init_f32.o
      1328          4          0          0          0       2718   arm_mat_inverse_f32.o
       316          4          0          0          0       1627   arm_mat_mult_f32.o
       264          0          0          0          0       1482   arm_mat_sub_f32.o
       276          0          0          0          0       1516   arm_mat_trans_f32.o
       116         12          0          0          0        658   arm_sin_f32.o
       280         46          0          0          0        176   acosf.o
       300         42          0          0          0        176   asinf.o
       684         90          0          0          0        208   atan2f.o
        20          0          0          0          0        124   fabs.o
        38          0          0          0          0        116   fpclassifyf.o
        44         12          0          0          0        464   funder.o
        62          0          0          0          0        136   sqrtf_full.o
        86          0          0          0          0          0   __dczerorl2.o
         0          0          0          0          0          0   entry.o
         0          0          0          0          0          0   entry10a.o
         0          0          0          0          0          0   entry11a.o
         4          0          0          0          0          0   entry12b.o
         8          4          0          0          0          0   entry2.o
         4          0          0          0          0          0   entry5.o
         0          0          0          0          0          0   entry7b.o
         0          0          0          0          0          0   entry8b.o
         8          4          0          0          0          0   entry9a.o
        12          6          0          4          0         68   errno.o
        30          0          0          0          0          0   handlers.o
        36          8          0          0          0         68   init.o
         0          0          0          0          0          0   iusefp.o
        30          0          0          0          0         68   llshl.o
        32          0          0          0          0         68   llushr.o
       108         16          0          0          0         84   malloc.o
        36          0          0          0          0         68   memcpya.o
        36          0          0          0          0        108   memseta.o
         0          0          0          8          0          0   mvars.o
        14          0          0          0          0         68   strlen.o
        98          0          0          0          0         92   uldiv.o
        48          0          0          0          0         68   cdcmple.o
        48          0          0          0          0         68   cdrcmple.o
        56          0          0          0          0         88   d2f.o
       222          0          0          0          0        100   ddiv.o
       186          0          0          0          0        176   depilogue.o
       228          0          0          0          0         96   dmul.o
        38          0          0          0          0         68   f2d.o
       110          0          0          0          0        168   fepilogue.o

    ----------------------------------------------------------------------
      5604        260       2052         12          0      34856   Library Totals
         6          0          0          0          0          0   (incl. Padding)

    ----------------------------------------------------------------------

      Code (inc. data)   RO Data    RW Data    ZI Data      Debug   Library Name

      2692         32       2052          0          0      31932   arm_cortexM4lf_math.lib
      1428        190          0          0          0       1400   m_wm.l
       542         38          0         12          0        692   mc_w.l
       936          0          0          0          0        832   mf_w.l

    ----------------------------------------------------------------------
      5604        260       2052         12          0      34856   Library Totals

    ----------------------------------------------------------------------

==============================================================================


      Code (inc. data)   RO Data    RW Data    ZI Data      Debug   

     87556       4516       3752       1120      56904    1415903   Grand Totals
     87556       4516       3752        336      56904    1415903   ELF Image Totals (compressed)
     87556       4516       3752        336          0          0   ROM Totals

==============================================================================

    Total RO  Size (Code + RO Data)                91308 (  89.17kB)
    Total RW  Size (RW Data + ZI Data)             58024 (  56.66kB)
    Total ROM Size (Code + RO Data + RW Data)      91644 (  89.50kB)

==============================================================================

