<html>
<body>
<pre>
<h1>µVision Build Log</h1>
<h2>Tool Versions:</h2>
IDE-Version: ¦ÌVision V5.36.0.0
Copyright (C) 2021 ARM Ltd and ARM Germany GmbH. All rights reserved.
License Information: Bronya Zaychik, Hyperian, LIC=GMZI6-DR2XL-01VP1-CZDMW-3FT8V-5BI1B
 
Tool Versions:
Toolchain:       MDK-ARM Plus  Version: 5.36.0.0
Toolchain Path:  D:\Program Files\Keil_v5\ARM\ARMCC\Bin
C Compiler:      Armcc.exe V5.06 update 7 (build 960)
Assembler:       Armasm.exe V5.06 update 7 (build 960)
Linker/Locator:  ArmLink.exe V5.06 update 7 (build 960)
Library Manager: ArmAr.exe V5.06 update 7 (build 960)
Hex Converter:   FromElf.exe V5.06 update 7 (build 960)
CPU DLL:         SARMCM3.DLL V5.36.0.0
Dialog DLL:      DCM.DLL V1.17.3.0
Target DLL:      CMSIS_AGDI.dll V1.33.0.0
Dialog DLL:      TCM.DLL V1.53.0.0
 
<h2>Project:</h2>
e:\serialist\workplace\robomaster\project\omni\v1.1.1\gimbal\MDK-ARM\gimbal_task.uvprojx
Project File Date:  10/04/2025

<h2>Output:</h2>
*** Using Compiler 'V5.06 update 7 (build 960)', folder: 'D:\Program Files\Keil_v5\ARM\ARMCC\Bin'
Rebuild target 'gimbal_task'
assembling startup_stm32f407xx.s...
compiling stm32f4xx_hal_gpio.c...
compiling iwdg.c...
compiling stm32f4xx_hal_pcd_ex.c...
compiling stm32f4xx_hal_flash_ramfunc.c...
compiling usbd_conf.c...
compiling usb_device.c...
compiling stm32f4xx_it.c...
compiling i2c.c...
compiling stm32f4xx_hal_dma_ex.c...
compiling stm32f4xx_hal_pcd.c...
compiling dma.c...
compiling rtc.c...
compiling usart.c...
compiling gpio.c...
compiling tim.c...
compiling can.c...
compiling usbd_cdc_if.c...
compiling stm32f4xx_hal_pwr.c...
compiling stm32f4xx_hal_rcc_ex.c...
compiling stm32f4xx_hal_timebase_tim.c...
compiling stm32f4xx_hal_flash.c...
compiling spi.c...
compiling usbd_desc.c...
compiling stm32f4xx_hal_dma.c...
compiling stm32f4xx_hal_msp.c...
compiling stm32f4xx_hal_pwr_ex.c...
compiling stm32f4xx_hal_rcc.c...
compiling main.c...
../Src/main.c(131): warning:  #223-D: function "can_filter_init" declared implicitly
    can_filter_init();
../Src/main.c(132): warning:  #223-D: function "delay_init" declared implicitly
    delay_init();
../Src/main.c: 2 warnings, 0 errors
compiling stm32f4xx_hal_flash_ex.c...
compiling adc.c...
compiling stm32f4xx_ll_usb.c...
compiling stm32f4xx_ll_adc.c...
compiling freertos.c...
compiling led_flow_task.c...
compiling test_task.c...
compiling stm32f4xx_hal.c...
compiling stm32f4xx_hal_adc_ex.c...
compiling bsp_flash.c...
compiling stm32f4xx_hal_cortex.c...
compiling stm32f4xx_hal_spi.c...
compiling stm32f4xx_hal_iwdg.c...
compiling bsp_referee.c...
compiling stm32f4xx_hal_exti.c...
compiling system_stm32f4xx.c...
compiling BMI088driver.c...
compiling stm32f4xx_hal_i2c_ex.c...
compiling ist8310driver.c...
compiling stm32f4xx_hal_rtc_ex.c...
compiling stm32f4xx_hal_tim_ex.c...
compiling stm32f4xx_hal_rtc.c...
compiling stm32f4xx_hal_can.c...
compiling stm32f4xx_hal_uart.c...
compiling bsp_dwt.c...
..\bsp\boards\bsp_dwt.c(2): warning:  #9-D: nested comment is not allowed
  /*==============================================================================
..\bsp\boards\bsp_dwt.c: 1 warning, 0 errors
compiling bsp_buzzer.c...
compiling HWT906.c...
compiling bsp_led.c...
compiling bsp_spi.c...
compiling user_lib.c...
compiling bsp_delay.c...
compiling bsp_can.c...
..\bsp\boards\bsp_can.c(293): warning:  #1-D: last line of file ends without a newline
    ==============================================================================*/
..\bsp\boards\bsp_can.c: 1 warning, 0 errors
compiling transmit_task.c...
compiling constrain_calc.c...
..\components\algorithm\constrain_calc.c(121): warning:  #111-D: statement is unreachable
  	fdb_set_err=set-fdb;
..\components\algorithm\constrain_calc.c(128): warning:  #111-D: statement is unreachable
  		fdb_set_err=set-fdb;
..\components\algorithm\constrain_calc.c: 2 warnings, 0 errors
compiling remote_control.c...
..\application\remote_control.c(266): warning:  #223-D: function "xTaskGetTickCount" declared implicitly
  	rc_time = xTaskGetTickCount();
..\application\remote_control.c: 1 warning, 0 errors
compiling bsp_adc.c...
compiling stm32f4xx_hal_i2c.c...
compiling AHRS_middleware.c...
..\components\algorithm\AHRS_middleware.c(58): warning:  #223-D: function "sqrtf" declared implicitly
      return sqrtf(num);
..\components\algorithm\AHRS_middleware.c(79): warning:  #223-D: function "arm_sin_f32" declared implicitly
      return arm_sin_f32(angle);
..\components\algorithm\AHRS_middleware.c(90): warning:  #223-D: function "arm_cos_f32" declared implicitly
      return arm_cos_f32(angle);
..\components\algorithm\AHRS_middleware.c(102): warning:  #223-D: function "tanf" declared implicitly
      return tanf(angle);
..\components\algorithm\AHRS_middleware.c(114): warning:  #223-D: function "asinf" declared implicitly
      return asinf(sin);
..\components\algorithm\AHRS_middleware.c(127): warning:  #223-D: function "acosf" declared implicitly
      return acosf(cos);
..\components\algorithm\AHRS_middleware.c(140): warning:  #223-D: function "atan2f" declared implicitly
      return atan2f(y, x);
..\components\algorithm\AHRS_middleware.c: 7 warnings, 0 errors
compiling data_transform.c...
..\components\algorithm\data_transform.c(28): warning:  #940-D: missing return statement at end of non-void function "FLOAT_TO_INT16" 
  }
..\components\algorithm\data_transform.c: 1 warning, 0 errors
compiling bsp_imu_pwm.c...
compiling stm32f4xx_hal_adc.c...
compiling average_filter.c...
..\components\algorithm\average_filter.c(113): warning:  #111-D: statement is unreachable
  per_input=input;
..\components\algorithm\average_filter.c: 1 warning, 0 errors
compiling crc_t.c...
compiling bsp_rc.c...
compiling pid.c...
compiling fuzzyPID.c...
compiling INS_task.c...
compiling stm32f4xx_hal_tim.c...
compiling croutine.c...
compiling list.c...
compiling event_groups.c...
compiling queue.c...
compiling stream_buffer.c...
compiling gimbal_task.c...
..\application\gimbal_task.c(590): warning:  #1035-D: single-precision operand implicitly converted to double-precision
  				if(ABS(gimbal_shell_pid[YAW].err[0])>0.2)
..\application\gimbal_task.c(624): warning:  #1035-D: single-precision operand implicitly converted to double-precision
  					if(ABS(vision_shell_pid[PITCH].error[0])>0.1)
..\application\gimbal_task.c(653): warning:  #1035-D: single-precision operand implicitly converted to double-precision
  				if(ABS(vision_shell_pid[YAW].error[0])>0.1)
..\application\gimbal_task.c(729): warning:  #1035-D: single-precision operand implicitly converted to double-precision
  			if(ABS(follow_pid.error[0])>0.5)
..\application\gimbal_task.c(742): warning:  #1035-D: single-precision operand implicitly converted to double-precision
  			if(ABS(follow_pid.error[0])>0.5)
..\application\gimbal_task.c: 5 warnings, 0 errors
compiling timers.c...
compiling heap_4.c...
compiling shoot_task.c...
compiling tasks.c...
compiling cmsis_os.c...
compiling port.c...
compiling BMI088Middleware.c...
..\components\devices\BMI088Middleware.c(16): warning:  #223-D: function "osDelay" declared implicitly
      osDelay(ms);
..\components\devices\BMI088Middleware.c(24): warning:  #223-D: function "delay_us" declared implicitly
      delay_us(us);
..\components\devices\BMI088Middleware.c: 2 warnings, 0 errors
compiling VOFA.c...
compiling vision.c...
compiling ist8310driver_middleware.c...
..\components\devices\ist8310driver_middleware.c(59): warning:  #223-D: function "osDelay" declared implicitly
      osDelay(ms);
..\components\devices\ist8310driver_middleware.c(63): warning:  #223-D: function "delay_us" declared implicitly
      delay_us(us);
..\components\devices\ist8310driver_middleware.c: 2 warnings, 0 errors
compiling kalman_filter.c...
..\components\algorithm\kalman_filter.c(2): warning:  #9-D: nested comment is not allowed
  /*==============================================================================
..\components\algorithm\kalman_filter.c(161): warning:  #223-D: function "malloc" declared implicitly
      kf->MeasurementMap = (uint8_t *)user_malloc(sizeof(uint8_t) * zSize);
..\components\algorithm\kalman_filter.c: 2 warnings, 0 errors
compiling QuaternionEKF.c...
compiling usbd_core.c...
compiling usbd_ioreq.c...
compiling usbd_ctlreq.c...
compiling usbd_cdc.c...
linking...
Program Size: Code=87556 RO-data=3752 RW-data=1120 ZI-data=56904  
FromELF: creating hex file...
"gimbal_task\gimbal_task.axf" - 0 Error(s), 27 Warning(s).

<h2>Software Packages used:</h2>

Package Vendor: ARM
                http://www.keil.com/pack/ARM.CMSIS.5.8.0.pack
                ARM.CMSIS.5.8.0
                CMSIS (Common Microcontroller Software Interface Standard)
   * Component: CORE Version: 5.5.0

Package Vendor: Keil
                https://www.keil.com/pack/Keil.STM32F4xx_DFP.3.0.0.pack
                Keil.STM32F4xx_DFP.3.0.0
                STMicroelectronics STM32F4 Series Device Support

<h2>Collection of Component include folders:</h2>
  .\RTE\_gimbal_task
  E:\Documents\arm\pack\ARM\CMSIS\5.8.0\CMSIS\Core\Include

<h2>Collection of Component Files used:</h2>

   * Component: ARM::CMSIS:CORE:5.5.0
Build Time Elapsed:  00:00:12
</pre>
</body>
</html>
