Component: ARM Compiler 5.06 update 7 (build 960) Tool: armlink [4d3601]

==============================================================================

Section Cross References

    startup_stm32f407xx.o(RESET) refers to startup_stm32f407xx.o(STACK) for __initial_sp
    startup_stm32f407xx.o(RESET) refers to startup_stm32f407xx.o(.text) for Reset_Handler
    startup_stm32f407xx.o(RESET) refers to stm32f4xx_it.o(i.NMI_Handler) for NMI_Handler
    startup_stm32f407xx.o(RESET) refers to stm32f4xx_it.o(i.HardFault_Handler) for HardFault_Handler
    startup_stm32f407xx.o(RESET) refers to stm32f4xx_it.o(i.MemManage_Handler) for MemManage_Handler
    startup_stm32f407xx.o(RESET) refers to stm32f4xx_it.o(i.BusFault_Handler) for BusFault_Handler
    startup_stm32f407xx.o(RESET) refers to stm32f4xx_it.o(i.UsageFault_Handler) for UsageFault_Handler
    startup_stm32f407xx.o(RESET) refers to port.o(.emb_text) for SVC_Handler
    startup_stm32f407xx.o(RESET) refers to stm32f4xx_it.o(i.DebugMon_Handler) for DebugMon_Handler
    startup_stm32f407xx.o(RESET) refers to stm32f4xx_it.o(i.SysTick_Handler) for SysTick_Handler
    startup_stm32f407xx.o(RESET) refers to stm32f4xx_it.o(i.EXTI0_IRQHandler) for EXTI0_IRQHandler
    startup_stm32f407xx.o(RESET) refers to stm32f4xx_it.o(i.EXTI3_IRQHandler) for EXTI3_IRQHandler
    startup_stm32f407xx.o(RESET) refers to stm32f4xx_it.o(i.EXTI4_IRQHandler) for EXTI4_IRQHandler
    startup_stm32f407xx.o(RESET) refers to stm32f4xx_it.o(i.CAN1_RX0_IRQHandler) for CAN1_RX0_IRQHandler
    startup_stm32f407xx.o(RESET) refers to stm32f4xx_it.o(i.EXTI9_5_IRQHandler) for EXTI9_5_IRQHandler
    startup_stm32f407xx.o(RESET) refers to remote_control.o(i.USART3_IRQHandler) for USART3_IRQHandler
    startup_stm32f407xx.o(RESET) refers to bsp_i2c.o(i.DMA1_Stream7_IRQHandler) for DMA1_Stream7_IRQHandler
    startup_stm32f407xx.o(RESET) refers to stm32f4xx_it.o(i.CAN2_RX0_IRQHandler) for CAN2_RX0_IRQHandler
    startup_stm32f407xx.o(RESET) refers to bsp_usart.o(i.USART6_IRQHandler) for USART6_IRQHandler
    startup_stm32f407xx.o(.text) refers to system_stm32f4xx.o(i.SystemInit) for SystemInit
    startup_stm32f407xx.o(.text) refers to entry.o(.ARM.Collect$$$$00000000) for __main
    main.o(i.SystemClock_Config) refers to memseta.o(.text) for __aeabi_memclr4
    main.o(i.SystemClock_Config) refers to stm32f4xx_hal_rcc.o(i.HAL_RCC_OscConfig) for HAL_RCC_OscConfig
    main.o(i.SystemClock_Config) refers to main.o(i.Error_Handler) for Error_Handler
    main.o(i.SystemClock_Config) refers to stm32f4xx_hal_rcc.o(i.HAL_RCC_ClockConfig) for HAL_RCC_ClockConfig
    main.o(i.SystemClock_Config) refers to stm32f4xx_hal_rcc_ex.o(i.HAL_RCCEx_PeriphCLKConfig) for HAL_RCCEx_PeriphCLKConfig
    main.o(i.main) refers to stm32f4xx_hal.o(i.HAL_Init) for HAL_Init
    main.o(i.main) refers to main.o(i.SystemClock_Config) for SystemClock_Config
    main.o(i.main) refers to gpio.o(i.MX_GPIO_Init) for MX_GPIO_Init
    main.o(i.main) refers to dma.o(i.MX_DMA_Init) for MX_DMA_Init
    main.o(i.main) refers to adc.o(i.MX_ADC1_Init) for MX_ADC1_Init
    main.o(i.main) refers to can.o(i.MX_CAN1_Init) for MX_CAN1_Init
    main.o(i.main) refers to can.o(i.MX_CAN2_Init) for MX_CAN2_Init
    main.o(i.main) refers to spi.o(i.MX_SPI1_Init) for MX_SPI1_Init
    main.o(i.main) refers to tim.o(i.MX_TIM4_Init) for MX_TIM4_Init
    main.o(i.main) refers to usart.o(i.MX_USART3_UART_Init) for MX_USART3_UART_Init
    main.o(i.main) refers to usart.o(i.MX_USART6_UART_Init) for MX_USART6_UART_Init
    main.o(i.main) refers to i2c.o(i.MX_I2C1_Init) for MX_I2C1_Init
    main.o(i.main) refers to i2c.o(i.MX_I2C2_Init) for MX_I2C2_Init
    main.o(i.main) refers to i2c.o(i.MX_I2C3_Init) for MX_I2C3_Init
    main.o(i.main) refers to spi.o(i.MX_SPI2_Init) for MX_SPI2_Init
    main.o(i.main) refers to rtc.o(i.MX_RTC_Init) for MX_RTC_Init
    main.o(i.main) refers to tim.o(i.MX_TIM10_Init) for MX_TIM10_Init
    main.o(i.main) refers to bsp_dwt.o(i.DWT_Init) for DWT_Init
    main.o(i.main) refers to bsp_can.o(i.can_filter_init) for can_filter_init
    main.o(i.main) refers to remote_control.o(i.remote_control_init) for remote_control_init
    main.o(i.main) refers to bsp_delay.o(i.delay_init) for delay_init
    main.o(i.main) refers to bmi088driver.o(i.BMI088_init) for BMI088_init
    main.o(i.main) refers to freertos.o(i.MX_FREERTOS_Init) for MX_FREERTOS_Init
    main.o(i.main) refers to cmsis_os.o(i.osKernelStart) for osKernelStart
    main.o(i.main) refers to chassis_task.o(.bss) for chassis
    main.o(i.main) refers to spi.o(.bss) for hspi1
    gpio.o(i.MX_GPIO_Init) refers to memseta.o(.text) for __aeabi_memclr4
    gpio.o(i.MX_GPIO_Init) refers to stm32f4xx_hal_gpio.o(i.HAL_GPIO_WritePin) for HAL_GPIO_WritePin
    gpio.o(i.MX_GPIO_Init) refers to stm32f4xx_hal_gpio.o(i.HAL_GPIO_Init) for HAL_GPIO_Init
    gpio.o(i.MX_GPIO_Init) refers to stm32f4xx_hal_cortex.o(i.HAL_NVIC_SetPriority) for HAL_NVIC_SetPriority
[...]
    Kalman_Filter_Measure                    0x080084c1   Thumb Code    74  kalman_filter.o(i.Kalman_Filter_Measure)
    Kalman_Filter_P_Update                   0x08008511   Thumb Code   104  kalman_filter.o(i.Kalman_Filter_P_Update)
    Kalman_Filter_PminusUpdate               0x08008579   Thumb Code   104  kalman_filter.o(i.Kalman_Filter_PminusUpdate)
    Kalman_Filter_SetK                       0x080085e1   Thumb Code   210  kalman_filter.o(i.Kalman_Filter_SetK)
    Kalman_Filter_Update                     0x080086b5   Thumb Code   292  kalman_filter.o(i.Kalman_Filter_Update)
    Kalman_Filter_xhatMinusUpdate            0x080087dd   Thumb Code   124  kalman_filter.o(i.Kalman_Filter_xhatMinusUpdate)
    Kalman_Filter_xhatUpdate                 0x08008859   Thumb Code   134  kalman_filter.o(i.Kalman_Filter_xhatUpdate)
    LQR_K_Calc                               0x080088df   Thumb Code   160  chassis_task.o(i.LQR_K_Calc)
    MX_ADC1_Init                             0x08008981   Thumb Code   100  adc.o(i.MX_ADC1_Init)
    MX_CAN1_Init                             0x080089f1   Thumb Code    62  can.o(i.MX_CAN1_Init)
    MX_CAN2_Init                             0x08008a39   Thumb Code    62  can.o(i.MX_CAN2_Init)
    MX_DMA_Init                              0x08008a81   Thumb Code   114  dma.o(i.MX_DMA_Init)
    MX_FREERTOS_Init                         0x08008af9   Thumb Code   126  freertos.o(i.MX_FREERTOS_Init)
    MX_GPIO_Init                             0x08008b91   Thumb Code   504  gpio.o(i.MX_GPIO_Init)
    MX_I2C1_Init                             0x08008da5   Thumb Code    48  i2c.o(i.MX_I2C1_Init)
    MX_I2C2_Init                             0x08008de1   Thumb Code    48  i2c.o(i.MX_I2C2_Init)
    MX_I2C3_Init                             0x08008e1d   Thumb Code    48  i2c.o(i.MX_I2C3_Init)
    MX_RTC_Init                              0x08008e59   Thumb Code    44  rtc.o(i.MX_RTC_Init)
    MX_SPI1_Init                             0x08008e8d   Thumb Code    62  spi.o(i.MX_SPI1_Init)
    MX_SPI2_Init                             0x08008ed5   Thumb Code    62  spi.o(i.MX_SPI2_Init)
    MX_TIM10_Init                            0x08008f1d   Thumb Code   100  tim.o(i.MX_TIM10_Init)
    MX_TIM4_Init                             0x08008f89   Thumb Code   154  tim.o(i.MX_TIM4_Init)
    MX_USART3_UART_Init                      0x0800902d   Thumb Code    48  usart.o(i.MX_USART3_UART_Init)
    MX_USART6_UART_Init                      0x08009069   Thumb Code    46  usart.o(i.MX_USART6_UART_Init)
    MemManage_Handler                        0x080090a1   Thumb Code     4  stm32f4xx_it.o(i.MemManage_Handler)
    Motor_AK_MIT_Decode                      0x080090a5   Thumb Code   130  chassismotor.o(i.Motor_AK_MIT_Decode)
    Motor_Init                               0x0800912d   Thumb Code    60  chassis_task.o(i.Motor_Init)
    Motor_Offline_Detection                  0x08009169   Thumb Code   110  motor.o(i.Motor_Offline_Detection)
    NMI_Handler                              0x080091d7   Thumb Code     2  stm32f4xx_it.o(i.NMI_Handler)
    OLS_Derivative                           0x080091d9   Thumb Code   578  user_lib.o(i.OLS_Derivative)
    OLS_Init                                 0x08009425   Thumb Code    82  user_lib.o(i.OLS_Init)
    PID_Calc                                 0x0800947d   Thumb Code   492  pid.o(i.PID_Calc)
    PID_Calculate                            0x0800966d   Thumb Code   720  controller.o(i.PID_Calculate)
    PID_Init                                 0x0800993d   Thumb Code   184  controller.o(i.PID_Init)
    RC_Init                                  0x080099f9   Thumb Code    24  bsp_rc.o(i.RC_Init)
    RC_Offline_Detection                     0x08009a19   Thumb Code    34  remote_control.o(i.RC_Offline_Detection)
    RTC_EnterInitMode                        0x08009a3b   Thumb Code    62  stm32f4xx_hal_rtc.o(i.RTC_EnterInitMode)
    SysTick_Handler                          0x08009c7d   Thumb Code    12  stm32f4xx_it.o(i.SysTick_Handler)
    SystemClock_Config                       0x08009c89   Thumb Code   198  main.o(i.SystemClock_Config)
    SystemInit                               0x08009d5d   Thumb Code    82  system_stm32f4xx.o(i.SystemInit)
    TIM_Base_SetConfig                       0x08009dc1   Thumb Code   170  stm32f4xx_hal_tim.o(i.TIM_Base_SetConfig)
    TIM_CCxChannelCmd                        0x08009e99   Thumb Code    34  stm32f4xx_hal_tim.o(i.TIM_CCxChannelCmd)
    TIM_ETR_SetConfig                        0x08009ebb   Thumb Code    22  stm32f4xx_hal_tim.o(i.TIM_ETR_SetConfig)
    TIM_OC2_SetConfig                        0x08009f55   Thumb Code   114  stm32f4xx_hal_tim.o(i.TIM_OC2_SetConfig)
    TIM_Set_PWM                              0x0800a09d   Thumb Code    58  bsp_imu_pwm.o(i.TIM_Set_PWM)
    UART_BSP_DMA_2Buf_Init                   0x0800a125   Thumb Code   112  bsp_rc.o(i.UART_BSP_DMA_2Buf_Init)
    USART3_IRQHandler                        0x0800a4fd   Thumb Code   274  remote_control.o(i.USART3_IRQHandler)
    USART6_IRQHandler                        0x0800a631   Thumb Code   208  bsp_usart.o(i.USART6_IRQHandler)
    Uint_To_Float                            0x0800a725   Thumb Code    44  chassismotor.o(i.Uint_To_Float)
    UsageFault_Handler                       0x0800a751   Thumb Code     4  stm32f4xx_it.o(i.UsageFault_Handler)
    VMC_calc_1                               0x0800a755   Thumb Code   980  dm_vmc_test.o(i.VMC_calc_1)
    VMC_calc_2                               0x0800ab39   Thumb Code   406  dm_vmc_test.o(i.VMC_calc_2)
    VMC_init                                 0x0800acd1   Thumb Code    48  dm_vmc_test.o(i.VMC_init)
    __ARM_fpclassifyf                        0x0800ad05   Thumb Code    38  fpclassifyf.o(i.__ARM_fpclassifyf)
    __hardfp_acosf                           0x0800ad65   Thumb Code   234  acosf.o(i.__hardfp_acosf)
    __hardfp_asinf                           0x0800ae7d   Thumb Code   258  asinf.o(i.__hardfp_asinf)
    __hardfp_atan2f                          0x0800afa9   Thumb Code   594  atan2f.o(i.__hardfp_atan2f)
    __hardfp_fmaxf                           0x0800b255   Thumb Code    72  fmaxf.o(i.__hardfp_fmaxf)
    __hardfp_fminf                           0x0800b29d   Thumb Code    72  fminf.o(i.__hardfp_fminf)
    __hardfp_sqrt                            0x0800b2e5   Thumb Code   122  sqrt_full.o(i.__hardfp_sqrt)
    __hardfp_sqrtf                           0x0800b35f   Thumb Code    58  sqrtf_full.o(i.__hardfp_sqrtf)
    __mathlib_flt_infnan                     0x0800b399   Thumb Code     6  funder.o(i.__mathlib_flt_infnan)
    __mathlib_flt_infnan2                    0x0800b39f   Thumb Code     6  funder.o(i.__mathlib_flt_infnan2)
    __mathlib_flt_invalid                    0x0800b3a5   Thumb Code    10  funder.o(i.__mathlib_flt_invalid)
    __mathlib_flt_underflow                  0x0800b3b5   Thumb Code    10  funder.o(i.__mathlib_flt_underflow)
    __scatterload_copy                       0x0800b3c5   Thumb Code    14  handlers.o(i.__scatterload_copy)
    __scatterload_null                       0x0800b3d3   Thumb Code     2  handlers.o(i.__scatterload_null)
    __scatterload_zeroinit                   0x0800b3d5   Thumb Code    14  handlers.o(i.__scatterload_zeroinit)
    __set_errno                              0x0800b3e5   Thumb Code     6  errno.o(i.__set_errno)
    balancephase                             0x0800b3f1   Thumb Code  2474  chassis_task.o(i.balancephase)
    bmi088_accel_init                        0x0800bdb1   Thumb Code   348  bmi088driver.o(i.bmi088_accel_init)
    bmi088_gyro_init                         0x0800bf1d   Thumb Code   284  bmi088driver.o(i.bmi088_gyro_init)
    can_filter_init                          0x0800c04d   Thumb Code    84  bsp_can.o(i.can_filter_init)
    chassis_data_fdb                         0x0800c0a9   Thumb Code    76  ins_task.o(i.chassis_data_fdb)
    chassis_sent_test                        0x0800c0f9   Thumb Code    50  chassis_task.o(i.chassis_sent_test)
    chassis_sys_calc                         0x0800c131   Thumb Code   150  chassis_task.o(i.chassis_sys_calc)
    chassis_task                             0x0800c1ed   Thumb Code    74  chassis_task.o(i.chassis_task)
    chassis_torque_sent                      0x0800c245   Thumb Code   238  chassis_task.o(i.chassis_torque_sent)
    controller_init                          0x0800c341   Thumb Code    60  chassismotor.o(i.controller_init)
    controller_setorigin                     0x0800c389   Thumb Code    56  chassismotor.o(i.controller_setorigin)
    current_task                             0x0800c419   Thumb Code    28  current_task.o(i.current_task)
    delay_init                               0x0800c43d   Thumb Code    32  bsp_delay.o(i.delay_init)
    delay_ms                                 0x0800c46d   Thumb Code    76  bsp_delay.o(i.delay_ms)
    float_constrain                          0x0800c9ff   Thumb Code    42  user_lib.o(i.float_constrain)
    float_rounding                           0x0800ca29   Thumb Code    62  user_lib.o(i.float_rounding)
    float_to_uint                            0x0800ca71   Thumb Code    74  chassismotor.o(i.float_to_uint)
    get_order                                0x0800cabd   Thumb Code   440  chassis_task.o(i.get_order)
    jumpphase                                0x0800ccd9   Thumb Code   398  chassis_task.o(i.jumpphase)
    kalmanCreate                             0x0800cead   Thumb Code    50  kalman.o(i.kalmanCreate)
    main                                     0x0800cee5   Thumb Code   120  main.o(i.main)
    malloc                                   0x0800cf75   Thumb Code    92  malloc.o(i.malloc)
    mySaturate                               0x0800cfe1   Thumb Code    40  chassis_task.o(i.mySaturate)
    osDelay                                  0x0800d009   Thumb Code    24  cmsis_os.o(i.osDelay)
    osDelayUntil                             0x0800d021   Thumb Code    28  cmsis_os.o(i.osDelayUntil)
    osKernelStart                            0x0800d03d   Thumb Code    10  cmsis_os.o(i.osKernelStart)
    osSystickHandler                         0x0800d047   Thumb Code    16  cmsis_os.o(i.osSystickHandler)
    osThreadCreate                           0x0800d057   Thumb Code    94  cmsis_os.o(i.osThreadCreate)
    pack_cmd                                 0x0800d0b5   Thumb Code   426  chassismotor.o(i.pack_cmd)
    phase_update                             0x0800d285   Thumb Code   342  chassis_task.o(i.phase_update)
    pvPortMalloc                             0x0800de4d   Thumb Code   296  heap_4.o(i.pvPortMalloc)
    pxPortInitialiseStack                    0x0800df89   Thumb Code    38  port.o(i.pxPortInitialiseStack)
    remote_control_init                      0x0800dfb5   Thumb Code    22  remote_control.o(i.remote_control_init)
    safe                                     0x0800dfd5   Thumb Code    68  chassis_task.o(i.safe)
    slope_following                          0x0800e021   Thumb Code   116  user_lib.o(i.slope_following)
    sqrtf                                    0x0800e095   Thumb Code    62  sqrtf_full.o(i.sqrtf)
    test_task                                0x0800e1bd   Thumb Code   764  test_task.o(i.test_task)
    uint_to_float                            0x0800e521   Thumb Code    52  bsp_can.o(i.uint_to_float)
    update_task                              0x0800e555   Thumb Code    28  update_task.o(i.update_task)
    uxListRemove                             0x0800e575   Thumb Code    40  list.o(i.uxListRemove)
    vApplicationGetIdleTaskMemory            0x0800e59d   Thumb Code    14  freertos.o(i.vApplicationGetIdleTaskMemory)
    vApplicationGetTimerTaskMemory           0x0800e5b5   Thumb Code    16  freertos.o(i.vApplicationGetTimerTaskMemory)
    vListInitialise                          0x0800e5cd   Thumb Code    26  list.o(i.vListInitialise)
    vListInitialiseItem                      0x0800e5e7   Thumb Code     6  list.o(i.vListInitialiseItem)
    vListInsert                              0x0800e5ed   Thumb Code    52  list.o(i.vListInsert)
    vListInsertEnd                           0x0800e621   Thumb Code    24  list.o(i.vListInsertEnd)
    vPortEnterCritical                       0x0800e639   Thumb Code    76  port.o(i.vPortEnterCritical)
    vPortExitCritical                        0x0800e68d   Thumb Code    56  port.o(i.vPortExitCritical)
    vPortFree                                0x0800e6c9   Thumb Code   140  heap_4.o(i.vPortFree)
    vPortSetupTimerInterrupt                 0x0800e75d   Thumb Code    36  port.o(i.vPortSetupTimerInterrupt)
    vPortValidateInterruptPriority           0x0800e785   Thumb Code   106  port.o(i.vPortValidateInterruptPriority)
    vQueueAddToRegistry                      0x0800e7fd   Thumb Code    38  queue.o(i.vQueueAddToRegistry)
    vQueueWaitForMessageRestricted           0x0800e829   Thumb Code    74  queue.o(i.vQueueWaitForMessageRestricted)
    vTaskDelay                               0x0800e875   Thumb Code    82  tasks.o(i.vTaskDelay)
    vTaskDelayUntil                          0x0800e8d1   Thumb Code   200  tasks.o(i.vTaskDelayUntil)
    vTaskInternalSetTimeOutState             0x0800e9a5   Thumb Code    14  tasks.o(i.vTaskInternalSetTimeOutState)
    vTaskMissedYield                         0x0800e9bd   Thumb Code     8  tasks.o(i.vTaskMissedYield)
    vTaskPlaceOnEventList                    0x0800e9c9   Thumb Code    52  tasks.o(i.vTaskPlaceOnEventList)
    vTaskPlaceOnEventListRestricted          0x0800ea01   Thumb Code    60  tasks.o(i.vTaskPlaceOnEventListRestricted)
    vTaskStartScheduler                      0x0800ea41   Thumb Code   156  tasks.o(i.vTaskStartScheduler)
    vTaskSuspendAll                          0x0800eaf9   Thumb Code    12  tasks.o(i.vTaskSuspendAll)
    vTaskSwitchContext                       0x0800eb09   Thumb Code   118  tasks.o(i.vTaskSwitchContext)
    xPortStartScheduler                      0x0800eb95   Thumb Code   330  port.o(i.xPortStartScheduler)
    xPortSysTickHandler                      0x0800ecfd   Thumb Code    46  port.o(i.xPortSysTickHandler)
    xQueueGenericCreateStatic                0x0800ed31   Thumb Code   222  queue.o(i.xQueueGenericCreateStatic)
    xQueueGenericReset                       0x0800ee11   Thumb Code   146  queue.o(i.xQueueGenericReset)
    xQueueGenericSend                        0x0800eea9   Thumb Code   420  queue.o(i.xQueueGenericSend)
    xQueueGenericSendFromISR                 0x0800f051   Thumb Code   248  queue.o(i.xQueueGenericSendFromISR)
    xQueueReceive                            0x0800f149   Thumb Code   356  queue.o(i.xQueueReceive)
    xTaskCheckForTimeOut                     0x0800f2b1   Thumb Code   156  tasks.o(i.xTaskCheckForTimeOut)
    xTaskCreate                              0x0800f359   Thumb Code   100  tasks.o(i.xTaskCreate)
    xTaskCreateStatic                        0x0800f3bd   Thumb Code   184  tasks.o(i.xTaskCreateStatic)
    xTaskGetSchedulerState                   0x0800f475   Thumb Code    24  tasks.o(i.xTaskGetSchedulerState)
    xTaskGetTickCount                        0x0800f495   Thumb Code     6  tasks.o(i.xTaskGetTickCount)
    xTaskIncrementTick                       0x0800f4a1   Thumb Code   282  tasks.o(i.xTaskIncrementTick)
    xTaskPriorityDisinherit                  0x0800f5e9   Thumb Code   188  tasks.o(i.xTaskPriorityDisinherit)
    xTaskRemoveFromEventList                 0x0800f6b1   Thumb Code   128  tasks.o(i.xTaskRemoveFromEventList)
    xTaskResumeAll                           0x0800f749   Thumb Code   224  tasks.o(i.xTaskResumeAll)
    xTimerCreateTimerTask                    0x0800f84d   Thumb Code   100  timers.o(i.xTimerCreateTimerTask)
    xTimerGenericCommand                     0x0800f8c5   Thumb Code   128  timers.o(i.xTimerGenericCommand)
    xvEstimateKF_Init                        0x0800f949   Thumb Code    92  test_task.o(i.xvEstimateKF_Init)
    xvEstimateKF_Update                      0x0800f9b9   Thumb Code    72  test_task.o(i.xvEstimateKF_Update)
    AHBPrescTable                            0x0800fa98   Data          16  system_stm32f4xx.o(.constdata)
    APBPrescTable                            0x0800faa8   Data           8  system_stm32f4xx.o(.constdata)
    xb                                       0x0800fab0   Data          12  ins_task.o(.constdata)
    yb                                       0x0800fabc   Data          12  ins_task.o(.constdata)
    zb                                       0x0800fac8   Data          12  ins_task.o(.constdata)
    vaEstimateKF_H                           0x0800fae0   Data          16  test_task.o(.constdata)
    IMU_QuaternionEKF_F                      0x0800faf0   Data         144  quaternionekf.o(.constdata)
    sinTable_f32                             0x0800fb80   Data        2052  arm_common_tables.o(.constdata)
    Region$$Table$$Base                      0x080103b8   Number         0  anon$$obj.o(Region$$Table)
    Region$$Table$$Limit                     0x080103d8   Number         0  anon$$obj.o(Region$$Table)
    testHandle                               0x20000004   Data           4  freertos.o(.data)
    chassisTaskHandle                        0x20000008   Data           4  freertos.o(.data)
    currentTaskHandle                        0x2000000c   Data           4  freertos.o(.data)
    imuTaskHandle                            0x20000010   Data           4  freertos.o(.data)
    updateTaskHandle                         0x20000014   Data           4  freertos.o(.data)
    uwTick                                   0x20000018   Data           4  stm32f4xx_hal.o(.data)
    uwTickPrio                               0x2000001c   Data           4  stm32f4xx_hal.o(.data)
    uwTickFreq                               0x20000020   Data           1  stm32f4xx_hal.o(.data)
    SystemCoreClock                          0x20000024   Data           4  system_stm32f4xx.o(.data)
    pxCurrentTCB                             0x20000028   Data           4  tasks.o(.data)
    gimbal_motor_set                         0x2000009c   Data           6  bsp_can.o(.data)
    can_rx_data                              0x200000ac   Data           8  bsp_can.o(.data)
    usart6_d                                 0x200000c4   Data           4  bsp_usart.o(.data)
    cnt_d                                    0x200000c8   Data           4  bsp_usart.o(.data)
    SysTime                                  0x200000e0   Data           8  bsp_dwt.o(.data)
    CYCCNT64                                 0x20000100   Data           8  bsp_dwt.o(.data)
    INS_DWT_Count                            0x20000120   Data           4  ins_task.o(.data)
    ins_debug_mode                           0x2000012c   Data           1  ins_task.o(.data)
    ins_time                                 0x20000130   Data           4  ins_task.o(.data)
    RefTemp                                  0x20000134   Data           4  ins_task.o(.data)
    vaEstimateKF_F                           0x2000016c   Data          16  test_task.o(.data)
    vaEstimateKF_P                           0x2000017c   Data          16  test_task.o(.data)
    vaEstimateKF_Q                           0x2000018c   Data          16  test_task.o(.data)
    vaEstimateKF_R                           0x2000019c   Data          16  test_task.o(.data)
    vel_acc_l                                0x200001ac   Data           8  test_task.o(.data)
    vel_acc_r                                0x200001b4   Data           8  test_task.o(.data)
    vel_filter_l                             0x200001bc   Data           4  test_task.o(.data)
    vel_filter_r                             0x200001c0   Data           4  test_task.o(.data)
    vel_acc                                  0x200001c4   Data           8  test_task.o(.data)
    speed                                    0x200001cc   Data           8  test_task.o(.data)
    OBSERVE_TIME                             0x200001d4   Data           4  test_task.o(.data)
    current_pos_r                            0x200001d8   Data           4  test_task.o(.data)
    motor_vel_r                              0x200001dc   Data           4  test_task.o(.data)
    current_pos_l                            0x200001e0   Data           4  test_task.o(.data)
    motor_vel_l                              0x200001e4   Data           4  test_task.o(.data)
    wr                                       0x200001e8   Data           4  test_task.o(.data)
    wl                                       0x200001ec   Data           4  test_task.o(.data)
    vrb                                      0x200001f0   Data           4  test_task.o(.data)
    vlb                                      0x200001f4   Data           4  test_task.o(.data)
    aver_v                                   0x200001f8   Data           4  test_task.o(.data)
    position_increment                       0x200001fc   Data           4  test_task.o(.data)
    T_AK_set_left                            0x20000200   Data           8  chassis_task.o(.data)
    T_AK_set_right                           0x20000208   Data           8  chassis_task.o(.data)
    lefttp_test                              0x20000210   Data           4  chassis_task.o(.data)
    leftforce_test                           0x20000214   Data           4  chassis_task.o(.data)
    righttp_test                             0x20000218   Data           4  chassis_task.o(.data)
    leftforce                                0x2000021c   Data           4  chassis_task.o(.data)
    rightforce                               0x20000220   Data           4  chassis_task.o(.data)
    turn_t                                   0x20000224   Data           4  chassis_task.o(.data)
    leg_tp                                   0x20000228   Data           4  chassis_task.o(.data)
    total_yaw                                0x2000022c   Data           4  chassis_task.o(.data)
    LEGPOS                                   0x20000230   Data           8  chassis_task.o(.data)
    LEGPOS1                                  0x20000238   Data           8  chassis_task.o(.data)
    LEGSPD                                   0x20000240   Data           8  chassis_task.o(.data)
    LEGSPD1                                  0x20000248   Data           8  chassis_task.o(.data)
    LEGTOR                                   0x20000250   Data           8  chassis_task.o(.data)
    LEGTOR1                                  0x20000258   Data           8  chassis_task.o(.data)
    legL_dphi1                               0x20000260   Data           4  chassis_task.o(.data)
    legL_dphi4                               0x20000264   Data           4  chassis_task.o(.data)
    legR_dphi1                               0x20000268   Data           4  chassis_task.o(.data)
    legR_dphi4                               0x2000026c   Data           4  chassis_task.o(.data)
    legL_phi1                                0x20000270   Data           4  chassis_task.o(.data)
    legL_phi4                                0x20000274   Data           4  chassis_task.o(.data)
    legR_phi1                                0x20000278   Data           4  chassis_task.o(.data)
    legR_phi4                                0x2000027c   Data           4  chassis_task.o(.data)
    left_flag                                0x20000280   Data           1  chassis_task.o(.data)
    right_flag                               0x20000281   Data           1  chassis_task.o(.data)
    leg_flag                                 0x20000282   Data           1  chassis_task.o(.data)
    tplqrl                                   0x20000284   Data           4  chassis_task.o(.data)
    tplqrr                                   0x20000288   Data           4  chassis_task.o(.data)
    tlqrl                                    0x2000028c   Data           4  chassis_task.o(.data)
    tlqrr                                    0x20000290   Data           4  chassis_task.o(.data)
    t_ratiol                                 0x20000294   Data           4  chassis_task.o(.data)
    tp_ratiol                                0x20000298   Data           4  chassis_task.o(.data)
    t_ratior                                 0x2000029c   Data           4  chassis_task.o(.data)
    tp_ratior                                0x200002a0   Data           4  chassis_task.o(.data)
    test__                                   0x200002a4   Data           4  chassis_task.o(.data)
    kx                                       0x200002a8   Data          48  chassis_task.o(.data)
    KK                                       0x200002d8   Data          24  chassis_task.o(.data)
    fn_forward_r                             0x200002f0   Data           4  chassis_task.o(.data)
    fn_forward_l                             0x200002f4   Data           4  chassis_task.o(.data)
    lqr_coe                                  0x200002f8   Data         192  chassis_task.o(.data)
    kResl_                                   0x200003b8   Data          16  chassis_task.o(.data)
    jump_time                                0x200003c8   Data           1  chassis_task.o(.data)
    jump_status                              0x200003c9   Data           1  chassis_task.o(.data)
    last_jump_flag                           0x200003ca   Data           1  chassis_task.o(.data)
    rc_time                                  0x200003cc   Data           4  remote_control.o(.data)
    usart3_d                                 0x200003d0   Data           4  remote_control.o(.data)
    BMI088_ACCEL_SEN                         0x200003d8   Data           4  bmi088driver.o(.data)
    BMI088_GYRO_SEN                          0x200003dc   Data           4  bmi088driver.o(.data)
    gNormDiff                                0x200003e4   Data           4  bmi088driver.o(.data)
    caliOffset                               0x200003e8   Data           1  bmi088driver.o(.data)
    caliCount                                0x200003ea   Data           2  bmi088driver.o(.data)
    BMI088_SPI                               0x20000420   Data           4  bmi088middleware.o(.data)
    send_data_message                        0x20000424   Data           8  chassismotor.o(.data)
    send_mailbox1                            0x2000042c   Data           4  chassismotor.o(.data)
    send_mailbox2                            0x20000430   Data           4  chassismotor.o(.data)
    can_tx_data                              0x20000434   Data           8  chassismotor.o(.data)
    sizeof_float                             0x2000043c   Data           2  kalman_filter.o(.data)
    sizeof_double                            0x2000043e   Data           2  kalman_filter.o(.data)
    IMU_QuaternionEKF_P                      0x20000440   Data         144  quaternionekf.o(.data)
    GlobalDebugMode                          0x20000514   Data           1  user_lib.o(.data)
    my_debug                                 0x200007a4   Data          40  debug.o(.data)
    __microlib_freelist                      0x200007d0   Data           4  mvars.o(.data)
    __microlib_freelist_initialised          0x200007d4   Data           4  mvars.o(.data)
    hcan1                                    0x200007dc   Data          40  can.o(.bss)
    hcan2                                    0x20000804   Data          40  can.o(.bss)
    hi2c1                                    0x20000ed4   Data          84  i2c.o(.bss)
    hi2c2                                    0x20000f28   Data          84  i2c.o(.bss)
    hi2c3                                    0x20000f7c   Data          84  i2c.o(.bss)
    hdma_i2c2_tx                             0x20000fd0   Data          96  i2c.o(.bss)
    hrtc                                     0x20001030   Data          32  rtc.o(.bss)
    hspi1                                    0x20001050   Data          88  spi.o(.bss)
    hspi2                                    0x200010a8   Data          88  spi.o(.bss)
    hdma_spi1_rx                             0x20001100   Data          96  spi.o(.bss)
    hdma_spi1_tx                             0x20001160   Data          96  spi.o(.bss)
    huart6                                   0x200011c0   Data          64  usart.o(.bss)
    huart3                                   0x20001200   Data          64  usart.o(.bss)
    hdma_usart3_rx                           0x20001240   Data          96  usart.o(.bss)
    hadc1                                    0x200012a0   Data          72  adc.o(.bss)
    hadc3                                    0x200012e8   Data          72  adc.o(.bss)
    htim1                                    0x20001330   Data          64  tim.o(.bss)
    htim3                                    0x20001370   Data          64  tim.o(.bss)
    htim4                                    0x200013b0   Data          64  tim.o(.bss)
    htim5                                    0x200013f0   Data          64  tim.o(.bss)
    htim8                                    0x20001430   Data          64  tim.o(.bss)
    htim10                                   0x20001470   Data          64  tim.o(.bss)
    xQueueRegistry                           0x200014b0   Data          64  queue.o(.bss)
    chassis_motor_fdb                        0x200076f0   Data          20  bsp_can.o(.bss)
    AK_motor                                 0x20007704   Data         120  bsp_can.o(.bss)
    ak_motion                                0x2000777c   Data         120  bsp_can.o(.bss)
    ak10                                     0x200077f4   Data          96  bsp_can.o(.bss)
    m3508                                    0x20007854   Data          24  bsp_can.o(.bss)
    can_callback_reg                         0x2000786c   Data          36  bsp_can.o(.bss)
    INS                                      0x200078e8   Data         132  ins_task.o(.bss)
    IMU_Param                                0x2000796c   Data          28  ins_task.o(.bss)
    TempCtrl                                 0x20007988   Data         170  ins_task.o(.bss)
    vaEstimateKF                             0x20007a34   Data         308  test_task.o(.bss)
    vel_calc_r                               0x20007b68   Data          20  test_task.o(.bss)
    vel_calc_l                               0x20007b7c   Data          20  test_task.o(.bss)
    vaEstimateKF_K                           0x20007b90   Data          16  test_task.o(.bss)
    chassis                                  0x20007ba0   Data         720  chassis_task.o(.bss)
    chassis_motor_pid                        0x20007e70   Data         840  chassis_task.o(.bss)
    pid_tpl                                  0x200081b8   Data          84  chassis_task.o(.bss)
    pid_tpr                                  0x2000820c   Data          84  chassis_task.o(.bss)
    set                                      0x20008260   Data          96  chassis_task.o(.bss)
    legpos                                   0x200082c0   Data          40  chassis_task.o(.bss)
    leg_l                                    0x200082e8   Data         172  chassis_task.o(.bss)
    leg_r                                    0x20008394   Data         172  chassis_task.o(.bss)
    lqr_k_l                                  0x20008440   Data          48  chassis_task.o(.bss)
    lqr_k_r                                  0x20008470   Data          48  chassis_task.o(.bss)
    kl                                       0x200084a0   Data          48  chassis_task.o(.bss)
    xl                                       0x200084d0   Data          24  chassis_task.o(.bss)
    kr                                       0x200084e8   Data          48  chassis_task.o(.bss)
    xr                                       0x20008518   Data          24  chassis_task.o(.bss)
    angle_real                               0x20008530   Data          24  chassis_task.o(.bss)
    ground_detection_filter_l                0x20008548   Data         136  chassis_task.o(.bss)
    ground_detection_filter_r                0x200085d0   Data         136  chassis_task.o(.bss)
    xl_target                                0x20008658   Data          24  chassis_task.o(.bss)
    xr_target                                0x20008670   Data          24  chassis_task.o(.bss)
    lqr_r_                                   0x20008688   Data          48  chassis_task.o(.bss)
    lqr_l_                                   0x200086b8   Data          48  chassis_task.o(.bss)
    xl_                                      0x200086e8   Data          16  chassis_task.o(.bss)
    xr_                                      0x200086f8   Data          16  chassis_task.o(.bss)
    target_xl_                               0x20008708   Data          16  chassis_task.o(.bss)
    target_xr_                               0x20008718   Data          16  chassis_task.o(.bss)
    cur_km                                   0x20008728   Data          44  current_task.o(.bss)
    rc_ctrl                                  0x20008760   Data          26  remote_control.o(.bss)
    gyroDiff                                 0x200087c4   Data          12  bmi088driver.o(.bss)
    BMI088                                   0x200087d0   Data          52  bmi088driver.o(.bss)
    TX_message                               0x20008804   Data          24  chassismotor.o(.bss)
    QEKF_INS                                 0x20008820   Data         480  quaternionekf.o(.bss)
    IMU_QuaternionEKF_K                      0x20008a00   Data          72  quaternionekf.o(.bss)
    IMU_QuaternionEKF_H                      0x20008a48   Data          72  quaternionekf.o(.bss)
    motor_status                             0x20008a90   Data          26  motor.o(.bss)
    __heap_base                              0x20008ab0   Data           0  startup_stm32f407xx.o(HEAP)
    __heap_limit                             0x2000aab0   Data           0  startup_stm32f407xx.o(HEAP)
    __initial_sp                             0x2000cab0   Data           0  startup_stm32f407xx.o(STACK)



==============================================================================

Memory Map of the image

  Image Entry point : 0x08000189

  Load Region LR_IROM1 (Base: 0x08000000, Size: 0x00010bb4, Max: 0x00100000, ABSOLUTE, COMPRESSED[0x0001058c])

    Execution Region ER_IROM1 (Exec base: 0x08000000, Load base: 0x08000000, Size: 0x000103d8, Max: 0x00100000, ABSOLUTE)

    Exec Addr    Load Addr    Size         Type   Attr      Idx    E Section Name        Object

    0x08000000   0x08000000   0x00000188   Data   RO            3    RESET               startup_stm32f407xx.o
    0x08000188   0x08000188   0x00000000   Code   RO         9889  * .ARM.Collect$$$$00000000  mc_w.l(entry.o)
    0x08000188   0x08000188   0x00000004   Code   RO        10009    .ARM.Collect$$$$00000001  mc_w.l(entry2.o)
    0x0800018c   0x0800018c   0x00000004   Code   RO        10012    .ARM.Collect$$$$00000004  mc_w.l(entry5.o)
    0x08000190   0x08000190   0x00000000   Code   RO        10014    .ARM.Collect$$$$00000008  mc_w.l(entry7b.o)
    0x08000190   0x08000190   0x00000000   Code   RO        10016    .ARM.Collect$$$$0000000A  mc_w.l(entry8b.o)
    0x08000190   0x08000190   0x00000008   Code   RO        10017    .ARM.Collect$$$$0000000B  mc_w.l(entry9a.o)
    0x08000198   0x08000198   0x00000004   Code   RO        10024    .ARM.Collect$$$$0000000E  mc_w.l(entry12b.o)
    0x0800019c   0x0800019c   0x00000000   Code   RO        10019    .ARM.Collect$$$$0000000F  mc_w.l(entry10a.o)
    0x0800019c   0x0800019c   0x00000000   Code   RO        10021    .ARM.Collect$$$$00000011  mc_w.l(entry11a.o)
    0x0800019c   0x0800019c   0x00000004   Code   RO        10010    .ARM.Collect$$$$00002712  mc_w.l(entry2.o)
    0x080001a0   0x080001a0   0x000000be   Code   RO         6524    .emb_text           port.o
    0x0800025e   0x0800025e   0x00000002   PAD
    0x08000260   0x08000260   0x00000024   Code   RO            4    .text               startup_stm32f407xx.o
    0x08000284   0x08000284   0x00000078   Code   RO         9439    .text               arm_cortexM4lf_math.lib(arm_cos_f32.o)
    0x080002fc   0x080002fc   0x00000074   Code   RO         9492    .text               arm_cortexM4lf_math.lib(arm_sin_f32.o)
    0x08000370   0x08000370   0x00000108   Code   RO         9516    .text               arm_cortexM4lf_math.lib(arm_mat_add_f32.o)
    0x08000478   0x08000478   0x00000008   Code   RO         9540    .text               arm_cortexM4lf_math.lib(arm_mat_init_f32.o)
    0x08000480   0x08000480   0x00000530   Code   RO         9564    .text               arm_cortexM4lf_math.lib(arm_mat_inverse_f32.o)
    0x080009b0   0x080009b0   0x0000013c   Code   RO         9588    .text               arm_cortexM4lf_math.lib(arm_mat_mult_f32.o)
    0x08000aec   0x08000aec   0x00000108   Code   RO         9612    .text               arm_cortexM4lf_math.lib(arm_mat_sub_f32.o)
    0x08000bf4   0x08000bf4   0x00000114   Code   RO         9636    .text               arm_cortexM4lf_math.lib(arm_mat_trans_f32.o)
    0x08000d08   0x08000d08   0x00000062   Code   RO         9899    .text               mc_w.l(uldiv.o)
    0x08000d6a   0x08000d6a   0x00000024   Code   RO         9901    .text               mc_w.l(memcpya.o)
    0x08000d8e   0x08000d8e   0x00000024   Code   RO         9905    .text               mc_w.l(memseta.o)
    0x08000db2   0x08000db2   0x0000014e   Code   RO         9939    .text               mf_w.l(dadd.o)
    0x08000f00   0x08000f00   0x00000026   Code   RO         9951    .text               mf_w.l(f2d.o)
    0x08000f26   0x08000f26   0x00000038   Code   RO         9955    .text               mf_w.l(d2f.o)
    0x08000f5e   0x08000f5e   0x0000001e   Code   RO        10025    .text               mc_w.l(llshl.o)
    0x08000f7c   0x08000f7c   0x00000020   Code   RO        10027    .text               mc_w.l(llushr.o)
    0x08000f9c   0x08000f9c   0x00000024   Code   RO        10029    .text               mc_w.l(llsshr.o)
    0x08000fc0   0x08000fc0   0x00000000   Code   RO        10040    .text               mc_w.l(iusefp.o)
    0x08000fc0   0x08000fc0   0x0000006e   Code   RO        10041    .text               mf_w.l(fepilogue.o)
    0x0800102e   0x0800102e   0x000000ba   Code   RO        10043    .text               mf_w.l(depilogue.o)
    0x080010e8   0x080010e8   0x000000a2   Code   RO        10047    .text               mf_w.l(dsqrt.o)
    0x0800118a   0x0800118a   0x00000036   Code   RO        10051    .text               mf_w.l(fcmp4.o)
    0x080011c0   0x080011c0   0x00000024   Code   RO        10053    .text               mc_w.l(init.o)
    0x080011e4   0x080011e4   0x00000056   Code   RO        10065    .text               mc_w.l(__dczerorl2.o)
    0x0800123a   0x0800123a   0x00000002   PAD
    0x0800123c   0x0800123c   0x00000160   Code   RO         4763    i.ADC_Init          stm32f4xx_hal_adc.o
    0x0800139c   0x0800139c   0x00000014   Code   RO         8035    i.BMI088_ACCEL_NS_H  bmi088middleware.o
    0x080013b0   0x080013b0   0x00000014   Code   RO         8036    i.BMI088_ACCEL_NS_L  bmi088middleware.o
    0x080013c4   0x080013c4   0x00000014   Code   RO         8037    i.BMI088_GYRO_NS_H  bmi088middleware.o
    0x080013d8   0x080013d8   0x00000014   Code   RO         8038    i.BMI088_GYRO_NS_L  bmi088middleware.o
    0x080013ec   0x080013ec   0x0000027c   Code   RO         7954    i.BMI088_Read       bmi088driver.o
    0x08001668   0x08001668   0x00000098   Code   RO         7955    i.BMI088_init       bmi088driver.o
    0x08001700   0x08001700   0x00000026   Code   RO         7956    i.BMI088_read_muli_reg  bmi088driver.o
    0x08001726   0x08001726   0x00000018   Code   RO         7957    i.BMI088_read_single_reg  bmi088driver.o
    0x0800173e   0x0800173e   0x00000002   PAD
    0x08001740   0x08001740   0x00000024   Code   RO         8039    i.BMI088_read_write_byte  bmi088middleware.o
    0x08001764   0x08001764   0x00000014   Code   RO         7958    i.BMI088_write_single_reg  bmi088driver.o
    0x08001778   0x08001778   0x0000015a   Code   RO         7390    i.BodyFrameToEarthFrame  ins_task.o
    0x080018d2   0x080018d2   0x00000004   Code   RO          659    i.BusFault_Handler  stm32f4xx_it.o
    0x080018d6   0x080018d6   0x00000002   PAD
    0x080018d8   0x080018d8   0x00000010   Code   RO         6605    i.Buzzer_Off        bsp_buzzer.o
    0x080018e8   0x080018e8   0x00000030   Code   RO         6606    i.Buzzer_On         bsp_buzzer.o
    0x08001918   0x08001918   0x0000001e   Code   RO         6607    i.Buzzer_Preset     bsp_buzzer.o
    0x08001936   0x08001936   0x00000002   PAD
    0x08001938   0x08001938   0x00000010   Code   RO          660    i.CAN1_RX0_IRQHandler  stm32f4xx_it.o
    0x08001948   0x08001948   0x00000010   Code   RO          661    i.CAN2_RX0_IRQHandler  stm32f4xx_it.o
    0x08001958   0x08001958   0x00000540   Code   RO         7959    i.Calibrate_MPU_Offset  bmi088driver.o
    0x08001e98   0x08001e98   0x0000023c   Code   RO         7584    i.ChassisInit       chassis_task.o
    0x080020d4   0x080020d4   0x0000002a   Code   RO         9185    i.DJI_Motor_Receive  dji_motor.o
    0x080020fe   0x080020fe   0x0000006a   Code   RO         9186    i.DJI_Motor_Transmit  dji_motor.o
    0x08002168   0x08002168   0x0000007c   Code   RO         7121    i.DMA1_Stream7_IRQHandler  bsp_i2c.o
    0x080021e4   0x080021e4   0x00000034   Code   RO         4085    i.DMA_CalcBaseAndBitshift  stm32f4xx_hal_dma.o
    0x08002218   0x08002218   0x000000aa   Code   RO         4086    i.DMA_CheckFifoParam  stm32f4xx_hal_dma.o
    0x080022c2   0x080022c2   0x00000002   PAD
    0x080022c4   0x080022c4   0x00000030   Code   RO         7313    i.DWT_CNT_Update    bsp_dwt.o
    0x080022f4   0x080022f4   0x0000003c   Code   RO         7314    i.DWT_Delay         bsp_dwt.o
    0x08002330   0x08002330   0x0000004c   Code   RO         7315    i.DWT_GetDeltaT     bsp_dwt.o
    0x0800237c   0x0800237c   0x00000054   Code   RO         7318    i.DWT_GetTimeline_s  bsp_dwt.o
    0x080023d0   0x080023d0   0x00000068   Code   RO         7320    i.DWT_Init          bsp_dwt.o
    0x08002438   0x08002438   0x000000d0   Code   RO         7321    i.DWT_SysTimeUpdate  bsp_dwt.o
    0x08002508   0x08002508   0x00000002   Code   RO          662    i.DebugMon_Handler  stm32f4xx_it.o
    0x0800250a   0x0800250a   0x0000000a   Code   RO          663    i.EXTI0_IRQHandler  stm32f4xx_it.o
    0x08002514   0x08002514   0x0000000a   Code   RO          664    i.EXTI3_IRQHandler  stm32f4xx_it.o
    0x0800251e   0x0800251e   0x0000000a   Code   RO          665    i.EXTI4_IRQHandler  stm32f4xx_it.o
    0x08002528   0x08002528   0x0000000a   Code   RO          666    i.EXTI9_5_IRQHandler  stm32f4xx_it.o
    0x08002532   0x08002532   0x0000015a   Code   RO         7391    i.EarthFrameToBodyFrame  ins_task.o
    0x0800268c   0x0800268c   0x00000002   Code   RO           13    i.Error_Handler     main.o
    0x0800268e   0x0800268e   0x00000002   PAD
    0x08002690   0x08002690   0x000000c8   Code   RO         7585    i.Fdb_Update        chassis_task.o
    0x08002758   0x08002758   0x00000040   Code   RO         9277    i.Filter_Average_Init  filter.o
    0x08002798   0x08002798   0x000000f4   Code   RO         9278    i.Filter_Average_Update  filter.o
    0x0800288c   0x0800288c   0x00000024   Code   RO         6733    i.GetAKMotor1Fdb    bsp_can.o
    0x080028b0   0x080028b0   0x00000024   Code   RO         6734    i.GetAKMotor2Fdb    bsp_can.o
    0x080028d4   0x080028d4   0x00000024   Code   RO         6735    i.GetAKMotor3Fdb    bsp_can.o
    0x080028f8   0x080028f8   0x00000024   Code   RO         6736    i.GetAKMotor4Fdb    bsp_can.o
    0x0800291c   0x0800291c   0x00000024   Code   RO         6737    i.GetAKMotor5Fdb    bsp_can.o
    0x08002940   0x08002940   0x00000024   Code   RO         6738    i.GetAKMotor6Fdb    bsp_can.o
    0x08002964   0x08002964   0x00000020   Code   RO         7786    i.GetChassisCurrent  current_task.o
    0x08002984   0x08002984   0x0000001c   Code   RO         7837    i.GetRCData         remote_control.o
    0x080029a0   0x080029a0   0x00000014   Code   RO         6741    i.GetgimbalmotorFdb  bsp_can.o
    0x080029b4   0x080029b4   0x00000088   Code   RO         7586    i.Ground_Detection_L  chassis_task.o
    0x08002a3c   0x08002a3c   0x00000088   Code   RO         7587    i.Ground_Detection_R  chassis_task.o
    0x08002ac4   0x08002ac4   0x0000018c   Code   RO         4765    i.HAL_ADC_ConfigChannel  stm32f4xx_hal_adc.o
    0x08002c50   0x08002c50   0x00000068   Code   RO         4774    i.HAL_ADC_Init      stm32f4xx_hal_adc.o
    0x08002cb8   0x08002cb8   0x000000ac   Code   RO          784    i.HAL_ADC_MspInit   adc.o
    0x08002d64   0x08002d64   0x000000c2   Code   RO         4778    i.HAL_ADC_PollForConversion  stm32f4xx_hal_adc.o
    0x08002e26   0x08002e26   0x00000002   PAD
    0x08002e28   0x08002e28   0x0000013c   Code   RO         4780    i.HAL_ADC_Start     stm32f4xx_hal_adc.o
    0x08002f64   0x08002f64   0x0000002a   Code   RO          910    i.HAL_CAN_ActivateNotification  stm32f4xx_hal_can.o
    0x08002f8e   0x08002f8e   0x00000156   Code   RO          911    i.HAL_CAN_AddTxMessage  stm32f4xx_hal_can.o
    0x080030e4   0x080030e4   0x00000124   Code   RO          912    i.HAL_CAN_ConfigFilter  stm32f4xx_hal_can.o
    0x08003208   0x08003208   0x00000002   Code   RO          915    i.HAL_CAN_ErrorCallback  stm32f4xx_hal_can.o
    0x0800320a   0x0800320a   0x0000017c   Code   RO          918    i.HAL_CAN_GetRxMessage  stm32f4xx_hal_can.o
    0x08003386   0x08003386   0x0000024e   Code   RO          922    i.HAL_CAN_IRQHandler  stm32f4xx_hal_can.o
    0x080035d4   0x080035d4   0x00000174   Code   RO          923    i.HAL_CAN_Init      stm32f4xx_hal_can.o
    0x08003748   0x08003748   0x00000160   Code   RO          336    i.HAL_CAN_MspInit   can.o
    0x080038a8   0x080038a8   0x00000002   Code   RO          930    i.HAL_CAN_RxFifo0FullCallback  stm32f4xx_hal_can.o
    0x080038aa   0x080038aa   0x00000002   PAD
    0x080038ac   0x080038ac   0x00000af0   Code   RO         6742    i.HAL_CAN_RxFifo0MsgPendingCallback  bsp_can.o
    0x0800439c   0x0800439c   0x00000002   Code   RO          932    i.HAL_CAN_RxFifo1FullCallback  stm32f4xx_hal_can.o
    0x0800439e   0x0800439e   0x00000002   Code   RO          933    i.HAL_CAN_RxFifo1MsgPendingCallback  stm32f4xx_hal_can.o
    0x080043a0   0x080043a0   0x00000002   Code   RO          934    i.HAL_CAN_SleepCallback  stm32f4xx_hal_can.o
    0x080043a2   0x080043a2   0x0000005e   Code   RO          935    i.HAL_CAN_Start     stm32f4xx_hal_can.o
    0x08004400   0x08004400   0x00000002   Code   RO          937    i.HAL_CAN_TxMailbox0AbortCallback  stm32f4xx_hal_can.o
    0x08004402   0x08004402   0x00000002   Code   RO          938    i.HAL_CAN_TxMailbox0CompleteCallback  stm32f4xx_hal_can.o
    0x08004404   0x08004404   0x00000002   Code   RO          939    i.HAL_CAN_TxMailbox1AbortCallback  stm32f4xx_hal_can.o
    0x08004406   0x08004406   0x00000002   Code   RO          940    i.HAL_CAN_TxMailbox1CompleteCallback  stm32f4xx_hal_can.o
    0x08004408   0x08004408   0x00000002   Code   RO          941    i.HAL_CAN_TxMailbox2AbortCallback  stm32f4xx_hal_can.o
    0x0800440a   0x0800440a   0x00000002   Code   RO          942    i.HAL_CAN_TxMailbox2CompleteCallback  stm32f4xx_hal_can.o
    0x0800440c   0x0800440c   0x00000002   Code   RO          944    i.HAL_CAN_WakeUpFromRxMsgCallback  stm32f4xx_hal_can.o
    0x0800440e   0x0800440e   0x00000002   PAD
    0x08004410   0x08004410   0x000000ec   Code   RO         4094    i.HAL_DMA_Init      stm32f4xx_hal_dma.o
    0x080044fc   0x080044fc   0x00000028   Code   RO         4512    i.HAL_Delay         stm32f4xx_hal.o
    0x08004524   0x08004524   0x00000002   Code   RO         3979    i.HAL_GPIO_EXTI_Callback  stm32f4xx_hal_gpio.o
    0x08004526   0x08004526   0x00000002   PAD
    0x08004528   0x08004528   0x0000001c   Code   RO         3980    i.HAL_GPIO_EXTI_IRQHandler  stm32f4xx_hal_gpio.o
    0x08004544   0x08004544   0x00000200   Code   RO         3981    i.HAL_GPIO_Init     stm32f4xx_hal_gpio.o
    0x08004744   0x08004744   0x0000000c   Code   RO         3985    i.HAL_GPIO_WritePin  stm32f4xx_hal_gpio.o
    0x08004750   0x08004750   0x0000000c   Code   RO         4518    i.HAL_GetTick       stm32f4xx_hal.o
    0x0800475c   0x0800475c   0x000001b8   Code   RO         1154    i.HAL_I2C_Init      stm32f4xx_hal_i2c.o
    0x08004914   0x08004914   0x00000208   Code   RO          468    i.HAL_I2C_MspInit   i2c.o
    0x08004b1c   0x08004b1c   0x00000018   Code   RO         4524    i.HAL_IncTick       stm32f4xx_hal.o
    0x08004b34   0x08004b34   0x0000003c   Code   RO         4525    i.HAL_Init          stm32f4xx_hal.o
    0x08004b70   0x08004b70   0x0000004c   Code   RO         4526    i.HAL_InitTick      stm32f4xx_hal.o
    0x08004bbc   0x08004bbc   0x00000054   Code   RO          759    i.HAL_MspInit       stm32f4xx_hal_msp.o
    0x08004c10   0x08004c10   0x00000020   Code   RO         4370    i.HAL_NVIC_EnableIRQ  stm32f4xx_hal_cortex.o
    0x08004c30   0x08004c30   0x0000007c   Code   RO         4376    i.HAL_NVIC_SetPriority  stm32f4xx_hal_cortex.o
    0x08004cac   0x08004cac   0x00000028   Code   RO         4377    i.HAL_NVIC_SetPriorityGrouping  stm32f4xx_hal_cortex.o
    0x08004cd4   0x08004cd4   0x000001a0   Code   RO         3687    i.HAL_RCCEx_PeriphCLKConfig  stm32f4xx_hal_rcc_ex.o
    0x08004e74   0x08004e74   0x00000180   Code   RO         3582    i.HAL_RCC_ClockConfig  stm32f4xx_hal_rcc.o
    0x08004ff4   0x08004ff4   0x0000000c   Code   RO         3587    i.HAL_RCC_GetHCLKFreq  stm32f4xx_hal_rcc.o
    0x08005000   0x08005000   0x00000020   Code   RO         3589    i.HAL_RCC_GetPCLK1Freq  stm32f4xx_hal_rcc.o
    0x08005020   0x08005020   0x00000020   Code   RO         3590    i.HAL_RCC_GetPCLK2Freq  stm32f4xx_hal_rcc.o
    0x08005040   0x08005040   0x000000b0   Code   RO         3591    i.HAL_RCC_GetSysClockFreq  stm32f4xx_hal_rcc.o
    0x080050f0   0x080050f0   0x00000448   Code   RO         3594    i.HAL_RCC_OscConfig  stm32f4xx_hal_rcc.o
    0x08005538   0x08005538   0x000000d8   Code   RO         1631    i.HAL_RTC_Init      stm32f4xx_hal_rtc.o
    0x08005610   0x08005610   0x00000018   Code   RO          522    i.HAL_RTC_MspInit   rtc.o
    0x08005628   0x08005628   0x0000003a   Code   RO         1639    i.HAL_RTC_WaitForSynchro  stm32f4xx_hal_rtc.o
    0x08005662   0x08005662   0x0000008c   Code   RO         2000    i.HAL_SPI_Init      stm32f4xx_hal_spi.o
    0x080056ee   0x080056ee   0x00000002   PAD
    0x080056f0   0x080056f0   0x000001cc   Code   RO          564    i.HAL_SPI_MspInit   spi.o
    0x080058bc   0x080058bc   0x0000022a   Code   RO         2009    i.HAL_SPI_TransmitReceive  stm32f4xx_hal_spi.o
    0x08005ae6   0x08005ae6   0x00000034   Code   RO         4381    i.HAL_SYSTICK_Config  stm32f4xx_hal_cortex.o
    0x08005b1a   0x08005b1a   0x00000054   Code   RO         3017    i.HAL_TIMEx_MasterConfigSynchronization  stm32f4xx_hal_tim_ex.o
    0x08005b6e   0x08005b6e   0x00000034   Code   RO         2313    i.HAL_TIM_Base_Init  stm32f4xx_hal_tim.o
    0x08005ba2   0x08005ba2   0x00000002   PAD
    0x08005ba4   0x08005ba4   0x0000011c   Code   RO          832    i.HAL_TIM_Base_MspInit  tim.o
    0x08005cc0   0x08005cc0   0x0000002a   Code   RO         2316    i.HAL_TIM_Base_Start  stm32f4xx_hal_tim.o
    0x08005cea   0x08005cea   0x00000108   Code   RO         2322    i.HAL_TIM_ConfigClockSource  stm32f4xx_hal_tim.o
    0x08005df2   0x08005df2   0x00000002   PAD
    0x08005df4   0x08005df4   0x000002c0   Code   RO          833    i.HAL_TIM_MspPostInit  tim.o
    0x080060b4   0x080060b4   0x00000108   Code   RO         2380    i.HAL_TIM_PWM_ConfigChannel  stm32f4xx_hal_tim.o
    0x080061bc   0x080061bc   0x00000034   Code   RO         2383    i.HAL_TIM_PWM_Init  stm32f4xx_hal_tim.o
    0x080061f0   0x080061f0   0x00000002   Code   RO         2385    i.HAL_TIM_PWM_MspInit  stm32f4xx_hal_tim.o
    0x080061f2   0x080061f2   0x00000002   PAD
    0x080061f4   0x080061f4   0x00000058   Code   RO         2388    i.HAL_TIM_PWM_Start  stm32f4xx_hal_tim.o
    0x0800624c   0x0800624c   0x00000072   Code   RO         3275    i.HAL_UART_Init     stm32f4xx_hal_uart.o
    0x080062be   0x080062be   0x00000002   PAD
    0x080062c0   0x080062c0   0x00000168   Code   RO          612    i.HAL_UART_MspInit  usart.o
    0x08006428   0x08006428   0x00000130   Code   RO         8318    i.H_K_R_Adjustment  kalman_filter.o
    0x08006558   0x08006558   0x00000004   Code   RO          667    i.HardFault_Handler  stm32f4xx_it.o
    0x0800655c   0x0800655c   0x00000374   Code   RO         7393    i.IMU_Param_Correction  ins_task.o
    0x080068d0   0x080068d0   0x00000238   Code   RO         8424    i.IMU_QuaternionEKF_F_Linearization_P_Fading  quaternionekf.o
    0x08006b08   0x08006b08   0x00000130   Code   RO         8425    i.IMU_QuaternionEKF_Init  quaternionekf.o
    0x08006c38   0x08006c38   0x00000034   Code   RO         8426    i.IMU_QuaternionEKF_Observe  quaternionekf.o
    0x08006c6c   0x08006c6c   0x00000128   Code   RO         8427    i.IMU_QuaternionEKF_SetH  quaternionekf.o
    0x08006d94   0x08006d94   0x00000624   Code   RO         8428    i.IMU_QuaternionEKF_Update  quaternionekf.o
    0x080073b8   0x080073b8   0x00000508   Code   RO         8429    i.IMU_QuaternionEKF_xhatUpdate  quaternionekf.o
    0x080078c0   0x080078c0   0x00000074   Code   RO         7394    i.IMU_Temperature_Ctrl  ins_task.o
    0x08007934   0x08007934   0x000000c4   Code   RO         7395    i.INS_Init          ins_task.o
    0x080079f8   0x080079f8   0x00000318   Code   RO         7396    i.INS_Task          ins_task.o
    0x08007d10   0x08007d10   0x0000001c   Code   RO         7397    i.INS_task          ins_task.o
    0x08007d2c   0x08007d2c   0x00000086   Code   RO         8827    i.KalmanFilter      kalman.o
    0x08007db2   0x08007db2   0x00000002   PAD
    0x08007db4   0x08007db4   0x0000070c   Code   RO         8319    i.Kalman_Filter_Init  kalman_filter.o
    0x080084c0   0x080084c0   0x00000050   Code   RO         8320    i.Kalman_Filter_Measure  kalman_filter.o
    0x08008510   0x08008510   0x00000068   Code   RO         8321    i.Kalman_Filter_P_Update  kalman_filter.o
    0x08008578   0x08008578   0x00000068   Code   RO         8322    i.Kalman_Filter_PminusUpdate  kalman_filter.o
    0x080085e0   0x080085e0   0x000000d2   Code   RO         8323    i.Kalman_Filter_SetK  kalman_filter.o
    0x080086b2   0x080086b2   0x00000002   PAD
    0x080086b4   0x080086b4   0x00000128   Code   RO         8324    i.Kalman_Filter_Update  kalman_filter.o
    0x080087dc   0x080087dc   0x0000007c   Code   RO         8325    i.Kalman_Filter_xhatMinusUpdate  kalman_filter.o
    0x08008858   0x08008858   0x00000086   Code   RO         8326    i.Kalman_Filter_xhatUpdate  kalman_filter.o
    0x080088de   0x080088de   0x000000a0   Code   RO         7588    i.LQR_K_Calc        chassis_task.o
    0x0800897e   0x0800897e   0x00000002   PAD
    0x08008980   0x08008980   0x00000070   Code   RO          785    i.MX_ADC1_Init      adc.o
    0x080089f0   0x080089f0   0x00000048   Code   RO          337    i.MX_CAN1_Init      can.o
    0x08008a38   0x08008a38   0x00000048   Code   RO          338    i.MX_CAN2_Init      can.o
    0x08008a80   0x08008a80   0x00000078   Code   RO          384    i.MX_DMA_Init       dma.o
    0x08008af8   0x08008af8   0x00000098   Code   RO          408    i.MX_FREERTOS_Init  freertos.o
    0x08008b90   0x08008b90   0x00000214   Code   RO          311    i.MX_GPIO_Init      gpio.o
    0x08008da4   0x08008da4   0x0000003c   Code   RO          469    i.MX_I2C1_Init      i2c.o
    0x08008de0   0x08008de0   0x0000003c   Code   RO          470    i.MX_I2C2_Init      i2c.o
    0x08008e1c   0x08008e1c   0x0000003c   Code   RO          471    i.MX_I2C3_Init      i2c.o
    0x08008e58   0x08008e58   0x00000034   Code   RO          523    i.MX_RTC_Init       rtc.o
    0x08008e8c   0x08008e8c   0x00000048   Code   RO          565    i.MX_SPI1_Init      spi.o
    0x08008ed4   0x08008ed4   0x00000048   Code   RO          566    i.MX_SPI2_Init      spi.o
    0x08008f1c   0x08008f1c   0x0000006c   Code   RO          834    i.MX_TIM10_Init     tim.o
    0x08008f88   0x08008f88   0x000000a4   Code   RO          837    i.MX_TIM4_Init      tim.o
    0x0800902c   0x0800902c   0x0000003c   Code   RO          613    i.MX_USART3_UART_Init  usart.o
    0x08009068   0x08009068   0x00000038   Code   RO          614    i.MX_USART6_UART_Init  usart.o
    0x080090a0   0x080090a0   0x00000004   Code   RO          668    i.MemManage_Handler  stm32f4xx_it.o
    0x080090a4   0x080090a4   0x00000088   Code   RO         8206    i.Motor_AK_MIT_Decode  chassismotor.o
    0x0800912c   0x0800912c   0x0000003c   Code   RO         7589    i.Motor_Init        chassis_task.o
    0x08009168   0x08009168   0x0000006e   Code   RO         9308    i.Motor_Offline_Detection  motor.o
    0x080091d6   0x080091d6   0x00000002   Code   RO          669    i.NMI_Handler       stm32f4xx_it.o
    0x080091d8   0x080091d8   0x0000024c   Code   RO         8494    i.OLS_Derivative    user_lib.o
    0x08009424   0x08009424   0x00000058   Code   RO         8495    i.OLS_Init          user_lib.o
    0x0800947c   0x0800947c   0x000001f0   Code   RO         8984    i.PID_Calc          pid.o
    0x0800966c   0x0800966c   0x000002d0   Code   RO         8857    i.PID_Calculate     controller.o
    0x0800993c   0x0800993c   0x000000bc   Code   RO         8858    i.PID_Init          controller.o
    0x080099f8   0x080099f8   0x00000020   Code   RO         7251    i.RC_Init           bsp_rc.o
    0x08009a18   0x08009a18   0x00000022   Code   RO         7839    i.RC_Offline_Detection  remote_control.o
    0x08009a3a   0x08009a3a   0x0000003e   Code   RO         1642    i.RTC_EnterInitMode  stm32f4xx_hal_rtc.o
    0x08009a78   0x08009a78   0x0000006c   Code   RO         2038    i.SPI_EndRxTxTransaction  stm32f4xx_hal_spi.o
    0x08009ae4   0x08009ae4   0x000000a8   Code   RO         2043    i.SPI_WaitFlagStateUntilTimeout  stm32f4xx_hal_spi.o
    0x08009b8c   0x08009b8c   0x000000f0   Code   RO         7840    i.Sbus_Parse        remote_control.o
    0x08009c7c   0x08009c7c   0x0000000c   Code   RO          670    i.SysTick_Handler   stm32f4xx_it.o
    0x08009c88   0x08009c88   0x000000d4   Code   RO           14    i.SystemClock_Config  main.o
    0x08009d5c   0x08009d5c   0x00000064   Code   RO         5036    i.SystemInit        system_stm32f4xx.o
    0x08009dc0   0x08009dc0   0x000000d8   Code   RO         2401    i.TIM_Base_SetConfig  stm32f4xx_hal_tim.o
    0x08009e98   0x08009e98   0x00000022   Code   RO         2402    i.TIM_CCxChannelCmd  stm32f4xx_hal_tim.o
    0x08009eba   0x08009eba   0x00000016   Code   RO         2412    i.TIM_ETR_SetConfig  stm32f4xx_hal_tim.o
    0x08009ed0   0x08009ed0   0x00000012   Code   RO         2413    i.TIM_ITRx_SetConfig  stm32f4xx_hal_tim.o
    0x08009ee2   0x08009ee2   0x00000002   PAD
    0x08009ee4   0x08009ee4   0x00000070   Code   RO         2414    i.TIM_OC1_SetConfig  stm32f4xx_hal_tim.o
    0x08009f54   0x08009f54   0x0000007c   Code   RO         2415    i.TIM_OC2_SetConfig  stm32f4xx_hal_tim.o
    0x08009fd0   0x08009fd0   0x00000078   Code   RO         2416    i.TIM_OC3_SetConfig  stm32f4xx_hal_tim.o
    0x0800a048   0x0800a048   0x00000054   Code   RO         2417    i.TIM_OC4_SetConfig  stm32f4xx_hal_tim.o
    0x0800a09c   0x0800a09c   0x0000003a   Code   RO         7011    i.TIM_Set_PWM       bsp_imu_pwm.o
    0x0800a0d6   0x0800a0d6   0x00000026   Code   RO         2419    i.TIM_TI1_ConfigInputStage  stm32f4xx_hal_tim.o
    0x0800a0fc   0x0800a0fc   0x00000028   Code   RO         2421    i.TIM_TI2_ConfigInputStage  stm32f4xx_hal_tim.o
    0x0800a124   0x0800a124   0x00000070   Code   RO         7255    i.UART_BSP_DMA_2Buf_Init  bsp_rc.o
    0x0800a194   0x0800a194   0x00000368   Code   RO         3302    i.UART_SetConfig    stm32f4xx_hal_uart.o
    0x0800a4fc   0x0800a4fc   0x00000134   Code   RO         7843    i.USART3_IRQHandler  remote_control.o
    0x0800a630   0x0800a630   0x000000f4   Code   RO         7193    i.USART6_IRQHandler  bsp_usart.o
    0x0800a724   0x0800a724   0x0000002c   Code   RO         8208    i.Uint_To_Float     chassismotor.o
    0x0800a750   0x0800a750   0x00000004   Code   RO          671    i.UsageFault_Handler  stm32f4xx_it.o
    0x0800a754   0x0800a754   0x000003e4   Code   RO         9125    i.VMC_calc_1        dm_vmc_test.o
    0x0800ab38   0x0800ab38   0x00000196   Code   RO         9126    i.VMC_calc_2        dm_vmc_test.o
    0x0800acce   0x0800acce   0x00000002   PAD
    0x0800acd0   0x0800acd0   0x00000034   Code   RO         9127    i.VMC_init          dm_vmc_test.o
    0x0800ad04   0x0800ad04   0x00000026   Code   RO         9976    i.__ARM_fpclassifyf  m_wm.l(fpclassifyf.o)
    0x0800ad2a   0x0800ad2a   0x00000002   PAD
    0x0800ad2c   0x0800ad2c   0x00000010   Code   RO         4383    i.__NVIC_GetPriorityGrouping  stm32f4xx_hal_cortex.o
    0x0800ad3c   0x0800ad3c   0x00000028   Code   RO         4384    i.__NVIC_SetPriority  stm32f4xx_hal_cortex.o
    0x0800ad64   0x0800ad64   0x00000118   Code   RO         9739    i.__hardfp_acosf    m_wm.l(acosf.o)
    0x0800ae7c   0x0800ae7c   0x0000012c   Code   RO         9751    i.__hardfp_asinf    m_wm.l(asinf.o)
    0x0800afa8   0x0800afa8   0x000002ac   Code   RO         9789    i.__hardfp_atan2f   m_wm.l(atan2f.o)
    0x0800b254   0x0800b254   0x00000048   Code   RO         9857    i.__hardfp_fmaxf    m_wm.l(fmaxf.o)
    0x0800b29c   0x0800b29c   0x00000048   Code   RO         9861    i.__hardfp_fminf    m_wm.l(fminf.o)
    0x0800b2e4   0x0800b2e4   0x0000007a   Code   RO         9865    i.__hardfp_sqrt     m_wm.l(sqrt_full.o)
    0x0800b35e   0x0800b35e   0x0000003a   Code   RO         9871    i.__hardfp_sqrtf    m_wm.l(sqrtf_full.o)
    0x0800b398   0x0800b398   0x00000006   Code   RO         9979    i.__mathlib_flt_infnan  m_wm.l(funder.o)
    0x0800b39e   0x0800b39e   0x00000006   Code   RO         9980    i.__mathlib_flt_infnan2  m_wm.l(funder.o)
    0x0800b3a4   0x0800b3a4   0x00000010   Code   RO         9981    i.__mathlib_flt_invalid  m_wm.l(funder.o)
    0x0800b3b4   0x0800b3b4   0x00000010   Code   RO         9984    i.__mathlib_flt_underflow  m_wm.l(funder.o)
    0x0800b3c4   0x0800b3c4   0x0000000e   Code   RO        10059    i.__scatterload_copy  mc_w.l(handlers.o)
    0x0800b3d2   0x0800b3d2   0x00000002   Code   RO        10060    i.__scatterload_null  mc_w.l(handlers.o)
    0x0800b3d4   0x0800b3d4   0x0000000e   Code   RO        10061    i.__scatterload_zeroinit  mc_w.l(handlers.o)
    0x0800b3e2   0x0800b3e2   0x00000002   PAD
    0x0800b3e4   0x0800b3e4   0x0000000c   Code   RO        10035    i.__set_errno       mc_w.l(errno.o)
    0x0800b3f0   0x0800b3f0   0x000009c0   Code   RO         7590    i.balancephase      chassis_task.o
    0x0800bdb0   0x0800bdb0   0x0000016c   Code   RO         7960    i.bmi088_accel_init  bmi088driver.o
    0x0800bf1c   0x0800bf1c   0x00000130   Code   RO         7961    i.bmi088_gyro_init  bmi088driver.o
    0x0800c04c   0x0800c04c   0x0000005c   Code   RO         6748    i.can_filter_init   bsp_can.o
    0x0800c0a8   0x0800c0a8   0x00000050   Code   RO         7400    i.chassis_data_fdb  ins_task.o
    0x0800c0f8   0x0800c0f8   0x00000038   Code   RO         7593    i.chassis_sent_test  chassis_task.o
    0x0800c130   0x0800c130   0x000000bc   Code   RO         7594    i.chassis_sys_calc  chassis_task.o
    0x0800c1ec   0x0800c1ec   0x00000058   Code   RO         7595    i.chassis_task      chassis_task.o
    0x0800c244   0x0800c244   0x000000fc   Code   RO         7596    i.chassis_torque_sent  chassis_task.o
    0x0800c340   0x0800c340   0x00000048   Code   RO         8217    i.controller_init   chassismotor.o
    0x0800c388   0x0800c388   0x00000048   Code   RO         8218    i.controller_setorigin  chassismotor.o
    0x0800c3d0   0x0800c3d0   0x0000001a   Code   RO         7788    i.currentKmFilter   current_task.o
    0x0800c3ea   0x0800c3ea   0x00000002   PAD
    0x0800c3ec   0x0800c3ec   0x0000002c   Code   RO         7789    i.currentTaskInit   current_task.o
    0x0800c418   0x0800c418   0x00000024   Code   RO         7790    i.current_task      current_task.o
    0x0800c43c   0x0800c43c   0x00000030   Code   RO         6916    i.delay_init        bsp_delay.o
    0x0800c46c   0x0800c46c   0x00000050   Code   RO         6917    i.delay_ms          bsp_delay.o
    0x0800c4bc   0x0800c4bc   0x000000f0   Code   RO         8861    i.f_Changing_Integration_Rate  controller.o
    0x0800c5ac   0x0800c5ac   0x00000056   Code   RO         8862    i.f_Derivative_Filter  controller.o
    0x0800c602   0x0800c602   0x000000f4   Code   RO         8863    i.f_Derivative_On_Measurement  controller.o
    0x0800c6f6   0x0800c6f6   0x00000002   PAD
    0x0800c6f8   0x0800c6f8   0x000000f0   Code   RO         8864    i.f_Integral_Limit  controller.o
    0x0800c7e8   0x0800c7e8   0x00000056   Code   RO         8865    i.f_Output_Filter   controller.o
    0x0800c83e   0x0800c83e   0x00000046   Code   RO         8866    i.f_Output_Limit    controller.o
    0x0800c884   0x0800c884   0x000000b4   Code   RO         8867    i.f_PID_ErrorHandle  controller.o
    0x0800c938   0x0800c938   0x00000046   Code   RO         8868    i.f_Proportion_Limit  controller.o
    0x0800c97e   0x0800c97e   0x00000080   Code   RO         8869    i.f_Trapezoid_Intergral  controller.o
    0x0800c9fe   0x0800c9fe   0x0000002a   Code   RO         8500    i.float_constrain   user_lib.o
    0x0800ca28   0x0800ca28   0x00000048   Code   RO         8502    i.float_rounding    user_lib.o
    0x0800ca70   0x0800ca70   0x0000004a   Code   RO         8219    i.float_to_uint     chassismotor.o
    0x0800caba   0x0800caba   0x00000002   PAD
    0x0800cabc   0x0800cabc   0x000001e0   Code   RO         7597    i.get_order         chassis_task.o
    0x0800cc9c   0x0800cc9c   0x0000003c   Code   RO         8430    i.invSqrt           quaternionekf.o
    0x0800ccd8   0x0800ccd8   0x000001d4   Code   RO         7598    i.jumpphase         chassis_task.o
    0x0800ceac   0x0800ceac   0x00000038   Code   RO         8828    i.kalmanCreate      kalman.o
    0x0800cee4   0x0800cee4   0x00000080   Code   RO           15    i.main              main.o
    0x0800cf64   0x0800cf64   0x0000000e   Code   RO         6093    i.makeFreeRtosPriority  cmsis_os.o
    0x0800cf72   0x0800cf72   0x00000002   PAD
    0x0800cf74   0x0800cf74   0x0000006c   Code   RO         9912    i.malloc            mc_w.l(malloc.o)
    0x0800cfe0   0x0800cfe0   0x00000028   Code   RO         7599    i.mySaturate        chassis_task.o
    0x0800d008   0x0800d008   0x00000018   Code   RO         6095    i.osDelay           cmsis_os.o
    0x0800d020   0x0800d020   0x0000001c   Code   RO         6096    i.osDelayUntil      cmsis_os.o
    0x0800d03c   0x0800d03c   0x0000000a   Code   RO         6098    i.osKernelStart     cmsis_os.o
    0x0800d046   0x0800d046   0x00000010   Code   RO         6131    i.osSystickHandler  cmsis_os.o
    0x0800d056   0x0800d056   0x0000005e   Code   RO         6132    i.osThreadCreate    cmsis_os.o
    0x0800d0b4   0x0800d0b4   0x000001d0   Code   RO         8220    i.pack_cmd          chassismotor.o
    0x0800d284   0x0800d284   0x0000017c   Code   RO         7600    i.phase_update      chassis_task.o
    0x0800d400   0x0800d400   0x0000005c   Code   RO         7194    i.powerDataTranslate  bsp_usart.o
    0x0800d45c   0x0800d45c   0x000000a4   Code   RO         5591    i.prvAddCurrentTaskToDelayedList  tasks.o
    0x0800d500   0x0800d500   0x000000b4   Code   RO         5592    i.prvAddNewTaskToReadyList  tasks.o
    0x0800d5b4   0x0800d5b4   0x00000074   Code   RO         5940    i.prvCheckForValidListAndQueue  timers.o
    0x0800d628   0x0800d628   0x00000048   Code   RO         5593    i.prvCheckTasksWaitingTermination  tasks.o
    0x0800d670   0x0800d670   0x0000002a   Code   RO         5244    i.prvCopyDataFromQueue  queue.o
    0x0800d69a   0x0800d69a   0x0000007c   Code   RO         5245    i.prvCopyDataToQueue  queue.o
    0x0800d716   0x0800d716   0x00000050   Code   RO         5594    i.prvDeleteTCB      tasks.o
    0x0800d766   0x0800d766   0x00000002   PAD
    0x0800d768   0x0800d768   0x00000028   Code   RO         5941    i.prvGetNextExpireTime  timers.o
    0x0800d790   0x0800d790   0x0000007c   Code   RO         6475    i.prvHeapInit       heap_4.o
    0x0800d80c   0x0800d80c   0x00000028   Code   RO         5595    i.prvIdleTask       tasks.o
    0x0800d834   0x0800d834   0x00000026   Code   RO         5248    i.prvInitialiseNewQueue  queue.o
    0x0800d85a   0x0800d85a   0x000000b8   Code   RO         5596    i.prvInitialiseNewTask  tasks.o
    0x0800d912   0x0800d912   0x00000002   PAD
    0x0800d914   0x0800d914   0x00000068   Code   RO         5597    i.prvInitialiseTaskLists  tasks.o
    0x0800d97c   0x0800d97c   0x00000068   Code   RO         6476    i.prvInsertBlockIntoFreeList  heap_4.o
    0x0800d9e4   0x0800d9e4   0x00000058   Code   RO         5943    i.prvInsertTimerInActiveList  timers.o
    0x0800da3c   0x0800da3c   0x0000001a   Code   RO         5249    i.prvIsQueueEmpty   queue.o
    0x0800da56   0x0800da56   0x0000001e   Code   RO         5250    i.prvIsQueueFull    queue.o
    0x0800da74   0x0800da74   0x00000064   Code   RO         5944    i.prvProcessExpiredTimer  timers.o
    0x0800dad8   0x0800dad8   0x00000128   Code   RO         5945    i.prvProcessReceivedCommands  timers.o
    0x0800dc00   0x0800dc00   0x00000074   Code   RO         5946    i.prvProcessTimerOrBlockTask  timers.o
    0x0800dc74   0x0800dc74   0x00000034   Code   RO         5598    i.prvResetNextTaskUnblockTime  tasks.o
    0x0800dca8   0x0800dca8   0x0000002c   Code   RO         5947    i.prvSampleTimeNow  timers.o
    0x0800dcd4   0x0800dcd4   0x000000a0   Code   RO         5948    i.prvSwitchTimerLists  timers.o
    0x0800dd74   0x0800dd74   0x00000040   Code   RO         6525    i.prvTaskExitError  port.o
    0x0800ddb4   0x0800ddb4   0x0000001a   Code   RO         5949    i.prvTimerTask      timers.o
    0x0800ddce   0x0800ddce   0x0000007e   Code   RO         5251    i.prvUnlockQueue    queue.o
    0x0800de4c   0x0800de4c   0x0000013c   Code   RO         6477    i.pvPortMalloc      heap_4.o
    0x0800df88   0x0800df88   0x0000002c   Code   RO         6526    i.pxPortInitialiseStack  port.o
    0x0800dfb4   0x0800dfb4   0x00000020   Code   RO         7845    i.remote_control_init  remote_control.o
    0x0800dfd4   0x0800dfd4   0x0000004c   Code   RO         7604    i.safe              chassis_task.o
    0x0800e020   0x0800e020   0x00000074   Code   RO         8509    i.slope_following   user_lib.o
    0x0800e094   0x0800e094   0x0000003e   Code   RO         9873    i.sqrtf             m_wm.l(sqrtf_full.o)
    0x0800e0d2   0x0800e0d2   0x00000002   PAD
    0x0800e0d4   0x0800e0d4   0x000000e8   Code   RO         7195    i.statusDataTranslate  bsp_usart.o
    0x0800e1bc   0x0800e1bc   0x00000364   Code   RO         7507    i.test_task         test_task.o
    0x0800e520   0x0800e520   0x00000034   Code   RO         6749    i.uint_to_float     bsp_can.o
    0x0800e554   0x0800e554   0x00000020   Code   RO         7917    i.update_task       update_task.o
    0x0800e574   0x0800e574   0x00000028   Code   RO         5204    i.uxListRemove      list.o
    0x0800e59c   0x0800e59c   0x00000018   Code   RO          410    i.vApplicationGetIdleTaskMemory  freertos.o
    0x0800e5b4   0x0800e5b4   0x00000018   Code   RO          411    i.vApplicationGetTimerTaskMemory  freertos.o
    0x0800e5cc   0x0800e5cc   0x0000001a   Code   RO         5205    i.vListInitialise   list.o
    0x0800e5e6   0x0800e5e6   0x00000006   Code   RO         5206    i.vListInitialiseItem  list.o
    0x0800e5ec   0x0800e5ec   0x00000034   Code   RO         5207    i.vListInsert       list.o
    0x0800e620   0x0800e620   0x00000018   Code   RO         5208    i.vListInsertEnd    list.o
    0x0800e638   0x0800e638   0x00000054   Code   RO         6528    i.vPortEnterCritical  port.o
    0x0800e68c   0x0800e68c   0x0000003c   Code   RO         6529    i.vPortExitCritical  port.o
    0x0800e6c8   0x0800e6c8   0x00000094   Code   RO         6478    i.vPortFree         heap_4.o
    0x0800e75c   0x0800e75c   0x00000028   Code   RO         6530    i.vPortSetupTimerInterrupt  port.o
    0x0800e784   0x0800e784   0x00000078   Code   RO         6531    i.vPortValidateInterruptPriority  port.o
    0x0800e7fc   0x0800e7fc   0x0000002c   Code   RO         5255    i.vQueueAddToRegistry  queue.o
    0x0800e828   0x0800e828   0x0000004a   Code   RO         5258    i.vQueueWaitForMessageRestricted  queue.o
    0x0800e872   0x0800e872   0x00000002   PAD
    0x0800e874   0x0800e874   0x0000005c   Code   RO         5609    i.vTaskDelay        tasks.o
    0x0800e8d0   0x0800e8d0   0x000000d4   Code   RO         5610    i.vTaskDelayUntil   tasks.o
    0x0800e9a4   0x0800e9a4   0x00000018   Code   RO         5613    i.vTaskInternalSetTimeOutState  tasks.o
    0x0800e9bc   0x0800e9bc   0x0000000c   Code   RO         5614    i.vTaskMissedYield  tasks.o
    0x0800e9c8   0x0800e9c8   0x00000038   Code   RO         5616    i.vTaskPlaceOnEventList  tasks.o
    0x0800ea00   0x0800ea00   0x00000040   Code   RO         5617    i.vTaskPlaceOnEventListRestricted  tasks.o
    0x0800ea40   0x0800ea40   0x000000b8   Code   RO         5624    i.vTaskStartScheduler  tasks.o
    0x0800eaf8   0x0800eaf8   0x00000010   Code   RO         5626    i.vTaskSuspendAll   tasks.o
    0x0800eb08   0x0800eb08   0x0000008c   Code   RO         5627    i.vTaskSwitchContext  tasks.o
    0x0800eb94   0x0800eb94   0x00000168   Code   RO         6532    i.xPortStartScheduler  port.o
    0x0800ecfc   0x0800ecfc   0x00000034   Code   RO         6533    i.xPortSysTickHandler  port.o
    0x0800ed30   0x0800ed30   0x000000de   Code   RO         5262    i.xQueueGenericCreateStatic  queue.o
    0x0800ee0e   0x0800ee0e   0x00000002   PAD
    0x0800ee10   0x0800ee10   0x00000098   Code   RO         5263    i.xQueueGenericReset  queue.o
    0x0800eea8   0x0800eea8   0x000001a8   Code   RO         5264    i.xQueueGenericSend  queue.o
    0x0800f050   0x0800f050   0x000000f8   Code   RO         5265    i.xQueueGenericSendFromISR  queue.o
    0x0800f148   0x0800f148   0x00000168   Code   RO         5273    i.xQueueReceive     queue.o
    0x0800f2b0   0x0800f2b0   0x000000a8   Code   RO         5629    i.xTaskCheckForTimeOut  tasks.o
    0x0800f358   0x0800f358   0x00000064   Code   RO         5630    i.xTaskCreate       tasks.o
    0x0800f3bc   0x0800f3bc   0x000000b8   Code   RO         5631    i.xTaskCreateStatic  tasks.o
    0x0800f474   0x0800f474   0x00000020   Code   RO         5636    i.xTaskGetSchedulerState  tasks.o
    0x0800f494   0x0800f494   0x0000000c   Code   RO         5637    i.xTaskGetTickCount  tasks.o
    0x0800f4a0   0x0800f4a0   0x00000148   Code   RO         5639    i.xTaskIncrementTick  tasks.o
    0x0800f5e8   0x0800f5e8   0x000000c8   Code   RO         5642    i.xTaskPriorityDisinherit  tasks.o
    0x0800f6b0   0x0800f6b0   0x00000098   Code   RO         5644    i.xTaskRemoveFromEventList  tasks.o
    0x0800f748   0x0800f748   0x00000104   Code   RO         5645    i.xTaskResumeAll    tasks.o
    0x0800f84c   0x0800f84c   0x00000078   Code   RO         5954    i.xTimerCreateTimerTask  timers.o
    0x0800f8c4   0x0800f8c4   0x00000084   Code   RO         5955    i.xTimerGenericCommand  timers.o
    0x0800f948   0x0800f948   0x00000070   Code   RO         7508    i.xvEstimateKF_Init  test_task.o
    0x0800f9b8   0x0800f9b8   0x0000004c   Code   RO         7509    i.xvEstimateKF_Update  test_task.o
    0x0800fa04   0x0800fa04   0x0000008c   Data   RO          413    .constdata          freertos.o
    0x0800fa90   0x0800fa90   0x00000008   Data   RO         4100    .constdata          stm32f4xx_hal_dma.o
    0x0800fa98   0x0800fa98   0x00000018   Data   RO         5037    .constdata          system_stm32f4xx.o
    0x0800fab0   0x0800fab0   0x00000030   Data   RO         7402    .constdata          ins_task.o
    0x0800fae0   0x0800fae0   0x00000010   Data   RO         7511    .constdata          test_task.o
    0x0800faf0   0x0800faf0   0x00000090   Data   RO         8432    .constdata          quaternionekf.o
    0x0800fb80   0x0800fb80   0x00000804   Data   RO         9716    .constdata          arm_cortexM4lf_math.lib(arm_common_tables.o)
    0x08010384   0x08010384   0x00000031   Data   RO          414    .conststring        freertos.o
    0x080103b5   0x080103b5   0x00000003   PAD
    0x080103b8   0x080103b8   0x00000020   Data   RO        10057    Region$$Table       anon$$obj.o


    Execution Region RW_IRAM1 (Exec base: 0x20000000, Load base: 0x080103d8, Size: 0x0000cab0, Max: 0x00020000, ABSOLUTE, COMPRESSED[0x000001b4])

    Exec Addr    Load Addr    Size         Type   Attr      Idx    E Section Name        Object

    0x20000000   COMPRESSED   0x00000004   Data   RW          340    .data               can.o
    0x20000004   COMPRESSED   0x00000014   Data   RW          415    .data               freertos.o
    0x20000018   COMPRESSED   0x00000009   Data   RW         4532    .data               stm32f4xx_hal.o
    0x20000021   COMPRESSED   0x00000003   PAD
    0x20000024   COMPRESSED   0x00000004   Data   RW         5038    .data               system_stm32f4xx.o
    0x20000028   COMPRESSED   0x0000003c   Data   RW         5648    .data               tasks.o
    0x20000064   COMPRESSED   0x00000014   Data   RW         5963    .data               timers.o
    0x20000078   COMPRESSED   0x00000018   Data   RW         6483    .data               heap_4.o
    0x20000090   COMPRESSED   0x0000000c   Data   RW         6534    .data               port.o
    0x2000009c   COMPRESSED   0x00000018   Data   RW         6751    .data               bsp_can.o
    0x200000b4   COMPRESSED   0x00000008   Data   RW         6919    .data               bsp_delay.o
    0x200000bc   COMPRESSED   0x00000020   Data   RW         7197    .data               bsp_usart.o
    0x200000dc   COMPRESSED   0x00000004   PAD
    0x200000e0   COMPRESSED   0x00000040   Data   RW         7322    .data               bsp_dwt.o
    0x20000120   COMPRESSED   0x0000004c   Data   RW         7403    .data               ins_task.o
    0x2000016c   COMPRESSED   0x00000094   Data   RW         7512    .data               test_task.o
    0x20000200   COMPRESSED   0x000001cb   Data   RW         7608    .data               chassis_task.o
    0x200003cb   COMPRESSED   0x00000001   PAD
    0x200003cc   COMPRESSED   0x0000000a   Data   RW         7847    .data               remote_control.o
    0x200003d6   COMPRESSED   0x00000002   PAD
    0x200003d8   COMPRESSED   0x00000048   Data   RW         7963    .data               bmi088driver.o
    0x20000420   COMPRESSED   0x00000004   Data   RW         8040    .data               bmi088middleware.o
    0x20000424   COMPRESSED   0x00000018   Data   RW         8222    .data               chassismotor.o
    0x2000043c   COMPRESSED   0x00000004   Data   RW         8327    .data               kalman_filter.o
    0x20000440   COMPRESSED   0x000000d4   Data   RW         8433    .data               quaternionekf.o
    0x20000514   COMPRESSED   0x00000018   Data   RW         8511    .data               user_lib.o
    0x2000052c   COMPRESSED   0x00000270   Data   RW         8870    .data               controller.o
    0x2000079c   COMPRESSED   0x00000008   Data   RW         9128    .data               dm_vmc_test.o
    0x200007a4   COMPRESSED   0x00000028   Data   RW         9253    .data               debug.o
    0x200007cc   COMPRESSED   0x00000002   Data   RW         9279    .data               filter.o
    0x200007ce   COMPRESSED   0x00000002   PAD
    0x200007d0   COMPRESSED   0x00000004   Data   RW        10031    .data               mc_w.l(mvars.o)
    0x200007d4   COMPRESSED   0x00000004   Data   RW        10032    .data               mc_w.l(mvars.o)
    0x200007d8   COMPRESSED   0x00000004   Data   RW        10036    .data               mc_w.l(errno.o)
    0x200007dc        -       0x00000050   Zero   RW          339    .bss                can.o
    0x2000082c        -       0x000006a8   Zero   RW          412    .bss                freertos.o
    0x20000ed4        -       0x0000015c   Zero   RW          472    .bss                i2c.o
    0x20001030        -       0x00000020   Zero   RW          524    .bss                rtc.o
    0x20001050        -       0x00000170   Zero   RW          567    .bss                spi.o
    0x200011c0        -       0x000000e0   Zero   RW          615    .bss                usart.o
    0x200012a0        -       0x00000090   Zero   RW          787    .bss                adc.o
    0x20001330        -       0x00000180   Zero   RW          840    .bss                tim.o
    0x200014b0        -       0x00000040   Zero   RW         5276    .bss                queue.o
    0x200014f0        -       0x000000f0   Zero   RW         5647    .bss                tasks.o
    0x200015e0        -       0x00000110   Zero   RW         5962    .bss                timers.o
    0x200016f0        -       0x00006000   Zero   RW         6482    .bss                heap_4.o
    0x200076f0        -       0x000001a0   Zero   RW         6750    .bss                bsp_can.o
    0x20007890        -       0x00000056   Zero   RW         7196    .bss                bsp_usart.o
    0x200078e6   COMPRESSED   0x00000002   PAD
    0x200078e8        -       0x0000014a   Zero   RW         7401    .bss                ins_task.o
    0x20007a32   COMPRESSED   0x00000002   PAD
    0x20007a34        -       0x0000016c   Zero   RW         7510    .bss                test_task.o
    0x20007ba0        -       0x00000b88   Zero   RW         7606    .bss                chassis_task.o
    0x20008728        -       0x00000038   Zero   RW         7791    .bss                current_task.o
    0x20008760        -       0x00000062   Zero   RW         7846    .bss                remote_control.o
    0x200087c2   COMPRESSED   0x00000002   PAD
    0x200087c4        -       0x00000040   Zero   RW         7962    .bss                bmi088driver.o
    0x20008804        -       0x00000018   Zero   RW         8221    .bss                chassismotor.o
    0x2000881c   COMPRESSED   0x00000004   PAD
    0x20008820        -       0x00000270   Zero   RW         8431    .bss                quaternionekf.o
    0x20008a90        -       0x0000001a   Zero   RW         9309    .bss                motor.o
    0x20008aaa   COMPRESSED   0x00000006   PAD
    0x20008ab0        -       0x00002000   Zero   RW            2    HEAP                startup_stm32f407xx.o
    0x2000aab0        -       0x00002000   Zero   RW            1    STACK               startup_stm32f407xx.o


==============================================================================

Image component sizes


      Code (inc. data)   RO Data    RW Data    ZI Data      Debug   Object Name

       284         30          0          0        144       1931   adc.o
      2882        174          0         72         64      10705   bmi088driver.o
       116         30          0          4          0       3588   bmi088middleware.o
        94         12          0          0          0     595601   bsp_buzzer.o
      3180        174          0         24        416      24260   bsp_can.o
       128         20          0          8          0       1456   bsp_delay.o
       580        112          0         64          0       4982   bsp_dwt.o
       124         14          0          0          0        558   bsp_i2c.o
        58          0          0          0          0        990   bsp_imu_pwm.o
       144          8          0          0          0       1868   bsp_rc.o
       568         54          0         32         86       3029   bsp_usart.o
       496         44          0          4         80       2614   can.o
      5788        538          0        459       2952      19259   chassis_task.o
       862         72          0         24         24       6041   chassismotor.o
       186          0          0          0          0      26341   cmsis_os.o
      2252         38          0        624          0      13304   controller.o
         0          0          0          0          0       7536   croutine.o
       138         28          0          0         56       3870   current_task.o
         0          0          0         40          0        851   debug.o
       148          0          0          0          0       1909   dji_motor.o
      1454         20          0          8          0       2561   dm_vmc_test.o
       120          6          0          0          0        886   dma.o
         0          0          0          0          0      20568   event_groups.o
       308         20          0          2          0       1914   filter.o
       200         44        189         20       1704       3336   freertos.o
       532         28          0          0          0       1347   gpio.o
       692         62          0         24      24576       5075   heap_4.o
       700         80          0          0        348       3308   i2c.o
      2788        218         48         76        330      12107   ins_task.o
       190          6          0          0          0       2226   kalman.o
      3160         26          0          4          0      22983   kalman_filter.o
       148          0          0          0          0       3866   list.o
       342         22          0          0          0     782132   main.o
       110          0          0          0         26       1841   motor.o
       496          4          0          0          0       1403   pid.o
      1014         92          0         12          0      12617   port.o
      4140        234        144        212        624      10895   quaternionekf.o
      1910         20          0          0         64      17880   queue.o
       642         56          0         10         98       6100   remote_control.o
        76         16          0          0         32       1579   rtc.o
       604         54          0          0        368       2764   spi.o
        36          8        392          0      16384        884   startup_stm32f407xx.o
       212         36          0          9          0       4865   stm32f4xx_hal.o
      1362         54          0          0          0       4775   stm32f4xx_hal_adc.o
      2136          6          0          0          0      15179   stm32f4xx_hal_can.o
       304         22          0          0          0      34775   stm32f4xx_hal_cortex.o
       458         10          8          0          0       2943   stm32f4xx_hal_dma.o
       554         50          0          0          0       3736   stm32f4xx_hal_gpio.o
       440         18          0          0          0       2119   stm32f4xx_hal_i2c.o
        84          6          0          0          0        922   stm32f4xx_hal_msp.o
      1732         84          0          0          0       5836   stm32f4xx_hal_rcc.o
       416         20          0          0          0       1496   stm32f4xx_hal_rcc_ex.o
       336          4          0          0          0       2788   stm32f4xx_hal_rtc.o
       970          8          0          0          0       4721   stm32f4xx_hal_spi.o
      1572         90          0          0          0      13591   stm32f4xx_hal_tim.o
        84          0          0          0          0       1368   stm32f4xx_hal_tim_ex.o
       986          8          0          0          0       1936   stm32f4xx_hal_uart.o
       104         12          0          0          0       6705   stm32f4xx_it.o
         0          0          0          0          0        416   stream_buffer.o
       100         18         24          4          0       1287   system_stm32f4xx.o
      3112        366          0         60        240      27144   tasks.o
      1056        128         16        148        364      22295   test_task.o
      1260        124          0          0        384       4099   tim.o
      1238        124          0         20        272      27919   timers.o
        32          4          0          0          0       1958   update_task.o
       476         50          0          0        224       2634   usart.o
       906         26          0         24          0       7865   user_lib.o

    ----------------------------------------------------------------------
     57676       3632        856       2000      49876    1852337   Object Totals
         0          0         32          0          0          0   (incl. Generated)
        56          0          3         12         16          0   (incl. Padding)

    ----------------------------------------------------------------------

      Code (inc. data)   RO Data    RW Data    ZI Data      Debug   Library Member Name

         0          0       2052          0          0       4636   arm_common_tables.o
       120         12          0          0          0      16970   arm_cos_f32.o
       264          0          0          0          0       1482   arm_mat_add_f32.o
         8          0          0          0          0        843   arm_mat_init_f32.o
      1328          4          0          0          0       2718   arm_mat_inverse_f32.o
       316          4          0          0          0       1627   arm_mat_mult_f32.o
       264          0          0          0          0       1482   arm_mat_sub_f32.o
       276          0          0          0          0       1516   arm_mat_trans_f32.o
       116         12          0          0          0        658   arm_sin_f32.o
       280         46          0          0          0        176   acosf.o
       300         42          0          0          0        176   asinf.o
       684         90          0          0          0        208   atan2f.o
        72          0          0          0          0        148   fmaxf.o
        72          0          0          0          0        148   fminf.o
        38          0          0          0          0        116   fpclassifyf.o
        44         12          0          0          0        464   funder.o
       122          0          0          0          0        148   sqrt_full.o
       120          0          0          0          0        272   sqrtf_full.o
        86          0          0          0          0          0   __dczerorl2.o
         0          0          0          0          0          0   entry.o
         0          0          0          0          0          0   entry10a.o
         0          0          0          0          0          0   entry11a.o
         4          0          0          0          0          0   entry12b.o
         8          4          0          0          0          0   entry2.o
         4          0          0          0          0          0   entry5.o
         0          0          0          0          0          0   entry7b.o
         0          0          0          0          0          0   entry8b.o
         8          4          0          0          0          0   entry9a.o
        12          6          0          4          0         68   errno.o
        30          0          0          0          0          0   handlers.o
        36          8          0          0          0         68   init.o
         0          0          0          0          0          0   iusefp.o
        30          0          0          0          0         68   llshl.o
        36          0          0          0          0         68   llsshr.o
        32          0          0          0          0         68   llushr.o
       108         16          0          0          0         84   malloc.o
        36          0          0          0          0         68   memcpya.o
        36          0          0          0          0        108   memseta.o
         0          0          0          8          0          0   mvars.o
        98          0          0          0          0         92   uldiv.o
        56          0          0          0          0         88   d2f.o
       334          0          0          0          0        148   dadd.o
       186          0          0          0          0        176   depilogue.o
       162          0          0          0          0        100   dsqrt.o
        38          0          0          0          0         68   f2d.o
        54          0          0          0          0         68   fcmp4.o
       110          0          0          0          0        168   fepilogue.o

    ----------------------------------------------------------------------
      5936        260       2052         12          0      35296   Library Totals
         8          0          0          0          0          0   (incl. Padding)

    ----------------------------------------------------------------------

      Code (inc. data)   RO Data    RW Data    ZI Data      Debug   Library Name

      2692         32       2052          0          0      31932   arm_cortexM4lf_math.lib
      1732        190          0          0          0       1856   m_wm.l
       564         38          0         12          0        692   mc_w.l
       940          0          0          0          0        816   mf_w.l

    ----------------------------------------------------------------------
      5936        260       2052         12          0      35296   Library Totals

    ----------------------------------------------------------------------

==============================================================================


      Code (inc. data)   RO Data    RW Data    ZI Data      Debug   

     63612       3892       2908       2012      49876    1854941   Grand Totals
     63612       3892       2908        436      49876    1854941   ELF Image Totals (compressed)
     63612       3892       2908        436          0          0   ROM Totals

==============================================================================

    Total RO  Size (Code + RO Data)                66520 (  64.96kB)
    Total RW  Size (RW Data + ZI Data)             51888 (  50.67kB)
    Total ROM Size (Code + RO Data + RW Data)      66956 (  65.39kB)

==============================================================================

